2020-02-20 15:14:22.468 6455-6548/com.qualcomm.ftcrobotcontroller D/Uvc: [NativeVuforiaWebcam.h:305] ...NativeVuforiaWebcam::close()
2020-02-20 15:14:22.468 6455-6548/com.qualcomm.ftcrobotcontroller D/Uvc: [NativeVuforiaWebcam.h:273] NativeVuforiaWebcam::freeVuforiaWebcamNativeCallbacks()...
2020-02-20 15:14:22.468 6455-6548/com.qualcomm.ftcrobotcontroller D/Uvc: [NativeVuforiaWebcam.h:273] ...NativeVuforiaWebcam::freeVuforiaWebcamNativeCallbacks()
2020-02-20 15:14:22.468 6455-6548/com.qualcomm.ftcrobotcontroller D/Uvc: [NativeVuforiaWebcam.h:265] ...NativeVuforiaWebcam::free()
2020-02-20 15:14:22.468 6455-6548/com.qualcomm.ftcrobotcontroller D/Uvc: [NativeVuforiaWebcam.h:259] ...NativeVuforiaWebcam::~NativeVuforiaWebcam()
2020-02-20 15:14:22.468 6455-6548/com.qualcomm.ftcrobotcontroller D/UvcVuforiaWebcam: [NativeVuforiaWebcam.cpp:206] NativeVuforiaWebcam cref remaining=0
2020-02-20 15:14:22.468 6455-6548/com.qualcomm.ftcrobotcontroller D/Uvc: [NativeVuforiaWebcam.cpp:203] ...Java_org_firstinspires_ftc_robotcore_internal_vuforia_externalprovider_VuforiaWebcam_nativeReleaseVuforiaWebcam()
2020-02-20 15:14:22.471 6455-6548/com.qualcomm.ftcrobotcontroller I/RobotCore: Attempting to switch to op mode $Stop$Robot$
2020-02-20 15:14:22.473 6455-6535/com.qualcomm.ftcrobotcontroller V/Robocol: sending CMD_STREAM_CHANGE(14825), attempt: 0
2020-02-20 15:14:22.513 6455-6535/com.qualcomm.ftcrobotcontroller V/Robocol: sending CMD_NOTIFY_INIT_OP_MODE(14828), attempt: 0
2020-02-20 15:14:22.541 6455-6530/com.qualcomm.ftcrobotcontroller V/Robocol: received command: CMD_RUN_OP_MODE(28171) $Stop$Robot$
2020-02-20 15:14:22.553 6455-6535/com.qualcomm.ftcrobotcontroller V/Robocol: sending CMD_NOTIFY_RUN_OP_MODE(14833), attempt: 0
2020-02-20 15:14:40.660 6455-6530/com.qualcomm.ftcrobotcontroller V/Robocol: received command: CMD_INIT_OP_MODE(28402) $Stop$Robot$
2020-02-20 15:14:40.671 6455-6548/com.qualcomm.ftcrobotcontroller I/RobotCore: Attempting to switch to op mode $Stop$Robot$
2020-02-20 15:14:40.713 6455-6535/com.qualcomm.ftcrobotcontroller V/Robocol: sending CMD_NOTIFY_INIT_OP_MODE(15084), attempt: 0
2020-02-20 15:14:40.781 6455-6530/com.qualcomm.ftcrobotcontroller V/Robocol: received command: CMD_RUN_OP_MODE(28408) $Stop$Robot$
2020-02-20 15:14:40.794 6455-6535/com.qualcomm.ftcrobotcontroller V/Robocol: sending CMD_NOTIFY_RUN_OP_MODE(15091), attempt: 0
2020-02-20 15:14:43.262 6455-6530/com.qualcomm.ftcrobotcontroller V/Robocol: received command: CMD_INIT_OP_MODE(28443) $Stop$Robot$
2020-02-20 15:14:43.275 6455-6548/com.qualcomm.ftcrobotcontroller I/RobotCore: Attempting to switch to op mode $Stop$Robot$
2020-02-20 15:14:43.353 6455-6535/com.qualcomm.ftcrobotcontroller V/Robocol: sending CMD_NOTIFY_INIT_OP_MODE(15131), attempt: 0
2020-02-20 15:14:43.424 6455-6530/com.qualcomm.ftcrobotcontroller V/Robocol: received command: CMD_RUN_OP_MODE(28450) $Stop$Robot$
2020-02-20 15:14:43.473 6455-6535/com.qualcomm.ftcrobotcontroller V/Robocol: sending CMD_NOTIFY_RUN_OP_MODE(15137), attempt: 0
2020-02-20 15:14:44.101 6455-6530/com.qualcomm.ftcrobotcontroller V/Robocol: received command: CMD_SET_MATCH_NUMBER(28463) 0
2020-02-20 15:14:44.103 6455-6530/com.qualcomm.ftcrobotcontroller V/Robocol: received command: CMD_INIT_OP_MODE(28464) RedStoneSideAutoOp
2020-02-20 15:14:44.123 6455-6529/com.qualcomm.ftcrobotcontroller I/RobotCore: ******************** START - OPMODE RedStoneSideAutoOp ********************
2020-02-20 15:14:44.126 6455-6548/com.qualcomm.ftcrobotcontroller I/RobotCore: Attempting to switch to op mode RedStoneSideAutoOp
2020-02-20 15:14:44.271 6455-6548/com.qualcomm.ftcrobotcontroller V/ThreadPool: container(0x08773be3: LinearOpMode) added id=371 TID=0 count=1
2020-02-20 15:14:44.273 6455-6884/com.qualcomm.ftcrobotcontroller V/RobotCore: thread: 'LinearOpMode main' starting...
2020-02-20 15:14:44.313 6455-6535/com.qualcomm.ftcrobotcontroller V/Robocol: sending CMD_NOTIFY_INIT_OP_MODE(15159), attempt: 0
2020-02-20 15:14:44.331 6455-6884/com.qualcomm.ftcrobotcontroller I/RobotCore: LynxFirmwareVersionManager: LynxI2cDeviceSynchV2
2020-02-20 15:14:44.332 6455-6884/com.qualcomm.ftcrobotcontroller V/LynxI2cDeviceSynch: initializeHardware() mod#=2
2020-02-20 15:14:44.414 6455-6884/com.qualcomm.ftcrobotcontroller V/RobotCore: addr=false data=true arb=false clock=false
2020-02-20 15:14:44.414 6455-6884/com.qualcomm.ftcrobotcontroller E/LynxI2cDeviceSynch: readStatusQuery: cbExpected=1 cbRead=0
2020-02-20 15:14:44.415 6455-6884/com.qualcomm.ftcrobotcontroller E/LynxI2cDeviceSynch: placeholder: readStatusQuery
2020-02-20 15:14:44.478 6455-6884/com.qualcomm.ftcrobotcontroller V/RobotCore: addr=false data=true arb=false clock=false
2020-02-20 15:14:44.479 6455-6884/com.qualcomm.ftcrobotcontroller E/LynxI2cDeviceSynch: readStatusQuery: cbExpected=1 cbRead=0
2020-02-20 15:14:44.543 6455-6884/com.qualcomm.ftcrobotcontroller V/RobotCore: addr=false data=true arb=false clock=false
2020-02-20 15:14:44.544 6455-6884/com.qualcomm.ftcrobotcontroller E/LynxI2cDeviceSynch: readStatusQuery: cbExpected=1 cbRead=0
2020-02-20 15:14:44.608 6455-6884/com.qualcomm.ftcrobotcontroller V/RobotCore: addr=false data=true arb=false clock=false
2020-02-20 15:14:44.608 6455-6884/com.qualcomm.ftcrobotcontroller E/LynxI2cDeviceSynch: readStatusQuery: cbExpected=1 cbRead=0
2020-02-20 15:14:44.673 6455-6884/com.qualcomm.ftcrobotcontroller V/RobotCore: addr=false data=true arb=false clock=false
2020-02-20 15:14:44.673 6455-6884/com.qualcomm.ftcrobotcontroller E/LynxI2cDeviceSynch: readStatusQuery: cbExpected=1 cbRead=0
2020-02-20 15:14:45.089 6455-6884/com.qualcomm.ftcrobotcontroller W/IMU: re-issuing IMU mode: system status=IDLE expected=RUNNING_FUSION
2020-02-20 15:14:45.252 6455-6884/com.qualcomm.ftcrobotcontroller W/IMU: IMU initialization failed: system status=IDLE expected=RUNNING_FUSION
2020-02-20 15:14:45.252 6455-6884/com.qualcomm.ftcrobotcontroller W/IMU: retrying IMU initialization
2020-02-20 15:14:45.350 6455-6884/com.qualcomm.ftcrobotcontroller V/RobotCore: addr=false data=true arb=false clock=false
2020-02-20 15:14:45.351 6455-6884/com.qualcomm.ftcrobotcontroller E/LynxI2cDeviceSynch: readStatusQuery: cbExpected=1 cbRead=0
2020-02-20 15:14:45.351 6455-6884/com.qualcomm.ftcrobotcontroller E/LynxI2cDeviceSynch: placeholder: readStatusQuery
2020-02-20 15:14:45.427 6455-6884/com.qualcomm.ftcrobotcontroller V/RobotCore: addr=false data=true arb=false clock=false
2020-02-20 15:14:45.427 6455-6884/com.qualcomm.ftcrobotcontroller E/LynxI2cDeviceSynch: readStatusQuery: cbExpected=1 cbRead=0
2020-02-20 15:14:45.505 6455-6884/com.qualcomm.ftcrobotcontroller V/RobotCore: addr=false data=true arb=false clock=false
2020-02-20 15:14:45.505 6455-6884/com.qualcomm.ftcrobotcontroller E/LynxI2cDeviceSynch: readStatusQuery: cbExpected=1 cbRead=0
2020-02-20 15:14:45.582 6455-6884/com.qualcomm.ftcrobotcontroller V/RobotCore: addr=false data=true arb=false clock=false
2020-02-20 15:14:45.582 6455-6884/com.qualcomm.ftcrobotcontroller E/LynxI2cDeviceSynch: readStatusQuery: cbExpected=1 cbRead=0
2020-02-20 15:14:46.074 6455-6884/com.qualcomm.ftcrobotcontroller W/IMU: re-issuing IMU mode: system status=IDLE expected=RUNNING_FUSION
2020-02-20 15:14:46.269 6455-6884/com.qualcomm.ftcrobotcontroller I/RobotCore: LynxFirmwareVersionManager: LynxI2cDeviceSynchV2
2020-02-20 15:14:46.270 6455-6884/com.qualcomm.ftcrobotcontroller V/LynxI2cDeviceSynch: initializeHardware() mod#=1
2020-02-20 15:14:46.359 6455-6884/com.qualcomm.ftcrobotcontroller V/RobotCore: addr=false data=true arb=false clock=false
2020-02-20 15:14:46.360 6455-6884/com.qualcomm.ftcrobotcontroller E/LynxI2cDeviceSynch: readStatusQuery: cbExpected=1 cbRead=0
2020-02-20 15:14:46.360 6455-6884/com.qualcomm.ftcrobotcontroller E/LynxI2cDeviceSynch: placeholder: readStatusQuery
2020-02-20 15:14:46.426 6455-6884/com.qualcomm.ftcrobotcontroller V/RobotCore: addr=false data=true arb=false clock=false
2020-02-20 15:14:46.427 6455-6884/com.qualcomm.ftcrobotcontroller E/LynxI2cDeviceSynch: readStatusQuery: cbExpected=1 cbRead=0
2020-02-20 15:14:46.493 6455-6884/com.qualcomm.ftcrobotcontroller V/RobotCore: addr=false data=true arb=false clock=false
2020-02-20 15:14:46.493 6455-6884/com.qualcomm.ftcrobotcontroller E/LynxI2cDeviceSynch: readStatusQuery: cbExpected=1 cbRead=0
2020-02-20 15:14:46.559 6455-6884/com.qualcomm.ftcrobotcontroller V/RobotCore: addr=false data=true arb=false clock=false
2020-02-20 15:14:46.560 6455-6884/com.qualcomm.ftcrobotcontroller E/LynxI2cDeviceSynch: readStatusQuery: cbExpected=1 cbRead=0
2020-02-20 15:14:46.625 6455-6884/com.qualcomm.ftcrobotcontroller V/RobotCore: addr=false data=true arb=false clock=false
2020-02-20 15:14:46.626 6455-6884/com.qualcomm.ftcrobotcontroller E/LynxI2cDeviceSynch: readStatusQuery: cbExpected=1 cbRead=0
2020-02-20 15:14:47.058 6455-6884/com.qualcomm.ftcrobotcontroller W/IMU: re-issuing IMU mode: system status=IDLE expected=RUNNING_FUSION
2020-02-20 15:14:47.224 6455-6884/com.qualcomm.ftcrobotcontroller W/IMU: IMU initialization failed: system status=IDLE expected=RUNNING_FUSION
2020-02-20 15:14:47.224 6455-6884/com.qualcomm.ftcrobotcontroller W/IMU: retrying IMU initialization
2020-02-20 15:14:47.326 6455-6884/com.qualcomm.ftcrobotcontroller V/RobotCore: addr=false data=true arb=false clock=false
2020-02-20 15:14:47.326 6455-6884/com.qualcomm.ftcrobotcontroller E/LynxI2cDeviceSynch: readStatusQuery: cbExpected=1 cbRead=0
2020-02-20 15:14:47.327 6455-6884/com.qualcomm.ftcrobotcontroller E/LynxI2cDeviceSynch: placeholder: readStatusQuery
2020-02-20 15:14:47.405 6455-6884/com.qualcomm.ftcrobotcontroller V/RobotCore: addr=false data=true arb=false clock=false
2020-02-20 15:14:47.405 6455-6884/com.qualcomm.ftcrobotcontroller E/LynxI2cDeviceSynch: readStatusQuery: cbExpected=1 cbRead=0
2020-02-20 15:14:47.483 6455-6884/com.qualcomm.ftcrobotcontroller V/RobotCore: addr=false data=true arb=false clock=false
2020-02-20 15:14:47.483 6455-6884/com.qualcomm.ftcrobotcontroller E/LynxI2cDeviceSynch: readStatusQuery: cbExpected=1 cbRead=0
2020-02-20 15:14:47.561 6455-6884/com.qualcomm.ftcrobotcontroller V/RobotCore: addr=false data=true arb=false clock=false
2020-02-20 15:14:47.561 6455-6884/com.qualcomm.ftcrobotcontroller E/LynxI2cDeviceSynch: readStatusQuery: cbExpected=1 cbRead=0
2020-02-20 15:14:48.066 6455-6884/com.qualcomm.ftcrobotcontroller W/IMU: re-issuing IMU mode: system status=IDLE expected=RUNNING_FUSION
2020-02-20 15:14:48.265 6455-6885/com.qualcomm.ftcrobotcontroller D/TeamCode@OptimizedIMU: Starting integrator
2020-02-20 15:14:48.333 6455-6884/com.qualcomm.ftcrobotcontroller D/TeamCode@Command: Missing JSON key: elevator min power
2020-02-20 15:14:48.333 6455-6884/com.qualcomm.ftcrobotcontroller D/TeamCode@Somewhere: Create Intake
2020-02-20 15:14:48.386 6455-6884/com.qualcomm.ftcrobotcontroller D/TeamCode@Command: Missing JSON key: left foundation rest
2020-02-20 15:14:48.390 6455-6884/com.qualcomm.ftcrobotcontroller D/TeamCode@Command: Missing JSON key: right foundation rest
2020-02-20 15:14:48.408 6455-6884/com.qualcomm.ftcrobotcontroller D/TeamCode@Command: Missing JSON key: front sensor m
2020-02-20 15:14:48.408 6455-6884/com.qualcomm.ftcrobotcontroller D/TeamCode@Command: Missing JSON key: front sensor b
2020-02-20 15:14:48.408 6455-6884/com.qualcomm.ftcrobotcontroller D/TeamCode@AutoRunner: Init Command: PIVOT
2020-02-20 15:14:48.417 6455-6884/com.qualcomm.ftcrobotcontroller D/TeamCode@AutoRunner: Init Command: CLAW
2020-02-20 15:14:48.424 6455-6884/com.qualcomm.ftcrobotcontroller D/TeamCode@AutoRunner: Init Command: IDENTIFY SKYSTONE
2020-02-20 15:14:48.430 6455-6884/com.qualcomm.ftcrobotcontroller D/TeamCode@Command: Missing JSON key: webcam 1 x
2020-02-20 15:14:48.430 6455-6884/com.qualcomm.ftcrobotcontroller D/TeamCode@Command: Missing JSON key: webcam 1 y
2020-02-20 15:14:48.434 6455-6884/com.qualcomm.ftcrobotcontroller D/Vuforia: using camera by name: Webcam(61C44FD0)
2020-02-20 15:14:48.519 6455-6884/com.qualcomm.ftcrobotcontroller D/skia: JPEG Decode 53
2020-02-20 15:14:48.595 6455-6884/com.qualcomm.ftcrobotcontroller D/Uvc: [NativeVuforiaWebcam.cpp:176] Java_org_firstinspires_ftc_robotcore_internal_vuforia_externalprovider_VuforiaWebcam_nativePreVuforiaInit()...
2020-02-20 15:14:48.595 6455-6884/com.qualcomm.ftcrobotcontroller D/Uvc: [NativeVuforiaWebcam.h:135] NativeVuforiaWebcam::NativeVuforiaWebcam()...
2020-02-20 15:14:48.595 6455-6884/com.qualcomm.ftcrobotcontroller D/Uvc: [NativeVuforiaWebcam.h:135] ...NativeVuforiaWebcam::NativeVuforiaWebcam()
2020-02-20 15:14:48.595 6455-6884/com.qualcomm.ftcrobotcontroller D/UvcVuforiaWebcam: [NativeVuforiaWebcam.h:170] setting external vuforia library: libraryName='libRobotCore.so' pvUser=0xb89e8d00
2020-02-20 15:14:48.595 6455-6884/com.qualcomm.ftcrobotcontroller D/Uvc: [NativeVuforiaWebcam.cpp:176] ...Java_org_firstinspires_ftc_robotcore_internal_vuforia_externalprovider_VuforiaWebcam_nativePreVuforiaInit()
2020-02-20 15:14:48.595 6455-6884/com.qualcomm.ftcrobotcontroller V/NativeVuforiaWebcam: construct(pointer=0xb89e8d00)
2020-02-20 15:14:48.602 6455-6884/com.qualcomm.ftcrobotcontroller D/WebcamNameImpl: requesting permission for /dev/bus/usb/001/002
2020-02-20 15:14:48.602 6455-6884/com.qualcomm.ftcrobotcontroller V/WebcamNameImpl: asyncRequestUsbPermission()...
2020-02-20 15:14:48.605 6455-6884/com.qualcomm.ftcrobotcontroller D/WebcamNameImpl: permission already available for /dev/bus/usb/001/002
2020-02-20 15:14:48.605 6455-6884/com.qualcomm.ftcrobotcontroller V/WebcamNameImpl: ...asyncRequestUsbPermission()
2020-02-20 15:14:48.605 6455-6872/com.qualcomm.ftcrobotcontroller D/WebcamNameImpl: permission for /dev/bus/usb/001/002=true
2020-02-20 15:14:48.605 6455-6872/com.qualcomm.ftcrobotcontroller D/ContinuationSynchronizer: finish("permission request complete": true)...
2020-02-20 15:14:48.606 6455-6872/com.qualcomm.ftcrobotcontroller D/ContinuationSynchronizer: ...finish("permission request complete": true)
2020-02-20 15:14:48.606 6455-6884/com.qualcomm.ftcrobotcontroller D/Vuforia: Vuforia.init()...
2020-02-20 15:14:48.618 6455-6884/com.qualcomm.ftcrobotcontroller I/AR: Vuforia selected rendering API OpenGL ES 2.x
2020-02-20 15:14:48.618 6455-6884/com.qualcomm.ftcrobotcontroller I/AR: Vuforia SDK version 7.4.3
2020-02-20 15:14:48.634 6455-6884/com.qualcomm.ftcrobotcontroller D/Uvc: [NativeVuforiaWebcam.cpp:58] vuforiaext_getAPIVersion()...
2020-02-20 15:14:48.634 6455-6884/com.qualcomm.ftcrobotcontroller D/Uvc: [NativeVuforiaWebcam.cpp:58] ...vuforiaext_getAPIVersion()
2020-02-20 15:14:48.635 6455-6884/com.qualcomm.ftcrobotcontroller D/Uvc: [NativeVuforiaWebcam.cpp:67] vuforiaext_getLibraryVersion()...
2020-02-20 15:14:48.635 6455-6884/com.qualcomm.ftcrobotcontroller D/Uvc: [NativeVuforiaWebcam.cpp:67] ...vuforiaext_getLibraryVersion()
2020-02-20 15:14:48.635 6455-6884/com.qualcomm.ftcrobotcontroller D/Uvc: [NativeVuforiaWebcam.cpp:111] Vuforia::ExternalProvider::ExternalCamera *vuforiaext_createExternalCamera()...
2020-02-20 15:14:48.635 6455-6884/com.qualcomm.ftcrobotcontroller V/Uvc: API: Vuforia::ExternalProvider::ExternalCamera *vuforiaext_createExternalCamera: enter...
2020-02-20 15:14:48.635 6455-6884/com.qualcomm.ftcrobotcontroller D/Uvc: [VuforiaExternalProviderDelegator.h:64] VuforiaExternalProviderDelegator::VuforiaExternalProviderDelegator()...
2020-02-20 15:14:48.635 6455-6884/com.qualcomm.ftcrobotcontroller D/Uvc: [VuforiaExternalProviderDelegator.h:64] ...VuforiaExternalProviderDelegator::VuforiaExternalProviderDelegator()
2020-02-20 15:14:48.635 6455-6884/com.qualcomm.ftcrobotcontroller V/Uvc: API: Vuforia::ExternalProvider::ExternalCamera *vuforiaext_createExternalCamera: ...exit
2020-02-20 15:14:48.635 6455-6884/com.qualcomm.ftcrobotcontroller D/Uvc: [NativeVuforiaWebcam.cpp:111] ...Vuforia::ExternalProvider::ExternalCamera *vuforiaext_createExternalCamera()
2020-02-20 15:14:48.635 6455-6884/com.qualcomm.ftcrobotcontroller D/Uvc: [NativeVuforiaWebcam.cpp:141] vuforiaext_destroyExternalCamera()...
2020-02-20 15:14:48.635 6455-6884/com.qualcomm.ftcrobotcontroller V/Uvc: API: vuforiaext_destroyExternalCamera: enter...
2020-02-20 15:14:48.635 6455-6884/com.qualcomm.ftcrobotcontroller D/Uvc: [VuforiaExternalProviderDelegator.h:72] VuforiaExternalProviderDelegator::~VuforiaExternalProviderDelegator()...
2020-02-20 15:14:48.635 6455-6884/com.qualcomm.ftcrobotcontroller D/UvcVuforiaWebcam: [VuforiaExternalProviderDelegator.h:74] NativeVuforiaWebcam cref remaining=1
2020-02-20 15:14:48.635 6455-6884/com.qualcomm.ftcrobotcontroller D/Uvc: [VuforiaExternalProviderDelegator.h:72] ...VuforiaExternalProviderDelegator::~VuforiaExternalProviderDelegator()
2020-02-20 15:14:48.635 6455-6884/com.qualcomm.ftcrobotcontroller D/UvcVuforiaWebcam: [NativeVuforiaWebcam.cpp:153] delegator cref remaining=0
2020-02-20 15:14:48.635 6455-6884/com.qualcomm.ftcrobotcontroller V/Uvc: API: vuforiaext_destroyExternalCamera: ...exit
2020-02-20 15:14:48.635 6455-6884/com.qualcomm.ftcrobotcontroller D/Uvc: [NativeVuforiaWebcam.cpp:141] ...vuforiaext_destroyExternalCamera()
2020-02-20 15:14:48.656 6455-6466/com.qualcomm.ftcrobotcontroller I/art: Background partial concurrent mark sweep GC freed 342040(10MB) AllocSpace objects, 15(4MB) LOS objects, 26% free, 44MB/60MB, paused 1.539ms total 136.391ms
2020-02-20 15:14:48.678 6455-6884/com.qualcomm.ftcrobotcontroller I/AR: Detected and enabled use of an external source
2020-02-20 15:14:48.843 6455-6884/com.qualcomm.ftcrobotcontroller D/Vuforia: ...Vuforia.init()
2020-02-20 15:14:48.844 6455-6884/com.qualcomm.ftcrobotcontroller D/Uvc: [NativeVuforiaWebcam.cpp:216] Java_org_firstinspires_ftc_robotcore_internal_vuforia_externalprovider_VuforiaWebcam_nativePostVuforiaInit()...
2020-02-20 15:14:48.844 6455-6884/com.qualcomm.ftcrobotcontroller D/Uvc: [NativeVuforiaWebcam.cpp:216] ...Java_org_firstinspires_ftc_robotcore_internal_vuforia_externalprovider_VuforiaWebcam_nativePostVuforiaInit()
2020-02-20 15:14:48.844 6455-6884/com.qualcomm.ftcrobotcontroller D/UvcVuforiaWebcam: [NativeVuforiaWebcam.h:404] format map: uvc=3 vuforiaWebcam=1
2020-02-20 15:14:48.894 6455-6884/com.qualcomm.ftcrobotcontroller D/Uvc: [NativeVuforiaWebcam.cpp:58] vuforiaext_getAPIVersion()...
2020-02-20 15:14:48.894 6455-6884/com.qualcomm.ftcrobotcontroller D/Uvc: [NativeVuforiaWebcam.cpp:58] ...vuforiaext_getAPIVersion()
2020-02-20 15:14:48.894 6455-6884/com.qualcomm.ftcrobotcontroller D/Uvc: [NativeVuforiaWebcam.cpp:67] vuforiaext_getLibraryVersion()...
2020-02-20 15:14:48.894 6455-6884/com.qualcomm.ftcrobotcontroller D/Uvc: [NativeVuforiaWebcam.cpp:67] ...vuforiaext_getLibraryVersion()
2020-02-20 15:14:48.894 6455-6884/com.qualcomm.ftcrobotcontroller D/Uvc: [NativeVuforiaWebcam.cpp:111] Vuforia::ExternalProvider::ExternalCamera *vuforiaext_createExternalCamera()...
2020-02-20 15:14:48.894 6455-6884/com.qualcomm.ftcrobotcontroller V/Uvc: API: Vuforia::ExternalProvider::ExternalCamera *vuforiaext_createExternalCamera: enter...
2020-02-20 15:14:48.894 6455-6884/com.qualcomm.ftcrobotcontroller D/Uvc: [VuforiaExternalProviderDelegator.h:64] VuforiaExternalProviderDelegator::VuforiaExternalProviderDelegator()...
2020-02-20 15:14:48.894 6455-6884/com.qualcomm.ftcrobotcontroller D/Uvc: [VuforiaExternalProviderDelegator.h:64] ...VuforiaExternalProviderDelegator::VuforiaExternalProviderDelegator()
2020-02-20 15:14:48.894 6455-6884/com.qualcomm.ftcrobotcontroller V/Uvc: API: Vuforia::ExternalProvider::ExternalCamera *vuforiaext_createExternalCamera: ...exit
2020-02-20 15:14:48.894 6455-6884/com.qualcomm.ftcrobotcontroller D/Uvc: [NativeVuforiaWebcam.cpp:111] ...Vuforia::ExternalProvider::ExternalCamera *vuforiaext_createExternalCamera()
2020-02-20 15:14:48.894 6455-6884/com.qualcomm.ftcrobotcontroller D/Uvc: [NativeVuforiaWebcam.h:289] NativeVuforiaWebcam::open()...
2020-02-20 15:14:48.895 6455-6884/com.qualcomm.ftcrobotcontroller D/VuforiaWebcam: nativeCallbackOpen()...
2020-02-20 15:14:48.895 6455-6884/com.qualcomm.ftcrobotcontroller D/VuforiaWebcam: openCamera()...
2020-02-20 15:14:48.895 6455-6884/com.qualcomm.ftcrobotcontroller D/CameraManager: doOpenCamera()...
2020-02-20 15:14:48.895 6455-6884/com.qualcomm.ftcrobotcontroller D/CameraManager: requesting permission for camera: Webcam(61C44FD0)
2020-02-20 15:14:48.901 6455-6884/com.qualcomm.ftcrobotcontroller D/WebcamNameImpl: requesting permission for /dev/bus/usb/001/002
2020-02-20 15:14:48.901 6455-6884/com.qualcomm.ftcrobotcontroller V/WebcamNameImpl: asyncRequestUsbPermission()...
2020-02-20 15:14:48.903 6455-6884/com.qualcomm.ftcrobotcontroller D/WebcamNameImpl: permission already available for /dev/bus/usb/001/002
2020-02-20 15:14:48.903 6455-6884/com.qualcomm.ftcrobotcontroller V/WebcamNameImpl: ...asyncRequestUsbPermission()
2020-02-20 15:14:48.904 6455-6872/com.qualcomm.ftcrobotcontroller D/WebcamNameImpl: permission for /dev/bus/usb/001/002=true
2020-02-20 15:14:48.904 6455-6884/com.qualcomm.ftcrobotcontroller D/ContinuationSynchronizer: awaiting(camera open)...
2020-02-20 15:14:48.904 6455-6872/com.qualcomm.ftcrobotcontroller D/CameraManager: permission granted for camera: Webcam(61C44FD0)
2020-02-20 15:14:48.904 6455-6872/com.qualcomm.ftcrobotcontroller D/CameraManager: asyncOpenCamera(Webcam(61C44FD0))...
2020-02-20 15:14:48.904 6455-6872/com.qualcomm.ftcrobotcontroller D/CameraManager: asyncOpenWebcam(Webcam(61C44FD0))...
2020-02-20 15:14:48.905 6455-6872/com.qualcomm.ftcrobotcontroller V/UsbResiliantWebcam: construct(0x086b276a)
2020-02-20 15:14:48.905 6455-6872/com.qualcomm.ftcrobotcontroller D/UsbResiliantWebcam: openAssumingPermission()...
2020-02-20 15:14:48.908 6455-6872/com.qualcomm.ftcrobotcontroller D/UvcContext: usb device is *not* UVC compatible, /dev/bus/usb/003/003
2020-02-20 15:14:48.908 6455-6872/com.qualcomm.ftcrobotcontroller D/UvcContext: found webcam: usbPath=/dev/bus/usb/001/002 vid=1133 pid=2075 serial=61C44FD0 product=null
2020-02-20 15:14:48.908 6455-6872/com.qualcomm.ftcrobotcontroller D/Uvc: [jni_context.cpp:195] Java_org_firstinspires_ftc_robotcore_internal_camera_libuvc_nativeobject_UvcContext_nativeCreateUvcDevice()...
2020-02-20 15:14:48.908 6455-6872/com.qualcomm.ftcrobotcontroller V/Uvc: API: Java_org_firstinspires_ftc_robotcore_internal_camera_libuvc_nativeobject_UvcContext_nativeCreateUvcDevice: enter...
2020-02-20 15:14:48.909 6455-6872/com.qualcomm.ftcrobotcontroller D/libusb: [1008.813438] [00001ad8] libusb: debug [op_create] op_create: szUsbPath=/dev/bus/usb/001/002 szSysfsDir=1-1
2020-02-20 15:14:48.910 6455-6872/com.qualcomm.ftcrobotcontroller D/Uvc: [device.cpp:613] uvc_create_uvc_device()...
2020-02-20 15:14:48.910 6455-6872/com.qualcomm.ftcrobotcontroller D/Uvc: [libuvc/libuvc_internal.h:354] uvc_device::uvc_device()...
2020-02-20 15:14:48.910 6455-6872/com.qualcomm.ftcrobotcontroller D/Uvc: [libuvc/libuvc_internal.h:383] acquired vid=1133 & pid=2075
2020-02-20 15:14:48.910 6455-6872/com.qualcomm.ftcrobotcontroller D/Uvc: [libuvc/libuvc_internal.h:354] ...uvc_device::uvc_device()
2020-02-20 15:14:48.910 6455-6872/com.qualcomm.ftcrobotcontroller D/Uvc: [device.cpp:613] ...uvc_create_uvc_device() rc=0
2020-02-20 15:14:48.910 6455-6872/com.qualcomm.ftcrobotcontroller V/Uvc: API: Java_org_firstinspires_ftc_robotcore_internal_camera_libuvc_nativeobject_UvcContext_nativeCreateUvcDevice: ...exit
2020-02-20 15:14:48.910 6455-6872/com.qualcomm.ftcrobotcontroller D/Uvc: [jni_context.cpp:195] ...Java_org_firstinspires_ftc_robotcore_internal_camera_libuvc_nativeobject_UvcContext_nativeCreateUvcDevice()
2020-02-20 15:14:48.910 6455-6872/com.qualcomm.ftcrobotcontroller V/UvcDevice: construct(pointer=0xb88ff948|null)
2020-02-20 15:14:48.911 6455-6872/com.qualcomm.ftcrobotcontroller D/Uvc: [jni_device.cpp:108] Java_org_firstinspires_ftc_robotcore_internal_camera_libuvc_nativeobject_UvcDevice_nativeGetLibUsbDevice()...
2020-02-20 15:14:48.911 6455-6872/com.qualcomm.ftcrobotcontroller D/Uvc: [jni_device.cpp:108] ...Java_org_firstinspires_ftc_robotcore_internal_camera_libuvc_nativeobject_UvcDevice_nativeGetLibUsbDevice()
2020-02-20 15:14:48.911 6455-6872/com.qualcomm.ftcrobotcontroller V/LibUsbDevice: construct(pointer=0xe8819ec0)
2020-02-20 15:14:48.916 6455-6872/com.qualcomm.ftcrobotcontroller D/UvcDevice: open()...
2020-02-20 15:14:48.997 6455-6872/com.qualcomm.ftcrobotcontroller D/Uvc: [jni_device.cpp:50] Java_org_firstinspires_ftc_robotcore_internal_camera_libuvc_nativeobject_UvcDevice_nativeSetUsbDeviceInfo()...
2020-02-20 15:14:48.997 6455-6872/com.qualcomm.ftcrobotcontroller D/Uvc: [jni_device.cpp:50] ...Java_org_firstinspires_ftc_robotcore_internal_camera_libuvc_nativeobject_UvcDevice_nativeSetUsbDeviceInfo()
2020-02-20 15:14:48.997 6455-6872/com.qualcomm.ftcrobotcontroller D/Uvc: [jni_device.cpp:241] Java_org_firstinspires_ftc_robotcore_internal_camera_libuvc_nativeobject_UvcDevice_nativeOpenDeviceHandle()...
2020-02-20 15:14:48.997 6455-6872/com.qualcomm.ftcrobotcontroller V/Uvc: API: Java_org_firstinspires_ftc_robotcore_internal_camera_libuvc_nativeobject_UvcDevice_nativeOpenDeviceHandle: enter...
2020-02-20 15:14:48.997 6455-6872/com.qualcomm.ftcrobotcontroller D/Uvc: [device.cpp:279] uvc_open()...
2020-02-20 15:14:48.997 6455-6872/com.qualcomm.ftcrobotcontroller D/Uvc: [libuvc/libuvc_internal.h:364] uvc_device::open()...
2020-02-20 15:14:48.997 6455-6872/com.qualcomm.ftcrobotcontroller D/libusb: [1008.902166] [00001ad8] libusb: debug [op_open] op_open: szUsbPath=/dev/bus/usb/001/002
2020-02-20 15:14:48.998 6455-6872/com.qualcomm.ftcrobotcontroller D/Uvc: [libuvc/libuvc_internal.h:364] ...uvc_device::open() rc=0
2020-02-20 15:14:48.998 6455-6872/com.qualcomm.ftcrobotcontroller D/Uvc: [device.cpp:295] calling libusb_reset_device()...
2020-02-20 15:14:49.154 6455-6460/com.qualcomm.ftcrobotcontroller I/art: Do full code cache collection, code=252KB, data=232KB
2020-02-20 15:14:49.156 6455-6460/com.qualcomm.ftcrobotcontroller I/art: Starting a blocking GC JitCodeCache
2020-02-20 15:14:49.156 6455-6460/com.qualcomm.ftcrobotcontroller I/art: After code cache collection, code=219KB, data=197KB
2020-02-20 15:14:50.754 6455-6872/com.qualcomm.ftcrobotcontroller D/Uvc: [device.cpp:303] ...libusb_reset_device() called
2020-02-20 15:14:50.754 6455-6872/com.qualcomm.ftcrobotcontroller D/Uvc: [device.cpp:311] libusb_open() = 0
2020-02-20 15:14:50.754 6455-6872/com.qualcomm.ftcrobotcontroller D/Uvc: [libuvc/libuvc_internal.h:735] uvc_device_handle::uvc_device_handle()...
2020-02-20 15:14:50.754 6455-6872/com.qualcomm.ftcrobotcontroller D/Uvc: [libuvc/libuvc_internal.h:735] ...uvc_device_handle::uvc_device_handle()
2020-02-20 15:14:50.754 6455-6872/com.qualcomm.ftcrobotcontroller D/Uvc: [device.cpp:386] uvc_get_device_info()...
2020-02-20 15:14:50.754 6455-6872/com.qualcomm.ftcrobotcontroller D/libusb: [1010.659114] [00001ad8] libusb: debug [op_get_config_descriptor] op_get_config_descriptor: config_index=0
2020-02-20 15:14:50.754 6455-6872/com.qualcomm.ftcrobotcontroller D/libusb: [1010.659206] [00001ad8] libusb: debug [op_get_config_descriptor] op_get_config_descriptor: config_index=0
2020-02-20 15:14:50.755 6455-6872/com.qualcomm.ftcrobotcontroller D/Uvc: [device.cpp:986] uvc_scan_control()...
2020-02-20 15:14:50.755 6455-6872/com.qualcomm.ftcrobotcontroller D/Uvc: [device.cpp:1041] uvc_parse_vc_header()...
2020-02-20 15:14:50.755 6455-6872/com.qualcomm.ftcrobotcontroller D/Uvc: [device.cpp:1284] uvc_scan_streaming()...
2020-02-20 15:14:50.755 6455-6872/com.qualcomm.ftcrobotcontroller D/Uvc: [device.cpp:1340] uvc_parse_vs_input_header()...
2020-02-20 15:14:50.755 6455-6872/com.qualcomm.ftcrobotcontroller D/Uvc: [device.cpp:1340] ...uvc_parse_vs_input_header() rc=0
2020-02-20 15:14:50.755 6455-6872/com.qualcomm.ftcrobotcontroller D/Uvc: [device.cpp:1389] uvc_parse_vs_format_uncompressed()...
2020-02-20 15:14:50.755 6455-6872/com.qualcomm.ftcrobotcontroller D/Uvc: [device.cpp:1389] ...uvc_parse_vs_format_uncompressed() rc=0
2020-02-20 15:14:50.756 6455-6872/com.qualcomm.ftcrobotcontroller V/Uvc: [device.cpp:1630] unsupported descriptor subtype: 13 UVC_VS_COLORFORMAT
2020-02-20 15:14:50.756 6455-6872/com.qualcomm.ftcrobotcontroller D/Uvc: [device.cpp:1449] uvc_parse_vs_format_mjpeg()...
2020-02-20 15:14:50.756 6455-6872/com.qualcomm.ftcrobotcontroller D/Uvc: [device.cpp:1449] ...uvc_parse_vs_format_mjpeg() rc=0
2020-02-20 15:14:50.759 6455-6872/com.qualcomm.ftcrobotcontroller V/Uvc: [device.cpp:1630] unsupported descriptor subtype: 13 UVC_VS_COLORFORMAT
2020-02-20 15:14:50.759 6455-6872/com.qualcomm.ftcrobotcontroller D/Uvc: [device.cpp:1284] ...uvc_scan_streaming() rc=0
2020-02-20 15:14:50.759 6455-6872/com.qualcomm.ftcrobotcontroller D/Uvc: [device.cpp:1041] ...uvc_parse_vc_header() rc=0
2020-02-20 15:14:50.760 6455-6872/com.qualcomm.ftcrobotcontroller D/Uvc: [device.cpp:1083] uvc_parse_vc_input_terminal()...
2020-02-20 15:14:50.760 6455-6872/com.qualcomm.ftcrobotcontroller D/Uvc: [device.cpp:1083] ...uvc_parse_vc_input_terminal() rc=0
2020-02-20 15:14:50.760 6455-6872/com.qualcomm.ftcrobotcontroller D/Uvc: [device.cpp:1156] uvc_parse_vc_processing_unit()...
2020-02-20 15:14:50.760 6455-6872/com.qualcomm.ftcrobotcontroller D/Uvc: [device.cpp:1156] ...uvc_parse_vc_processing_unit() rc=0
2020-02-20 15:14:50.760 6455-6872/com.qualcomm.ftcrobotcontroller D/Uvc: [device.cpp:986] ...uvc_scan_control() rc=0
2020-02-20 15:14:50.760 6455-6872/com.qualcomm.ftcrobotcontroller D/Uvc: [device.cpp:386] ...uvc_get_device_info() rc=0
2020-02-20 15:14:50.760 6455-6872/com.qualcomm.ftcrobotcontroller D/Uvc: [device.cpp:326] claiming control interface 0
2020-02-20 15:14:50.760 6455-6872/com.qualcomm.ftcrobotcontroller D/Uvc: [libuvc/libuvc_internal.h:773] uvc_device_handle::claimInterface(idx=0)...
2020-02-20 15:14:50.761 6455-6872/com.qualcomm.ftcrobotcontroller D/UvcDevice: claimInterface(0)
2020-02-20 15:14:50.763 6455-6872/com.qualcomm.ftcrobotcontroller D/UvcDevice: claimInterface(0) succeeded
2020-02-20 15:14:50.763 6455-6872/com.qualcomm.ftcrobotcontroller D/Uvc: [libuvc/libuvc_internal.h:786] claimInterface(0) succeeded
2020-02-20 15:14:50.764 6455-6872/com.qualcomm.ftcrobotcontroller D/Uvc: [libuvc/libuvc_internal.h:773] ...uvc_device_handle::claimInterface() rc=0
2020-02-20 15:14:50.764 6455-6872/com.qualcomm.ftcrobotcontroller D/Uvc: [device.cpp:279] ...uvc_open() rc=0
2020-02-20 15:14:50.764 6455-6872/com.qualcomm.ftcrobotcontroller V/Uvc: API: Java_org_firstinspires_ftc_robotcore_internal_camera_libuvc_nativeobject_UvcDevice_nativeOpenDeviceHandle: ...exit
2020-02-20 15:14:50.764 6455-6872/com.qualcomm.ftcrobotcontroller D/Uvc: [jni_device.cpp:241] ...Java_org_firstinspires_ftc_robotcore_internal_camera_libuvc_nativeobject_UvcDevice_nativeOpenDeviceHandle()
2020-02-20 15:14:50.766 6455-6872/com.qualcomm.ftcrobotcontroller V/UvcDeviceHandle: construct(pointer=0xba43d650)
2020-02-20 15:14:50.770 6455-6872/com.qualcomm.ftcrobotcontroller V/CameraImpl: construct(0x029904f8)
2020-02-20 15:14:50.776 6455-6872/com.qualcomm.ftcrobotcontroller D/UsbResiliantWebcam.InterveningStateCallback: onOpened() camera=CameraImpl(UvcDeviceHandle(pointer=0xba43d650|UvcDevice(/dev/bus/usb/001/002)))...
2020-02-20 15:14:50.778 6455-6872/com.qualcomm.ftcrobotcontroller D/UsbResiliantWebcam: changeDelegatedCamera(null->CameraImpl(UvcDeviceHandle(pointer=0xba43d650|UvcDevice(/dev/bus/usb/001/002))))...
2020-02-20 15:14:50.779 6455-6872/com.qualcomm.ftcrobotcontroller D/UvcApiFocusControl: isModeSupported(Auto)...
2020-02-20 15:14:50.779 6455-6872/com.qualcomm.ftcrobotcontroller D/UvcApiFocusControl: ...isModeSupported(Auto): false
2020-02-20 15:14:50.780 6455-6872/com.qualcomm.ftcrobotcontroller D/UvcApiFocusControl: isModeSupported(ContinuousAuto)...
2020-02-20 15:14:50.780 6455-6872/com.qualcomm.ftcrobotcontroller D/UvcApiFocusControl: ...isModeSupported(ContinuousAuto): false
2020-02-20 15:14:50.780 6455-6872/com.qualcomm.ftcrobotcontroller D/UvcApiFocusControl: isModeSupported(Macro)...
2020-02-20 15:14:50.781 6455-6872/com.qualcomm.ftcrobotcontroller D/UvcApiFocusControl: ...isModeSupported(Macro): false
2020-02-20 15:14:50.781 6455-6872/com.qualcomm.ftcrobotcontroller D/UvcApiFocusControl: isModeSupported(Infinity)...
2020-02-20 15:14:50.781 6455-6872/com.qualcomm.ftcrobotcontroller D/UvcApiFocusControl: ...isModeSupported(Infinity): false
2020-02-20 15:14:50.782 6455-6872/com.qualcomm.ftcrobotcontroller D/UvcApiFocusControl: isModeSupported(Fixed)...
2020-02-20 15:14:50.782 6455-6872/com.qualcomm.ftcrobotcontroller D/UvcApiFocusControl: ...isModeSupported(Fixed): true
2020-02-20 15:14:50.782 6455-6872/com.qualcomm.ftcrobotcontroller D/UvcApiFocusControl: isFocusLengthSupported...
2020-02-20 15:14:50.783 6455-6872/com.qualcomm.ftcrobotcontroller D/UvcApiFocusControl: ...isFocusLengthSupported: false
2020-02-20 15:14:50.786 6455-6872/com.qualcomm.ftcrobotcontroller D/CachingExposureControl: onCameraChanged(null->CameraImpl(UvcDeviceHandle(pointer=0xba43d650|UvcDevice(/dev/bus/usb/001/002))))...
2020-02-20 15:14:50.787 6455-6872/com.qualcomm.ftcrobotcontroller D/UvcApiExposureControl: isModeSupported(Auto)...
2020-02-20 15:14:50.789 6455-6872/com.qualcomm.ftcrobotcontroller D/UvcApiExposureControl: ...isModeSupported(Auto): false
2020-02-20 15:14:50.789 6455-6872/com.qualcomm.ftcrobotcontroller D/UvcApiExposureControl: isModeSupported(ContinuousAuto)...
2020-02-20 15:14:50.792 6455-6872/com.qualcomm.ftcrobotcontroller D/UvcApiExposureControl: ...isModeSupported(ContinuousAuto): false
2020-02-20 15:14:50.792 6455-6872/com.qualcomm.ftcrobotcontroller D/UvcApiExposureControl: isModeSupported(Manual)...
2020-02-20 15:14:50.794 6455-6872/com.qualcomm.ftcrobotcontroller D/UvcApiExposureControl: ...isModeSupported(Manual): true
2020-02-20 15:14:50.795 6455-6872/com.qualcomm.ftcrobotcontroller D/UvcApiExposureControl: isModeSupported(ShutterPriority)...
2020-02-20 15:14:50.797 6455-6872/com.qualcomm.ftcrobotcontroller D/UvcApiExposureControl: ...isModeSupported(ShutterPriority): false
2020-02-20 15:14:50.797 6455-6872/com.qualcomm.ftcrobotcontroller D/UvcApiExposureControl: isModeSupported(AperturePriority)...
2020-02-20 15:14:50.799 6455-6872/com.qualcomm.ftcrobotcontroller D/UvcApiExposureControl: ...isModeSupported(AperturePriority): true
2020-02-20 15:14:50.800 6455-6872/com.qualcomm.ftcrobotcontroller D/UvcApiExposureControl: isExposureSupported()...
2020-02-20 15:14:50.800 6455-6872/com.qualcomm.ftcrobotcontroller D/UvcApiExposureControl: ...isExposureSupported(): true
2020-02-20 15:14:50.800 6455-6872/com.qualcomm.ftcrobotcontroller D/UvcApiExposureControl: getMinExposure(NANOSECONDS)...
2020-02-20 15:14:50.800 6455-6872/com.qualcomm.ftcrobotcontroller D/Uvc: [jni_devicehandle.cpp:373] Java_org_firstinspires_ftc_robotcore_internal_camera_libuvc_nativeobject_UvcDeviceHandle_nativeGetMinExposure()...
2020-02-20 15:14:50.802 6455-6872/com.qualcomm.ftcrobotcontroller D/Uvc: [jni_devicehandle.cpp:373] ...Java_org_firstinspires_ftc_robotcore_internal_camera_libuvc_nativeobject_UvcDeviceHandle_nativeGetMinExposure()
2020-02-20 15:14:50.802 6455-6872/com.qualcomm.ftcrobotcontroller D/UvcApiExposureControl: ...getMinExposure(NANOSECONDS): 100000
2020-02-20 15:14:50.803 6455-6872/com.qualcomm.ftcrobotcontroller D/UvcApiExposureControl: getMaxExposure(NANOSECONDS)...
2020-02-20 15:14:50.805 6455-6872/com.qualcomm.ftcrobotcontroller D/UvcApiExposureControl: ...getMaxExposure(NANOSECONDS): 1000000000
2020-02-20 15:14:50.806 6455-6872/com.qualcomm.ftcrobotcontroller D/UvcApiExposureControl: getMode()...
2020-02-20 15:14:50.806 6455-6872/com.qualcomm.ftcrobotcontroller D/Uvc: [jni_devicehandle.cpp:221] Java_org_firstinspires_ftc_robotcore_internal_camera_libuvc_nativeobject_UvcDeviceHandle_nativeGetVuforiaExposureMode()...
2020-02-20 15:14:50.808 6455-6872/com.qualcomm.ftcrobotcontroller D/Uvc: [jni_devicehandle.cpp:221] ...Java_org_firstinspires_ftc_robotcore_internal_camera_libuvc_nativeobject_UvcDeviceHandle_nativeGetVuforiaExposureMode()
2020-02-20 15:14:50.809 6455-6872/com.qualcomm.ftcrobotcontroller D/UvcApiExposureControl: ...getMode(): AperturePriority
2020-02-20 15:14:50.812 6455-6872/com.qualcomm.ftcrobotcontroller D/CachingExposureControl: ...onCameraChanged(null->CameraImpl(UvcDeviceHandle(pointer=0xba43d650|UvcDevice(/dev/bus/usb/001/002))))
2020-02-20 15:14:50.812 6455-6872/com.qualcomm.ftcrobotcontroller D/UsbResiliantWebcam: ...changeDelegatedCamera(null->CameraImpl(UvcDeviceHandle(pointer=0xba43d650|UvcDevice(/dev/bus/usb/001/002))))
2020-02-20 15:14:50.813 6455-6872/com.qualcomm.ftcrobotcontroller D/UsbResiliantWebcam: openSelfAndReport()...
2020-02-20 15:14:50.813 6455-6872/com.qualcomm.ftcrobotcontroller V/CameraImpl: construct(0x0a7addd1)
2020-02-20 15:14:50.814 6455-6872/com.qualcomm.ftcrobotcontroller V/ThreadPool: container(0x007f75c6: default threadpool) added id=394 TID=0 count=2
2020-02-20 15:14:50.815 6455-6872/com.qualcomm.ftcrobotcontroller D/UsbResiliantWebcam: ...openSelfAndReport()
2020-02-20 15:14:50.815 6455-6872/com.qualcomm.ftcrobotcontroller D/UsbResiliantWebcam.InterveningStateCallback: ...onOpened() camera=CameraImpl(UvcDeviceHandle(pointer=0xba43d650|UvcDevice(/dev/bus/usb/001/002)))
2020-02-20 15:14:50.816 6455-6872/com.qualcomm.ftcrobotcontroller D/UvcDevice: ...open()
2020-02-20 15:14:50.816 6455-6872/com.qualcomm.ftcrobotcontroller D/UsbResiliantWebcam: ...openAssumingPermission()
2020-02-20 15:14:50.816 6455-6872/com.qualcomm.ftcrobotcontroller D/CameraManager: ...asyncOpenWebcam(Webcam(61C44FD0))
2020-02-20 15:14:50.816 6455-6910/com.qualcomm.ftcrobotcontroller D/CameraManager: camera reports opened: CameraImpl(UsbResiliantWebcam(Webcam(61C44FD0)))
2020-02-20 15:14:50.816 6455-6872/com.qualcomm.ftcrobotcontroller D/CameraManager: ...asyncOpenCamera(Webcam(61C44FD0))
2020-02-20 15:14:50.818 6455-6910/com.qualcomm.ftcrobotcontroller D/ContinuationSynchronizer: finish("camera reports opened: Webcam(61C44FD0)": CameraImpl(UsbResiliantWebcam(Webcam(61C44FD0))))...
2020-02-20 15:14:50.818 6455-6910/com.qualcomm.ftcrobotcontroller D/ContinuationSynchronizer: ...finish("camera reports opened: Webcam(61C44FD0)": CameraImpl(UsbResiliantWebcam(Webcam(61C44FD0))))
2020-02-20 15:14:50.818 6455-6884/com.qualcomm.ftcrobotcontroller D/ContinuationSynchronizer: ...awaiting(camera open)
2020-02-20 15:14:50.818 6455-6884/com.qualcomm.ftcrobotcontroller D/CameraManager: ...doOpenCamera()
2020-02-20 15:14:50.822 6455-6884/com.qualcomm.ftcrobotcontroller D/UvcContext: usb device is *not* UVC compatible, /dev/bus/usb/003/003
2020-02-20 15:14:50.823 6455-6884/com.qualcomm.ftcrobotcontroller D/UvcContext: found webcam: usbPath=/dev/bus/usb/001/002 vid=1133 pid=2075 serial=61C44FD0 product=null
2020-02-20 15:14:50.823 6455-6884/com.qualcomm.ftcrobotcontroller D/Uvc: [jni_context.cpp:195] Java_org_firstinspires_ftc_robotcore_internal_camera_libuvc_nativeobject_UvcContext_nativeCreateUvcDevice()...
2020-02-20 15:14:50.823 6455-6884/com.qualcomm.ftcrobotcontroller V/Uvc: API: Java_org_firstinspires_ftc_robotcore_internal_camera_libuvc_nativeobject_UvcContext_nativeCreateUvcDevice: enter...
2020-02-20 15:14:50.823 6455-6884/com.qualcomm.ftcrobotcontroller D/libusb: [1010.728085] [00001ae4] libusb: debug [op_create] op_create: szUsbPath=/dev/bus/usb/001/002 szSysfsDir=1-1
2020-02-20 15:14:50.824 6455-6884/com.qualcomm.ftcrobotcontroller D/Uvc: [device.cpp:613] uvc_create_uvc_device()...
2020-02-20 15:14:50.824 6455-6884/com.qualcomm.ftcrobotcontroller D/Uvc: [libuvc/libuvc_internal.h:354] uvc_device::uvc_device()...
2020-02-20 15:14:50.824 6455-6884/com.qualcomm.ftcrobotcontroller D/Uvc: [libuvc/libuvc_internal.h:383] acquired vid=1133 & pid=2075
2020-02-20 15:14:50.824 6455-6884/com.qualcomm.ftcrobotcontroller D/Uvc: [libuvc/libuvc_internal.h:354] ...uvc_device::uvc_device()
2020-02-20 15:14:50.824 6455-6884/com.qualcomm.ftcrobotcontroller D/Uvc: [device.cpp:613] ...uvc_create_uvc_device() rc=0
2020-02-20 15:14:50.824 6455-6884/com.qualcomm.ftcrobotcontroller V/Uvc: API: Java_org_firstinspires_ftc_robotcore_internal_camera_libuvc_nativeobject_UvcContext_nativeCreateUvcDevice: ...exit
2020-02-20 15:14:50.824 6455-6884/com.qualcomm.ftcrobotcontroller D/Uvc: [jni_context.cpp:195] ...Java_org_firstinspires_ftc_robotcore_internal_camera_libuvc_nativeobject_UvcContext_nativeCreateUvcDevice()
2020-02-20 15:14:50.824 6455-6884/com.qualcomm.ftcrobotcontroller V/UvcDevice: construct(pointer=0xb88ffa10|null)
2020-02-20 15:14:50.825 6455-6884/com.qualcomm.ftcrobotcontroller D/Uvc: [jni_device.cpp:108] Java_org_firstinspires_ftc_robotcore_internal_camera_libuvc_nativeobject_UvcDevice_nativeGetLibUsbDevice()...
2020-02-20 15:14:50.825 6455-6884/com.qualcomm.ftcrobotcontroller D/Uvc: [jni_device.cpp:108] ...Java_org_firstinspires_ftc_robotcore_internal_camera_libuvc_nativeobject_UvcDevice_nativeGetLibUsbDevice()
2020-02-20 15:14:50.825 6455-6884/com.qualcomm.ftcrobotcontroller V/LibUsbDevice: construct(pointer=0xe8819ec0)
2020-02-20 15:14:50.826 6455-6884/com.qualcomm.ftcrobotcontroller V/UvcApiCameraCharacteristicsBuilder: construct(0x09f2cb37)
2020-02-20 15:14:50.826 6455-6884/com.qualcomm.ftcrobotcontroller D/Uvc: [jni_device.cpp:297] Java_org_firstinspires_ftc_robotcore_internal_camera_libuvc_nativeobject_UvcDevice_nativeGetDeviceInfo()...
2020-02-20 15:14:50.826 6455-6884/com.qualcomm.ftcrobotcontroller V/Uvc: API: Java_org_firstinspires_ftc_robotcore_internal_camera_libuvc_nativeobject_UvcDevice_nativeGetDeviceInfo: enter...
2020-02-20 15:14:50.826 6455-6884/com.qualcomm.ftcrobotcontroller D/Uvc: [device.cpp:386] uvc_get_device_info()...
2020-02-20 15:14:50.826 6455-6884/com.qualcomm.ftcrobotcontroller D/libusb: [1010.730596] [00001ae4] libusb: debug [op_get_config_descriptor] op_get_config_descriptor: config_index=0
2020-02-20 15:14:50.826 6455-6884/com.qualcomm.ftcrobotcontroller D/libusb: [1010.730662] [00001ae4] libusb: debug [op_get_config_descriptor] op_get_config_descriptor: config_index=0
2020-02-20 15:14:50.826 6455-6884/com.qualcomm.ftcrobotcontroller D/Uvc: [device.cpp:986] uvc_scan_control()...
2020-02-20 15:14:50.826 6455-6884/com.qualcomm.ftcrobotcontroller D/Uvc: [device.cpp:1041] uvc_parse_vc_header()...
2020-02-20 15:14:50.826 6455-6884/com.qualcomm.ftcrobotcontroller D/Uvc: [device.cpp:1284] uvc_scan_streaming()...
2020-02-20 15:14:50.826 6455-6884/com.qualcomm.ftcrobotcontroller D/Uvc: [device.cpp:1340] uvc_parse_vs_input_header()...
2020-02-20 15:14:50.826 6455-6884/com.qualcomm.ftcrobotcontroller D/Uvc: [device.cpp:1340] ...uvc_parse_vs_input_header() rc=0
2020-02-20 15:14:50.826 6455-6884/com.qualcomm.ftcrobotcontroller D/Uvc: [device.cpp:1389] uvc_parse_vs_format_uncompressed()...
2020-02-20 15:14:50.826 6455-6884/com.qualcomm.ftcrobotcontroller D/Uvc: [device.cpp:1389] ...uvc_parse_vs_format_uncompressed() rc=0
2020-02-20 15:14:50.827 6455-6884/com.qualcomm.ftcrobotcontroller V/Uvc: [device.cpp:1630] unsupported descriptor subtype: 13 UVC_VS_COLORFORMAT
2020-02-20 15:14:50.827 6455-6884/com.qualcomm.ftcrobotcontroller D/Uvc: [device.cpp:1449] uvc_parse_vs_format_mjpeg()...
2020-02-20 15:14:50.827 6455-6884/com.qualcomm.ftcrobotcontroller D/Uvc: [device.cpp:1449] ...uvc_parse_vs_format_mjpeg() rc=0
2020-02-20 15:14:50.827 6455-6884/com.qualcomm.ftcrobotcontroller V/Uvc: [device.cpp:1630] unsupported descriptor subtype: 13 UVC_VS_COLORFORMAT
2020-02-20 15:14:50.827 6455-6884/com.qualcomm.ftcrobotcontroller D/Uvc: [device.cpp:1284] ...uvc_scan_streaming() rc=0
2020-02-20 15:14:50.827 6455-6884/com.qualcomm.ftcrobotcontroller D/Uvc: [device.cpp:1041] ...uvc_parse_vc_header() rc=0
2020-02-20 15:14:50.827 6455-6884/com.qualcomm.ftcrobotcontroller D/Uvc: [device.cpp:1083] uvc_parse_vc_input_terminal()...
2020-02-20 15:14:50.827 6455-6884/com.qualcomm.ftcrobotcontroller D/Uvc: [device.cpp:1083] ...uvc_parse_vc_input_terminal() rc=0
2020-02-20 15:14:50.828 6455-6884/com.qualcomm.ftcrobotcontroller D/Uvc: [device.cpp:1156] uvc_parse_vc_processing_unit()...
2020-02-20 15:14:50.828 6455-6884/com.qualcomm.ftcrobotcontroller D/Uvc: [device.cpp:1156] ...uvc_parse_vc_processing_unit() rc=0
2020-02-20 15:14:50.828 6455-6884/com.qualcomm.ftcrobotcontroller D/Uvc: [device.cpp:986] ...uvc_scan_control() rc=0
2020-02-20 15:14:50.828 6455-6884/com.qualcomm.ftcrobotcontroller D/Uvc: [device.cpp:386] ...uvc_get_device_info() rc=0
2020-02-20 15:14:50.828 6455-6884/com.qualcomm.ftcrobotcontroller V/Uvc: API: Java_org_firstinspires_ftc_robotcore_internal_camera_libuvc_nativeobject_UvcDevice_nativeGetDeviceInfo: ...exit
2020-02-20 15:14:50.828 6455-6884/com.qualcomm.ftcrobotcontroller D/Uvc: [jni_device.cpp:297] ...Java_org_firstinspires_ftc_robotcore_internal_camera_libuvc_nativeobject_UvcDevice_nativeGetDeviceInfo()
2020-02-20 15:14:50.828 6455-6884/com.qualcomm.ftcrobotcontroller V/UvcDeviceInfo: construct(pointer=0xba9e7af0)
2020-02-20 15:14:50.829 6455-6884/com.qualcomm.ftcrobotcontroller V/UvcStreamingInterface: construct(pointer=0xc227e360)
2020-02-20 15:14:50.863 6455-6884/com.qualcomm.ftcrobotcontroller V/UvcStreamingInterface: destroy(pointer=0xc227e360)
2020-02-20 15:14:50.863 6455-6884/com.qualcomm.ftcrobotcontroller V/UvcDeviceInfo: destroy(pointer=0xba9e7af0)
2020-02-20 15:14:50.863 6455-6884/com.qualcomm.ftcrobotcontroller D/Uvc: [jni_deviceinfo.cpp:63] Java_org_firstinspires_ftc_robotcore_internal_camera_libuvc_nativeobject_UvcDeviceInfo_nativeFreeDeviceInfo()...
2020-02-20 15:14:50.863 6455-6884/com.qualcomm.ftcrobotcontroller V/Uvc: API: Java_org_firstinspires_ftc_robotcore_internal_camera_libuvc_nativeobject_UvcDeviceInfo_nativeFreeDeviceInfo: enter...
2020-02-20 15:14:50.863 6455-6884/com.qualcomm.ftcrobotcontroller D/Uvc: [device.cpp:433] uvc_free_device_info()...
2020-02-20 15:14:50.863 6455-6884/com.qualcomm.ftcrobotcontroller D/Uvc: [device.cpp:433] ...uvc_free_device_info()
2020-02-20 15:14:50.863 6455-6884/com.qualcomm.ftcrobotcontroller V/Uvc: API: Java_org_firstinspires_ftc_robotcore_internal_camera_libuvc_nativeobject_UvcDeviceInfo_nativeFreeDeviceInfo: ...exit
2020-02-20 15:14:50.863 6455-6884/com.qualcomm.ftcrobotcontroller D/Uvc: [jni_deviceinfo.cpp:63] ...Java_org_firstinspires_ftc_robotcore_internal_camera_libuvc_nativeobject_UvcDeviceInfo_nativeFreeDeviceInfo()
2020-02-20 15:14:50.864 6455-6884/com.qualcomm.ftcrobotcontroller V/UvcApiCameraCharacteristicsBuilder: destroy(hash=0x09f2cb37)
2020-02-20 15:14:50.864 6455-6884/com.qualcomm.ftcrobotcontroller V/UvcDevice: destroy(pointer=0xb88ffa10|/dev/bus/usb/001/002)
2020-02-20 15:14:50.864 6455-6884/com.qualcomm.ftcrobotcontroller D/Uvc: [jni_device.cpp:126] Java_org_firstinspires_ftc_robotcore_internal_camera_libuvc_nativeobject_UvcDevice_nativeReleaseRefDevice()...
2020-02-20 15:14:50.864 6455-6884/com.qualcomm.ftcrobotcontroller V/Uvc: API: Java_org_firstinspires_ftc_robotcore_internal_camera_libuvc_nativeobject_UvcDevice_nativeReleaseRefDevice: enter...
2020-02-20 15:14:50.864 6455-6884/com.qualcomm.ftcrobotcontroller D/Uvc: [device.cpp:882] uvc_unref_device()...
2020-02-20 15:14:50.864 6455-6884/com.qualcomm.ftcrobotcontroller D/Uvc: [device.cpp:882] ...uvc_unref_device()
2020-02-20 15:14:50.864 6455-6884/com.qualcomm.ftcrobotcontroller V/Uvc: API: Java_org_firstinspires_ftc_robotcore_internal_camera_libuvc_nativeobject_UvcDevice_nativeReleaseRefDevice: ...exit
2020-02-20 15:14:50.864 6455-6884/com.qualcomm.ftcrobotcontroller D/Uvc: [jni_device.cpp:126] ...Java_org_firstinspires_ftc_robotcore_internal_camera_libuvc_nativeobject_UvcDevice_nativeReleaseRefDevice()
2020-02-20 15:14:50.865 6455-6884/com.qualcomm.ftcrobotcontroller V/LibUsbDevice: destroy(pointer=0xe8819ec0)
2020-02-20 15:14:50.865 6455-6884/com.qualcomm.ftcrobotcontroller D/Uvc: [jni_libusb_device.cpp:64] Java_org_firstinspires_ftc_robotcore_internal_camera_libuvc_nativeobject_LibUsbDevice_nativeReleaseRefDevice()...
2020-02-20 15:14:50.865 6455-6884/com.qualcomm.ftcrobotcontroller D/Uvc: [jni_libusb_device.cpp:64] ...Java_org_firstinspires_ftc_robotcore_internal_camera_libuvc_nativeobject_LibUsbDevice_nativeReleaseRefDevice()
2020-02-20 15:14:50.867 6455-6884/com.qualcomm.ftcrobotcontroller D/CameraCalibrationManager: CameraCalibration(VendorProductCalibrationIdentity(vid=0x046d,pid=0x081b) 960x720 f=1232.990,1232.990)
2020-02-20 15:14:50.868 6455-6884/com.qualcomm.ftcrobotcontroller D/CameraCalibrationManager: CameraCalibration(VendorProductCalibrationIdentity(vid=0x046d,pid=0x081b) 640x360 f=715.307,715.307)
2020-02-20 15:14:50.869 6455-6884/com.qualcomm.ftcrobotcontroller D/CameraCalibrationManager: CameraCalibration(VendorProductCalibrationIdentity(vid=0x046d,pid=0x081b) 1184x656)=null
2020-02-20 15:14:50.870 6455-6884/com.qualcomm.ftcrobotcontroller D/CameraCalibrationManager: CameraCalibration(VendorProductCalibrationIdentity(vid=0x046d,pid=0x081b) 640x480 f=821.993,821.993)
2020-02-20 15:14:50.870 6455-6884/com.qualcomm.ftcrobotcontroller D/CameraCalibrationManager: CameraCalibration(VendorProductCalibrationIdentity(vid=0x046d,pid=0x081b) 320x176)=null
2020-02-20 15:14:50.871 6455-6884/com.qualcomm.ftcrobotcontroller D/CameraCalibrationManager: CameraCalibration(VendorProductCalibrationIdentity(vid=0x046d,pid=0x081b) 800x448)=null
2020-02-20 15:14:50.873 6455-6884/com.qualcomm.ftcrobotcontroller D/CameraCalibrationManager: CameraCalibration(VendorProductCalibrationIdentity(vid=0x046d,pid=0x081b) 352x288)=null
2020-02-20 15:14:50.874 6455-6884/com.qualcomm.ftcrobotcontroller D/CameraCalibrationManager: CameraCalibration(VendorProductCalibrationIdentity(vid=0x046d,pid=0x081b) 432x240)=null
2020-02-20 15:14:50.875 6455-6884/com.qualcomm.ftcrobotcontroller D/CameraCalibrationManager: CameraCalibration(VendorProductCalibrationIdentity(vid=0x046d,pid=0x081b) 544x288)=null
2020-02-20 15:14:50.876 6455-6884/com.qualcomm.ftcrobotcontroller D/CameraCalibrationManager: CameraCalibration(VendorProductCalibrationIdentity(vid=0x046d,pid=0x081b) 960x544)=null
