2020-02-20 15:13:28.570 6455-6826/com.qualcomm.ftcrobotcontroller D/CameraCalibrationManager: CameraCalibration(VendorProductCalibrationIdentity(vid=0x046d,pid=0x081b) 1024x576 f=1144.491,1144.491)
2020-02-20 15:13:28.571 6455-6826/com.qualcomm.ftcrobotcontroller D/CameraCalibrationManager: CameraCalibration(VendorProductCalibrationIdentity(vid=0x046d,pid=0x081b) 176x144)=null
2020-02-20 15:13:28.572 6455-6826/com.qualcomm.ftcrobotcontroller D/CameraCalibrationManager: CameraCalibration(VendorProductCalibrationIdentity(vid=0x046d,pid=0x081b) 752x416)=null
2020-02-20 15:13:28.573 6455-6826/com.qualcomm.ftcrobotcontroller D/CameraCalibrationManager: CameraCalibration(VendorProductCalibrationIdentity(vid=0x046d,pid=0x081b) 1280x960 f=1643.986,1643.986)
2020-02-20 15:13:28.573 6455-6826/com.qualcomm.ftcrobotcontroller D/VuforiaWebcam: ...openCamera()
2020-02-20 15:13:28.573 6455-6826/com.qualcomm.ftcrobotcontroller D/VuforiaWebcam: ...nativeCallbackOpen()
2020-02-20 15:13:28.574 6455-6826/com.qualcomm.ftcrobotcontroller D/Uvc: [NativeVuforiaWebcam.h:289] ...NativeVuforiaWebcam::open()
2020-02-20 15:13:28.574 6455-6826/com.qualcomm.ftcrobotcontroller D/CachingExposureControl: isModeSupported(Auto)...
2020-02-20 15:13:28.574 6455-6826/com.qualcomm.ftcrobotcontroller D/CachingExposureControl: ...isModeSupported(Auto): false
2020-02-20 15:13:28.575 6455-6826/com.qualcomm.ftcrobotcontroller D/CachingExposureControl: isModeSupported(AperturePriority)...
2020-02-20 15:13:28.575 6455-6826/com.qualcomm.ftcrobotcontroller D/CachingExposureControl: ...isModeSupported(AperturePriority): true
2020-02-20 15:13:28.575 6455-6826/com.qualcomm.ftcrobotcontroller D/CachingExposureControl: isModeSupported(ContinuousAuto)...
2020-02-20 15:13:28.575 6455-6826/com.qualcomm.ftcrobotcontroller D/CachingExposureControl: ...isModeSupported(ContinuousAuto): false
2020-02-20 15:13:28.576 6455-6826/com.qualcomm.ftcrobotcontroller D/CachingExposureControl: isModeSupported(Manual)...
2020-02-20 15:13:28.576 6455-6826/com.qualcomm.ftcrobotcontroller D/CachingExposureControl: ...isModeSupported(Manual): true
2020-02-20 15:13:28.576 6455-6826/com.qualcomm.ftcrobotcontroller D/CachingExposureControl: isModeSupported(ShutterPriority)...
2020-02-20 15:13:28.576 6455-6826/com.qualcomm.ftcrobotcontroller D/CachingExposureControl: ...isModeSupported(ShutterPriority): false
2020-02-20 15:13:28.577 6455-6826/com.qualcomm.ftcrobotcontroller D/Uvc: [NativeVuforiaWebcam.h:515] NativeVuforiaWebcam::supportsExposureValue()...
2020-02-20 15:13:28.577 6455-6826/com.qualcomm.ftcrobotcontroller D/Uvc: [NativeVuforiaWebcam.h:515] ...NativeVuforiaWebcam::supportsExposureValue()
2020-02-20 15:13:28.577 6455-6826/com.qualcomm.ftcrobotcontroller D/Uvc: [NativeVuforiaWebcam.h:579] NativeVuforiaWebcam::supportsFocusValue()...
2020-02-20 15:13:28.577 6455-6826/com.qualcomm.ftcrobotcontroller D/Uvc: [NativeVuforiaWebcam.h:579] ...NativeVuforiaWebcam::supportsFocusValue()
2020-02-20 15:13:28.579 6455-6826/com.qualcomm.ftcrobotcontroller I/AR: ObjectTracker: This device doesn't support model targets extended tracking, extended tracking will be turned off
2020-02-20 15:13:28.585 6455-6826/com.qualcomm.ftcrobotcontroller D/Uvc: [NativeVuforiaWebcam.h:322] NativeVuforiaWebcam::start()...
2020-02-20 15:13:28.586 6455-6826/com.qualcomm.ftcrobotcontroller D/VuforiaWebcam: nativeCallbackStart()...
2020-02-20 15:13:28.586 6455-6826/com.qualcomm.ftcrobotcontroller V/CameraCallback: construct(pointer=0xba67e1f0)
2020-02-20 15:13:28.587 6455-6826/com.qualcomm.ftcrobotcontroller D/VuforiaWebcam: start(CameraMode(format=YUYV:1 w=640 h=480 fps=30))...
2020-02-20 15:13:28.587 6455-6826/com.qualcomm.ftcrobotcontroller D/UsbResiliantWebcam: createCaptureSession()...
2020-02-20 15:13:28.587 6455-6826/com.qualcomm.ftcrobotcontroller V/DelCaptureSession: construct(0x09dc5a98)
2020-02-20 15:13:28.587 6455-6621/com.qualcomm.ftcrobotcontroller D/VuforiaWebcam: capture session DelegatingCaptureSession(1) reports configured
2020-02-20 15:13:28.588 6455-6826/com.qualcomm.ftcrobotcontroller D/UsbResiliantWebcam|DelCaptureSession: onCameraChange(null->CameraImpl(UvcDeviceHandle(pointer=0xbc2efc00|UvcDevice(/dev/bus/usb/001/002))))...
2020-02-20 15:13:28.588 6455-6826/com.qualcomm.ftcrobotcontroller D/UsbResiliantWebcam|DelCaptureSession: ...onCameraChange(null->CameraImpl(UvcDeviceHandle(pointer=0xbc2efc00|UvcDevice(/dev/bus/usb/001/002))))
2020-02-20 15:13:28.589 6455-6826/com.qualcomm.ftcrobotcontroller D/CachingExposureControl: onCameraChanged(CameraImpl(UvcDeviceHandle(pointer=0xbc2efc00|UvcDevice(/dev/bus/usb/001/002)))->CameraImpl(UvcDeviceHandle(pointer=0xbc2efc00|UvcDevice(/dev/bus/usb/001/002))))...
2020-02-20 15:13:28.589 6455-6826/com.qualcomm.ftcrobotcontroller D/CachingExposureControl: ...onCameraChanged(CameraImpl(UvcDeviceHandle(pointer=0xbc2efc00|UvcDevice(/dev/bus/usb/001/002)))->CameraImpl(UvcDeviceHandle(pointer=0xbc2efc00|UvcDevice(/dev/bus/usb/001/002))))
2020-02-20 15:13:28.589 6455-6826/com.qualcomm.ftcrobotcontroller D/UsbResiliantWebcam: ...createCaptureSession()
2020-02-20 15:13:28.589 6455-6826/com.qualcomm.ftcrobotcontroller D/ContinuationSynchronizer: awaiting(camera start)...
2020-02-20 15:13:28.589 6455-6621/com.qualcomm.ftcrobotcontroller D/UsbResiliantWebcam|DelCaptureSession: startCapture()...
2020-02-20 15:13:28.590 6455-6621/com.qualcomm.ftcrobotcontroller V/DelCaptureSequence: construct(0x0ffd12f1)
2020-02-20 15:13:28.590 6455-6621/com.qualcomm.ftcrobotcontroller D/UsbResiliantWebcam|DelCaptureSequence: onCameraChange(null->CameraImpl(UvcDeviceHandle(pointer=0xbc2efc00|UvcDevice(/dev/bus/usb/001/002))))...
2020-02-20 15:13:28.591 6455-6621/com.qualcomm.ftcrobotcontroller D/UsbResiliantWebcam|DelCaptureSequence: pauseStreaming(Stopped)...
2020-02-20 15:13:28.591 6455-6621/com.qualcomm.ftcrobotcontroller D/UsbResiliantWebcam|DelCaptureSequence: ...pauseStreaming(Stopped)
2020-02-20 15:13:28.591 6455-6621/com.qualcomm.ftcrobotcontroller D/UsbResiliantWebcam|DelCaptureSequence: resumeStreaming(Stopped)...
2020-02-20 15:13:28.591 6455-6621/com.qualcomm.ftcrobotcontroller D/UsbResiliantWebcam|DelCaptureSequence: ...resumeStreaming(Stopped)
2020-02-20 15:13:28.591 6455-6621/com.qualcomm.ftcrobotcontroller D/UsbResiliantWebcam|DelCaptureSequence: ...onCameraChange(null->CameraImpl(UvcDeviceHandle(pointer=0xbc2efc00|UvcDevice(/dev/bus/usb/001/002))))
2020-02-20 15:13:28.591 6455-6621/com.qualcomm.ftcrobotcontroller D/UsbResiliantWebcam|DelCaptureSequence: startStreaming(Stopped)...
2020-02-20 15:13:28.591 6455-6621/com.qualcomm.ftcrobotcontroller D/UsbResiliantWebcam|DelCaptureSequence: doStreaming()...
2020-02-20 15:13:28.592 6455-6621/com.qualcomm.ftcrobotcontroller V/UvcApiCaptureSession: construct(0x01ecaed6)
2020-02-20 15:13:28.593 6455-6852/com.qualcomm.ftcrobotcontroller D/UsbResiliantWebcam|DelCaptureSession: camera session is configured: Webcam(61C44FD0)
2020-02-20 15:13:28.593 6455-6621/com.qualcomm.ftcrobotcontroller V/UvcApiCameraCaptureSequence: construct(0x0e8fd557)
2020-02-20 15:13:28.594 6455-6621/com.qualcomm.ftcrobotcontroller D/UvcDeviceHandle: getStreamControl(640x480 30)...
2020-02-20 15:13:28.594 6455-6621/com.qualcomm.ftcrobotcontroller V/UvcStreamCtrl: construct(0x0e888844)
2020-02-20 15:13:28.594 6455-6621/com.qualcomm.ftcrobotcontroller D/Uvc: [jni_devicehandle.cpp:115] Java_org_firstinspires_ftc_robotcore_internal_camera_libuvc_nativeobject_UvcDeviceHandle_nativeGetStreamControlFormatSize()...
2020-02-20 15:13:28.595 6455-6621/com.qualcomm.ftcrobotcontroller V/Uvc: API: Java_org_firstinspires_ftc_robotcore_internal_camera_libuvc_nativeobject_UvcDeviceHandle_nativeGetStreamControlFormatSize: enter...
2020-02-20 15:13:28.595 6455-6621/com.qualcomm.ftcrobotcontroller D/Uvc: [stream.cpp:373] uvc_get_stream_ctrl_format_size()...
2020-02-20 15:13:28.595 6455-6621/com.qualcomm.ftcrobotcontroller D/Uvc: [libuvc/libuvc_internal.h:773] uvc_device_handle::claimInterface(idx=1)...
2020-02-20 15:13:28.595 6455-6621/com.qualcomm.ftcrobotcontroller D/UvcDevice: claimInterface(1)
2020-02-20 15:13:28.595 6455-6621/com.qualcomm.ftcrobotcontroller D/UvcDevice: claimInterface(1) succeeded
2020-02-20 15:13:28.595 6455-6621/com.qualcomm.ftcrobotcontroller D/Uvc: [libuvc/libuvc_internal.h:786] claimInterface(1) succeeded
2020-02-20 15:13:28.595 6455-6621/com.qualcomm.ftcrobotcontroller D/Uvc: [libuvc/libuvc_internal.h:773] ...uvc_device_handle::claimInterface() rc=0
2020-02-20 15:13:28.595 6455-6621/com.qualcomm.ftcrobotcontroller D/UvcStream: [stream.cpp:412] 640x480 30fps
2020-02-20 15:13:28.595 6455-6621/com.qualcomm.ftcrobotcontroller D/Uvc: [stream.cpp:162] uvc_query_stream_ctrl()...
2020-02-20 15:13:28.599 6455-6621/com.qualcomm.ftcrobotcontroller D/Uvc: [stream.cpp:162] ...uvc_query_stream_ctrl() rc=0
2020-02-20 15:13:28.599 6455-6621/com.qualcomm.ftcrobotcontroller D/Uvc: [libuvc/libuvc_internal.h:796] uvc_device_handle::releaseInterface()...
2020-02-20 15:13:28.599 6455-6621/com.qualcomm.ftcrobotcontroller D/UvcDevice: releaseInterface(1)
2020-02-20 15:13:28.599 6455-6621/com.qualcomm.ftcrobotcontroller D/UvcDevice: releaseInterface(1) succeeded
2020-02-20 15:13:28.600 6455-6621/com.qualcomm.ftcrobotcontroller D/Uvc: [libuvc/libuvc_internal.h:796] ...uvc_device_handle::releaseInterface() rc=0
2020-02-20 15:13:28.600 6455-6621/com.qualcomm.ftcrobotcontroller D/Uvc: [stream.cpp:482] uvc_probe_stream_ctrl()...
2020-02-20 15:13:28.600 6455-6621/com.qualcomm.ftcrobotcontroller D/Uvc: [libuvc/libuvc_internal.h:773] uvc_device_handle::claimInterface(idx=1)...
2020-02-20 15:13:28.600 6455-6621/com.qualcomm.ftcrobotcontroller D/UvcDevice: claimInterface(1)
2020-02-20 15:13:28.600 6455-6621/com.qualcomm.ftcrobotcontroller D/UvcDevice: claimInterface(1) succeeded
2020-02-20 15:13:28.600 6455-6621/com.qualcomm.ftcrobotcontroller D/Uvc: [libuvc/libuvc_internal.h:786] claimInterface(1) succeeded
2020-02-20 15:13:28.600 6455-6621/com.qualcomm.ftcrobotcontroller D/Uvc: [libuvc/libuvc_internal.h:773] ...uvc_device_handle::claimInterface() rc=0
2020-02-20 15:13:28.600 6455-6621/com.qualcomm.ftcrobotcontroller D/Uvc: [stream.cpp:162] uvc_query_stream_ctrl()...
2020-02-20 15:13:28.606 6455-6621/com.qualcomm.ftcrobotcontroller D/Uvc: [stream.cpp:162] ...uvc_query_stream_ctrl() rc=0
2020-02-20 15:13:28.606 6455-6621/com.qualcomm.ftcrobotcontroller D/Uvc: [stream.cpp:162] uvc_query_stream_ctrl()...
2020-02-20 15:13:28.610 6455-6621/com.qualcomm.ftcrobotcontroller D/Uvc: [stream.cpp:162] ...uvc_query_stream_ctrl() rc=0
2020-02-20 15:13:28.610 6455-6621/com.qualcomm.ftcrobotcontroller D/Uvc: [stream.cpp:482] ...uvc_probe_stream_ctrl() rc=0
2020-02-20 15:13:28.610 6455-6621/com.qualcomm.ftcrobotcontroller D/Uvc: [stream.cpp:373] ...uvc_get_stream_ctrl_format_size() rc=0
2020-02-20 15:13:28.610 6455-6621/com.qualcomm.ftcrobotcontroller V/Uvc: API: Java_org_firstinspires_ftc_robotcore_internal_camera_libuvc_nativeobject_UvcDeviceHandle_nativeGetStreamControlFormatSize: ...exit
2020-02-20 15:13:28.610 6455-6621/com.qualcomm.ftcrobotcontroller D/Uvc: [jni_devicehandle.cpp:115] ...Java_org_firstinspires_ftc_robotcore_internal_camera_libuvc_nativeobject_UvcDeviceHandle_nativeGetStreamControlFormatSize()
2020-02-20 15:13:28.611 6455-6621/com.qualcomm.ftcrobotcontroller D/UvcDeviceHandle: ...getStreamControl(640x480 30)
2020-02-20 15:13:28.611 6455-6621/com.qualcomm.ftcrobotcontroller D/Uvc: [jni_streamcontrol.cpp:101] Java_org_firstinspires_ftc_robotcore_internal_camera_libuvc_nativeobject_UvcStreamCtrl_nativeOpen()...
2020-02-20 15:13:28.611 6455-6621/com.qualcomm.ftcrobotcontroller V/Uvc: API: Java_org_firstinspires_ftc_robotcore_internal_camera_libuvc_nativeobject_UvcStreamCtrl_nativeOpen: enter...
2020-02-20 15:13:28.611 6455-6621/com.qualcomm.ftcrobotcontroller D/Uvc: [devicehandle.cpp:46] uvc_device_handle::openStreamControl()...
2020-02-20 15:13:28.612 6455-6621/com.qualcomm.ftcrobotcontroller D/Uvc: [streamhandle.cpp:58] uvc_stream_handle::claimInterface()...
2020-02-20 15:13:28.612 6455-6621/com.qualcomm.ftcrobotcontroller D/Uvc: [libuvc/libuvc_internal.h:773] uvc_device_handle::claimInterface(idx=1)...
2020-02-20 15:13:28.612 6455-6621/com.qualcomm.ftcrobotcontroller D/UvcDevice: claimInterface(1)
2020-02-20 15:13:28.612 6455-6621/com.qualcomm.ftcrobotcontroller D/UvcDevice: claimInterface(1) succeeded
2020-02-20 15:13:28.612 6455-6621/com.qualcomm.ftcrobotcontroller D/Uvc: [libuvc/libuvc_internal.h:786] claimInterface(1) succeeded
2020-02-20 15:13:28.612 6455-6621/com.qualcomm.ftcrobotcontroller D/Uvc: [libuvc/libuvc_internal.h:773] ...uvc_device_handle::claimInterface() rc=0
2020-02-20 15:13:28.612 6455-6621/com.qualcomm.ftcrobotcontroller D/Uvc: [streamhandle.cpp:58] ...uvc_stream_handle::claimInterface() rc=0
2020-02-20 15:13:28.613 6455-6621/com.qualcomm.ftcrobotcontroller D/Uvc: [stream.cpp:162] uvc_query_stream_ctrl()...
2020-02-20 15:13:28.622 6455-6621/com.qualcomm.ftcrobotcontroller D/Uvc: [stream.cpp:162] ...uvc_query_stream_ctrl() rc=0
2020-02-20 15:13:28.622 6455-6621/com.qualcomm.ftcrobotcontroller D/Uvc: [devicehandle.cpp:46] ...uvc_device_handle::openStreamControl() rc=0
2020-02-20 15:13:28.622 6455-6621/com.qualcomm.ftcrobotcontroller V/Uvc: API: Java_org_firstinspires_ftc_robotcore_internal_camera_libuvc_nativeobject_UvcStreamCtrl_nativeOpen: ...exit
2020-02-20 15:13:28.622 6455-6621/com.qualcomm.ftcrobotcontroller D/Uvc: [jni_streamcontrol.cpp:101] ...Java_org_firstinspires_ftc_robotcore_internal_camera_libuvc_nativeobject_UvcStreamCtrl_nativeOpen()
2020-02-20 15:13:28.622 6455-6621/com.qualcomm.ftcrobotcontroller V/UvcStreamHandle: construct(pointer=0xcd917240)
2020-02-20 15:13:28.622 6455-6621/com.qualcomm.ftcrobotcontroller D/Uvc: [jni_streamhandle.cpp:184] Java_org_firstinspires_ftc_robotcore_internal_camera_libuvc_nativeobject_UvcStreamHandle_nativeStopStreaming()...
2020-02-20 15:13:28.622 6455-6621/com.qualcomm.ftcrobotcontroller V/Uvc: API: Java_org_firstinspires_ftc_robotcore_internal_camera_libuvc_nativeobject_UvcStreamHandle_nativeStopStreaming: enter...
2020-02-20 15:13:28.622 6455-6621/com.qualcomm.ftcrobotcontroller D/Uvc: [stream.cpp:1465] uvc_stream_stop()...
2020-02-20 15:13:28.622 6455-6621/com.qualcomm.ftcrobotcontroller D/Uvc: [stream.cpp:1465] ...uvc_stream_stop() rc=0
2020-02-20 15:13:28.622 6455-6621/com.qualcomm.ftcrobotcontroller V/Uvc: API: Java_org_firstinspires_ftc_robotcore_internal_camera_libuvc_nativeobject_UvcStreamHandle_nativeStopStreaming: ...exit
2020-02-20 15:13:28.622 6455-6621/com.qualcomm.ftcrobotcontroller D/Uvc: [jni_streamhandle.cpp:184] ...Java_org_firstinspires_ftc_robotcore_internal_camera_libuvc_nativeobject_UvcStreamHandle_nativeStopStreaming()
2020-02-20 15:13:28.622 6455-6621/com.qualcomm.ftcrobotcontroller V/UvcFrameCallback: construct(0x023eed2d)
2020-02-20 15:13:28.623 6455-6621/com.qualcomm.ftcrobotcontroller V/UvcFrameCallbackData: construct(pointer=0xcb240040)
2020-02-20 15:13:28.623 6455-6621/com.qualcomm.ftcrobotcontroller V/Uvc: API: Java_org_firstinspires_ftc_robotcore_internal_camera_libuvc_nativeobject_UvcStreamHandle_nativeStartStreaming: enter...
2020-02-20 15:13:28.623 6455-6621/com.qualcomm.ftcrobotcontroller D/Uvc: [stream.cpp:929] uvc_stream_start_bandwidth()...
2020-02-20 15:13:28.623 6455-6621/com.qualcomm.ftcrobotcontroller D/Uvc: [stream.cpp:1124] uvc_stream_handle::startIsochronousStreaming()...
2020-02-20 15:13:28.623 6455-6621/com.qualcomm.ftcrobotcontroller D/Uvc: [libuvc/libuvc_internal.h:828] uvc_device_handle::setInterfaceAltSetting(setInterfaceAltSetting(intf=1 alt=11))...
2020-02-20 15:13:28.623 6455-6621/com.qualcomm.ftcrobotcontroller D/UvcDevice: setInterfaceAltSetting(1,11)
2020-02-20 15:13:28.625 6455-6621/com.qualcomm.ftcrobotcontroller D/UvcDevice: setInterfaceAltSetting(1,11) succeeded
2020-02-20 15:13:28.625 6455-6621/com.qualcomm.ftcrobotcontroller D/Uvc: [libuvc/libuvc_internal.h:828] ...uvc_device_handle::setInterfaceAltSetting() rc=0
2020-02-20 15:13:28.625 6455-6621/com.qualcomm.ftcrobotcontroller D/Uvc: [stream.cpp:1124] ...uvc_stream_handle::startIsochronousStreaming() rc=0
2020-02-20 15:13:28.626 6455-6621/com.qualcomm.ftcrobotcontroller D/Uvc: [stream.cpp:1152] uvc_stream_handle::startUserCallbackThread()...
2020-02-20 15:13:28.626 6455-6853/com.qualcomm.ftcrobotcontroller D/UvcStream: [stream.cpp:1216] User Callback thread started
2020-02-20 15:13:28.627 6455-6621/com.qualcomm.ftcrobotcontroller D/Uvc: [stream.cpp:1152] ...uvc_stream_handle::startUserCallbackThread() rc=0
2020-02-20 15:13:28.627 6455-6621/com.qualcomm.ftcrobotcontroller D/Uvc: [stream.cpp:1172] uvc_stream_handle::submitTransfers()...
2020-02-20 15:13:28.639 6455-6621/com.qualcomm.ftcrobotcontroller D/Uvc: [stream.cpp:1172] ...uvc_stream_handle::submitTransfers() rc=0
2020-02-20 15:13:28.639 6455-6543/com.qualcomm.ftcrobotcontroller D/UvcStream: [stream.cpp:688] this is the UVC processTransfer() stream processing thread
2020-02-20 15:13:28.639 6455-6621/com.qualcomm.ftcrobotcontroller D/Uvc: [stream.cpp:929] ...uvc_stream_start_bandwidth() rc=0
2020-02-20 15:13:28.639 6455-6621/com.qualcomm.ftcrobotcontroller D/UvcStreamHandle: [jni_streamhandle.cpp:150] successfully started streaming
2020-02-20 15:13:28.639 6455-6621/com.qualcomm.ftcrobotcontroller V/Uvc: API: Java_org_firstinspires_ftc_robotcore_internal_camera_libuvc_nativeobject_UvcStreamHandle_nativeStartStreaming: ...exit
2020-02-20 15:13:28.639 6455-6621/com.qualcomm.ftcrobotcontroller V/UvcStreamCtrl: destroy(pointer=0xcb42a000)
2020-02-20 15:13:28.640 6455-6621/com.qualcomm.ftcrobotcontroller D/UsbResiliantWebcam|DelCaptureSequence: ...doStreaming()
2020-02-20 15:13:28.640 6455-6621/com.qualcomm.ftcrobotcontroller D/UsbResiliantWebcam|DelCaptureSequence: ...startStreaming(Stopped)
2020-02-20 15:13:28.640 6455-6621/com.qualcomm.ftcrobotcontroller D/UsbResiliantWebcam|DelCaptureSession: ...startCapture()
2020-02-20 15:13:28.641 6455-6621/com.qualcomm.ftcrobotcontroller D/ContinuationSynchronizer: finish("onConfigured": DelegatingCaptureSession(1))...
2020-02-20 15:13:28.642 6455-6621/com.qualcomm.ftcrobotcontroller D/ContinuationSynchronizer: ...finish("onConfigured": DelegatingCaptureSession(1))
2020-02-20 15:13:28.642 6455-6826/com.qualcomm.ftcrobotcontroller D/ContinuationSynchronizer: ...awaiting(camera start)
2020-02-20 15:13:28.642 6455-6826/com.qualcomm.ftcrobotcontroller D/VuforiaWebcam: ...start(CameraMode(format=YUYV:1 w=640 h=480 fps=30))
2020-02-20 15:13:28.642 6455-6826/com.qualcomm.ftcrobotcontroller D/VuforiaWebcam: ...nativeCallbackStart()
2020-02-20 15:13:28.642 6455-6826/com.qualcomm.ftcrobotcontroller D/Uvc: [NativeVuforiaWebcam.h:322] ...NativeVuforiaWebcam::start()
2020-02-20 15:13:28.646 6455-6826/com.qualcomm.ftcrobotcontroller D/Uvc: [NativeVuforiaWebcam.h:568] NativeVuforiaWebcam::setFocusMode()...
2020-02-20 15:13:28.646 6455-6826/com.qualcomm.ftcrobotcontroller D/Uvc: [NativeVuforiaWebcam.h:568] ...NativeVuforiaWebcam::setFocusMode()
2020-02-20 15:13:28.652 6455-6826/com.qualcomm.ftcrobotcontroller I/AR: ObjectTracker: Successfully created dataset
2020-02-20 15:13:28.653 6455-6826/com.qualcomm.ftcrobotcontroller D/Vuforia: loading data set 'Skystone'...
2020-02-20 15:13:28.673 6455-6535/com.qualcomm.ftcrobotcontroller V/Robocol: sending CMD_STREAM_CHANGE(14099), attempt: 0
2020-02-20 15:13:29.152 6455-6853/com.qualcomm.ftcrobotcontroller D/CameraCalibrationManager: CameraCalibration(VendorProductCalibrationIdentity(vid=0x046d,pid=0x081b) 640x480 f=821.993,821.993)
2020-02-20 15:13:29.153 6455-6853/com.qualcomm.ftcrobotcontroller D/CameraCalibrationManager: getCameraCalibration(): CameraCalibration(VendorProductCalibrationIdentity(vid=0x046d,pid=0x081b) 640x480 f=821.993,821.993)
2020-02-20 15:13:30.287 6455-6826/com.qualcomm.ftcrobotcontroller D/Vuforia: ... done loading data set 'Skystone'
2020-02-20 15:13:30.294 6455-6826/com.qualcomm.ftcrobotcontroller D/TeamCode@Command: Missing JSON key: phone d x
2020-02-20 15:13:30.294 6455-6826/com.qualcomm.ftcrobotcontroller D/TeamCode@Command: Missing JSON key: phone d y
2020-02-20 15:13:30.294 6455-6826/com.qualcomm.ftcrobotcontroller D/TeamCode@Command: Missing JSON key: phone d r
2020-02-20 15:13:30.294 6455-6826/com.qualcomm.ftcrobotcontroller D/TeamCode@Command: Missing JSON key: phone r r
2020-02-20 15:13:35.087 6455-6466/com.qualcomm.ftcrobotcontroller I/art: Background sticky concurrent mark sweep GC freed 642149(16MB) AllocSpace objects, 0(0B) LOS objects, 26% free, 43MB/59MB, paused 1.514ms total 127.071ms
2020-02-20 15:13:37.681 6455-6466/com.qualcomm.ftcrobotcontroller I/art: Background sticky concurrent mark sweep GC freed 642198(16MB) AllocSpace objects, 0(0B) LOS objects, 26% free, 43MB/59MB, paused 1.673ms total 130.342ms
2020-02-20 15:13:40.271 6455-6466/com.qualcomm.ftcrobotcontroller I/art: Background sticky concurrent mark sweep GC freed 642309(16MB) AllocSpace objects, 0(0B) LOS objects, 26% free, 43MB/59MB, paused 1.677ms total 136.647ms
2020-02-20 15:13:42.895 6455-6466/com.qualcomm.ftcrobotcontroller I/art: Background sticky concurrent mark sweep GC freed 639909(16MB) AllocSpace objects, 0(0B) LOS objects, 26% free, 43MB/59MB, paused 1.724ms total 132.233ms
2020-02-20 15:13:45.618 6455-6466/com.qualcomm.ftcrobotcontroller I/art: Background sticky concurrent mark sweep GC freed 641505(16MB) AllocSpace objects, 0(0B) LOS objects, 26% free, 43MB/59MB, paused 1.475ms total 120.154ms
2020-02-20 15:13:48.241 6455-6466/com.qualcomm.ftcrobotcontroller I/art: Background sticky concurrent mark sweep GC freed 640540(16MB) AllocSpace objects, 0(0B) LOS objects, 26% free, 43MB/59MB, paused 1.597ms total 119.922ms
2020-02-20 15:13:50.837 6455-6466/com.qualcomm.ftcrobotcontroller I/art: Background sticky concurrent mark sweep GC freed 639765(16MB) AllocSpace objects, 0(0B) LOS objects, 26% free, 43MB/59MB, paused 1.582ms total 116.844ms
2020-02-20 15:13:53.502 6455-6466/com.qualcomm.ftcrobotcontroller I/art: Background sticky concurrent mark sweep GC freed 635960(16MB) AllocSpace objects, 0(0B) LOS objects, 26% free, 43MB/59MB, paused 1.546ms total 131.756ms
2020-02-20 15:13:56.161 6455-6466/com.qualcomm.ftcrobotcontroller I/art: Background sticky concurrent mark sweep GC freed 638388(16MB) AllocSpace objects, 0(0B) LOS objects, 26% free, 43MB/59MB, paused 1.514ms total 123.609ms
2020-02-20 15:13:58.492 6455-6827/com.qualcomm.ftcrobotcontroller V/ThreadPool: container(0x007f75c6: default threadpool) removed id=329 TID=6827 count=2
2020-02-20 15:13:58.594 6455-6852/com.qualcomm.ftcrobotcontroller V/ThreadPool: container(0x007f75c6: default threadpool) removed id=351 TID=6852 count=1
2020-02-20 15:13:58.735 6455-6466/com.qualcomm.ftcrobotcontroller I/art: Background sticky concurrent mark sweep GC freed 631548(16MB) AllocSpace objects, 0(0B) LOS objects, 26% free, 43MB/59MB, paused 1.876ms total 137.045ms
2020-02-20 15:14:01.383 6455-6466/com.qualcomm.ftcrobotcontroller I/art: Background partial concurrent mark sweep GC freed 650355(16MB) AllocSpace objects, 5(12MB) LOS objects, 33% free, 31MB/47MB, paused 1.695ms total 177.086ms
2020-02-20 15:14:03.942 6455-6466/com.qualcomm.ftcrobotcontroller I/art: Background sticky concurrent mark sweep GC freed 644955(16MB) AllocSpace objects, 0(0B) LOS objects, 33% free, 31MB/47MB, paused 1.503ms total 126.064ms
2020-02-20 15:14:06.496 6455-6466/com.qualcomm.ftcrobotcontroller I/art: Background sticky concurrent mark sweep GC freed 646373(16MB) AllocSpace objects, 0(0B) LOS objects, 33% free, 31MB/47MB, paused 1.505ms total 119.931ms
2020-02-20 15:14:09.056 6455-6466/com.qualcomm.ftcrobotcontroller I/art: Background sticky concurrent mark sweep GC freed 643475(16MB) AllocSpace objects, 0(0B) LOS objects, 33% free, 31MB/47MB, paused 1.565ms total 126.218ms
2020-02-20 15:14:11.664 6455-6466/com.qualcomm.ftcrobotcontroller I/art: Background sticky concurrent mark sweep GC freed 644108(16MB) AllocSpace objects, 0(0B) LOS objects, 33% free, 31MB/47MB, paused 2.954ms total 150.608ms
2020-02-20 15:14:14.284 6455-6466/com.qualcomm.ftcrobotcontroller I/art: Background partial concurrent mark sweep GC freed 653655(16MB) AllocSpace objects, 0(0B) LOS objects, 33% free, 31MB/47MB, paused 3.311ms total 177.391ms
2020-02-20 15:14:16.915 6455-6466/com.qualcomm.ftcrobotcontroller I/art: Background sticky concurrent mark sweep GC freed 640788(16MB) AllocSpace objects, 0(0B) LOS objects, 33% free, 31MB/47MB, paused 1.412ms total 120.687ms
2020-02-20 15:14:19.723 6455-6466/com.qualcomm.ftcrobotcontroller I/art: Background sticky concurrent mark sweep GC freed 643571(16MB) AllocSpace objects, 0(0B) LOS objects, 33% free, 31MB/47MB, paused 1.466ms total 115.532ms
2020-02-20 15:14:22.219 6455-6530/com.qualcomm.ftcrobotcontroller V/Robocol: received command: CMD_INIT_OP_MODE(28156) $Stop$Robot$
2020-02-20 15:14:22.226 6455-6529/com.qualcomm.ftcrobotcontroller I/RobotCore: ******************** STOP - OPMODE /storage/emulated/0/FIRST/matchlogs/Match-0-VuforiaTest.txt ********************
2020-02-20 15:14:22.229 6455-6529/com.qualcomm.ftcrobotcontroller I/RobotCore: Pruning old logs deleting Match-0-RedStoneSideAutoOp.txt
2020-02-20 15:14:22.232 6455-6548/com.qualcomm.ftcrobotcontroller V/ThreadPool: waiting for service user linear op mode
2020-02-20 15:14:22.232 6455-6826/com.qualcomm.ftcrobotcontroller D/TeamCode@Action: Stop
2020-02-20 15:14:22.233 6455-6857/com.qualcomm.ftcrobotcontroller D/TeamCode@Action: Action thread was interrupted
2020-02-20 15:14:22.233 6455-6857/com.qualcomm.ftcrobotcontroller D/TeamCode@Action: Completed
2020-02-20 15:14:22.234 6455-6868/com.qualcomm.ftcrobotcontroller I/RobotCore: saving match logcat to /storage/emulated/0/FIRST/matchlogs/Match-0-VuforiaTest.txt
2020-02-20 15:14:22.234 6455-6868/com.qualcomm.ftcrobotcontroller I/RobotCore: logging command line: exec logcat -d -T '2-20 18:13:25.000' -f /storage/emulated/0/FIRST/matchlogs/Match-0-VuforiaTest.txt -n4 -v threadtime UsbRequestJNI:S UsbRequest:S art:W ThreadPool:W System:W ExtendedExtractor:W OMXClient:W MediaPlayer:W dalvikvm:W  *:V
2020-02-20 15:14:22.256 6455-6826/com.qualcomm.ftcrobotcontroller V/RobotCore: thread: ...terminating 'LinearOpMode main'
2020-02-20 15:14:22.257 6455-6548/com.qualcomm.ftcrobotcontroller V/ThreadPool: service user linear op mode terminated in awaitTermination()
2020-02-20 15:14:22.257 6455-6826/com.qualcomm.ftcrobotcontroller V/ThreadPool: container(0x07da7214: LinearOpMode) removed id=328 TID=6826 count=1
2020-02-20 15:14:22.257 6455-6548/com.qualcomm.ftcrobotcontroller V/ThreadPool: executive service user linear op mode(0x07da7214) is terminated
2020-02-20 15:14:22.257 6455-6548/com.qualcomm.ftcrobotcontroller D/Uvc: [NativeVuforiaWebcam.h:347] NativeVuforiaWebcam::stop()...
2020-02-20 15:14:22.258 6455-6548/com.qualcomm.ftcrobotcontroller D/VuforiaWebcam: nativeCallbackStop()...
2020-02-20 15:14:22.258 6455-6548/com.qualcomm.ftcrobotcontroller D/VuforiaWebcam: stop()...
2020-02-20 15:14:22.258 6455-6548/com.qualcomm.ftcrobotcontroller D/UsbResiliantWebcam|DelCaptureSession: stopCapture()...
2020-02-20 15:14:22.258 6455-6548/com.qualcomm.ftcrobotcontroller D/UsbResiliantWebcam|DelCaptureSequence: undoStreaming()...
2020-02-20 15:14:22.258 6455-6548/com.qualcomm.ftcrobotcontroller D/UvcApiCaptureSession: stopCapture()...
2020-02-20 15:14:22.258 6455-6548/com.qualcomm.ftcrobotcontroller D/Uvc: [jni_streamhandle.cpp:184] Java_org_firstinspires_ftc_robotcore_internal_camera_libuvc_nativeobject_UvcStreamHandle_nativeStopStreaming()...
2020-02-20 15:14:22.258 6455-6548/com.qualcomm.ftcrobotcontroller V/Uvc: API: Java_org_firstinspires_ftc_robotcore_internal_camera_libuvc_nativeobject_UvcStreamHandle_nativeStopStreaming: enter...
2020-02-20 15:14:22.259 6455-6548/com.qualcomm.ftcrobotcontroller D/Uvc: [stream.cpp:1465] uvc_stream_stop()...
2020-02-20 15:14:22.259 6455-6548/com.qualcomm.ftcrobotcontroller D/UvcStream: [stream.cpp:1493] cancelling extant transfers
2020-02-20 15:14:22.285 6455-6548/com.qualcomm.ftcrobotcontroller D/Uvc: [stream.cpp:1422] (waitForAllTransfers(waiting for cancelled transfers))...
2020-02-20 15:14:22.291 6455-6548/com.qualcomm.ftcrobotcontroller D/UvcStream: [stream.cpp:1436] no extant active transfers: continuing
2020-02-20 15:14:22.291 6455-6548/com.qualcomm.ftcrobotcontroller D/Uvc: [stream.cpp:1422] ...()
2020-02-20 15:14:22.291 6455-6548/com.qualcomm.ftcrobotcontroller D/Uvc: [stream.cpp:1140] uvc_stream_handle::stopIsochronousStreaming()...
2020-02-20 15:14:22.291 6455-6548/com.qualcomm.ftcrobotcontroller D/Uvc: [libuvc/libuvc_internal.h:828] uvc_device_handle::setInterfaceAltSetting(setInterfaceAltSetting(intf=1 alt=0))...
2020-02-20 15:14:22.291 6455-6548/com.qualcomm.ftcrobotcontroller D/UvcDevice: setInterfaceAltSetting(1,0)
2020-02-20 15:14:22.305 6455-6548/com.qualcomm.ftcrobotcontroller D/UvcDevice: setInterfaceAltSetting(1,0) succeeded
2020-02-20 15:14:22.305 6455-6548/com.qualcomm.ftcrobotcontroller D/Uvc: [libuvc/libuvc_internal.h:828] ...uvc_device_handle::setInterfaceAltSetting() rc=0
2020-02-20 15:14:22.306 6455-6548/com.qualcomm.ftcrobotcontroller D/Uvc: [stream.cpp:1140] ...uvc_stream_handle::stopIsochronousStreaming() rc=0
2020-02-20 15:14:22.306 6455-6548/com.qualcomm.ftcrobotcontroller D/UvcStream: [stream.cpp:1509] awakening user thread
2020-02-20 15:14:22.306 6455-6548/com.qualcomm.ftcrobotcontroller D/UvcStream: [stream.cpp:1518] waiting for user callback thread to finish
2020-02-20 15:14:22.306 6455-6853/com.qualcomm.ftcrobotcontroller D/UvcStream: [stream.cpp:1280] user callback thread stopped
2020-02-20 15:14:22.306 6455-6548/com.qualcomm.ftcrobotcontroller D/Uvc: [stream.cpp:1465] ...uvc_stream_stop() rc=0
2020-02-20 15:14:22.306 6455-6548/com.qualcomm.ftcrobotcontroller V/Uvc: API: Java_org_firstinspires_ftc_robotcore_internal_camera_libuvc_nativeobject_UvcStreamHandle_nativeStopStreaming: ...exit
2020-02-20 15:14:22.306 6455-6548/com.qualcomm.ftcrobotcontroller D/Uvc: [jni_streamhandle.cpp:184] ...Java_org_firstinspires_ftc_robotcore_internal_camera_libuvc_nativeobject_UvcStreamHandle_nativeStopStreaming()
2020-02-20 15:14:22.306 6455-6548/com.qualcomm.ftcrobotcontroller V/UvcFrameCallback: destroy(hash=0x023eed2d)
2020-02-20 15:14:22.307 6455-6548/com.qualcomm.ftcrobotcontroller V/UvcFrameCallbackData: destroy(pointer=0xcb240040)
2020-02-20 15:14:22.307 6455-6548/com.qualcomm.ftcrobotcontroller V/Uvc: API: Java_org_firstinspires_ftc_robotcore_internal_camera_libuvc_nativeobject_UvcFrameCallback_nativeReleaseCallbackState: enter...
2020-02-20 15:14:22.307 6455-6548/com.qualcomm.ftcrobotcontroller V/Uvc: API: Java_org_firstinspires_ftc_robotcore_internal_camera_libuvc_nativeobject_UvcFrameCallback_nativeReleaseCallbackState: ...exit
2020-02-20 15:14:22.307 6455-6548/com.qualcomm.ftcrobotcontroller V/UvcStreamHandle: destroy(pointer=0xcd917240)
2020-02-20 15:14:22.307 6455-6548/com.qualcomm.ftcrobotcontroller D/Uvc: [jni_streamhandle.cpp:184] Java_org_firstinspires_ftc_robotcore_internal_camera_libuvc_nativeobject_UvcStreamHandle_nativeStopStreaming()...
2020-02-20 15:14:22.307 6455-6548/com.qualcomm.ftcrobotcontroller V/Uvc: API: Java_org_firstinspires_ftc_robotcore_internal_camera_libuvc_nativeobject_UvcStreamHandle_nativeStopStreaming: enter...
2020-02-20 15:14:22.307 6455-6548/com.qualcomm.ftcrobotcontroller D/Uvc: [stream.cpp:1465] uvc_stream_stop()...
2020-02-20 15:14:22.307 6455-6548/com.qualcomm.ftcrobotcontroller D/Uvc: [stream.cpp:1465] ...uvc_stream_stop() rc=0
2020-02-20 15:14:22.307 6455-6548/com.qualcomm.ftcrobotcontroller V/Uvc: API: Java_org_firstinspires_ftc_robotcore_internal_camera_libuvc_nativeobject_UvcStreamHandle_nativeStopStreaming: ...exit
2020-02-20 15:14:22.307 6455-6548/com.qualcomm.ftcrobotcontroller D/Uvc: [jni_streamhandle.cpp:184] ...Java_org_firstinspires_ftc_robotcore_internal_camera_libuvc_nativeobject_UvcStreamHandle_nativeStopStreaming()
2020-02-20 15:14:22.307 6455-6548/com.qualcomm.ftcrobotcontroller D/Uvc: [jni_streamhandle.cpp:200] Java_org_firstinspires_ftc_robotcore_internal_camera_libuvc_nativeobject_UvcStreamHandle_nativeCloseStreamHandle()...
2020-02-20 15:14:22.307 6455-6548/com.qualcomm.ftcrobotcontroller V/Uvc: API: Java_org_firstinspires_ftc_robotcore_internal_camera_libuvc_nativeobject_UvcStreamHandle_nativeCloseStreamHandle: enter...
2020-02-20 15:14:22.308 6455-6548/com.qualcomm.ftcrobotcontroller D/Uvc: [stream.cpp:1535] uvc_stream_close()...
2020-02-20 15:14:22.308 6455-6548/com.qualcomm.ftcrobotcontroller D/Uvc: [streamhandle.cpp:45] uvc_stream_handle::~uvc_stream_handle()...
2020-02-20 15:14:22.308 6455-6548/com.qualcomm.ftcrobotcontroller D/Uvc: [streamhandle.cpp:66] uvc_stream_handle::releaseInterface()...
2020-02-20 15:14:22.308 6455-6548/com.qualcomm.ftcrobotcontroller D/Uvc: [libuvc/libuvc_internal.h:796] uvc_device_handle::releaseInterface()...
2020-02-20 15:14:22.308 6455-6548/com.qualcomm.ftcrobotcontroller D/UvcDevice: releaseInterface(1)
2020-02-20 15:14:22.309 6455-6548/com.qualcomm.ftcrobotcontroller D/UvcDevice: releaseInterface(1) succeeded
2020-02-20 15:14:22.309 6455-6548/com.qualcomm.ftcrobotcontroller D/Uvc: [libuvc/libuvc_internal.h:796] ...uvc_device_handle::releaseInterface() rc=0
2020-02-20 15:14:22.309 6455-6548/com.qualcomm.ftcrobotcontroller D/Uvc: [streamhandle.cpp:66] ...uvc_stream_handle::releaseInterface()
2020-02-20 15:14:22.309 6455-6548/com.qualcomm.ftcrobotcontroller D/Uvc: [streamhandle.cpp:45] ...uvc_stream_handle::~uvc_stream_handle()
2020-02-20 15:14:22.309 6455-6548/com.qualcomm.ftcrobotcontroller D/Uvc: [stream.cpp:1535] ...uvc_stream_close()
2020-02-20 15:14:22.309 6455-6548/com.qualcomm.ftcrobotcontroller V/Uvc: API: Java_org_firstinspires_ftc_robotcore_internal_camera_libuvc_nativeobject_UvcStreamHandle_nativeCloseStreamHandle: ...exit
2020-02-20 15:14:22.309 6455-6548/com.qualcomm.ftcrobotcontroller D/Uvc: [jni_streamhandle.cpp:200] ...Java_org_firstinspires_ftc_robotcore_internal_camera_libuvc_nativeobject_UvcStreamHandle_nativeCloseStreamHandle()
2020-02-20 15:14:22.309 6455-6548/com.qualcomm.ftcrobotcontroller V/UvcApiCameraCaptureSequence: destroy(hash=0x0e8fd557)
2020-02-20 15:14:22.310 6455-6548/com.qualcomm.ftcrobotcontroller D/UvcApiCaptureSession: ...stopCapture()
2020-02-20 15:14:22.310 6455-6621/com.qualcomm.ftcrobotcontroller D/VuforiaWebcam: capture sequence DelegatingCaptureSequenceId(1) reports completed: lastFrame=1478
2020-02-20 15:14:22.310 6455-6548/com.qualcomm.ftcrobotcontroller D/UvcApiCaptureSession: doClose()...
2020-02-20 15:14:22.310 6455-6548/com.qualcomm.ftcrobotcontroller V/ThreadPool: container(0x007f75c6: default threadpool) added id=364 TID=0 count=1
2020-02-20 15:14:22.311 6455-6548/com.qualcomm.ftcrobotcontroller D/UvcApiCaptureSession: ...doClose()
2020-02-20 15:14:22.311 6455-6548/com.qualcomm.ftcrobotcontroller D/UsbResiliantWebcam|DelCaptureSequence: ...undoStreaming()
2020-02-20 15:14:22.312 6455-6621/com.qualcomm.ftcrobotcontroller D/VuforiaWebcam: capture sequence DelegatingCaptureSequenceId(1) reports completed: lastFrame=1478
2020-02-20 15:14:22.312 6455-6548/com.qualcomm.ftcrobotcontroller V/UsbResiliantWebcam|DelCaptureSequence: destroy(hash=0x0ffd12f1)
2020-02-20 15:14:22.312 6455-6872/com.qualcomm.ftcrobotcontroller D/UsbResiliantWebcam|DelCaptureSession: camera session is closed: Webcam(61C44FD0)
2020-02-20 15:14:22.312 6455-6548/com.qualcomm.ftcrobotcontroller D/UsbResiliantWebcam|DelCaptureSession: ...stopCapture()
2020-02-20 15:14:22.312 6455-6548/com.qualcomm.ftcrobotcontroller D/UsbResiliantWebcam|DelCaptureSession: doClose()...
2020-02-20 15:14:22.312 6455-6872/com.qualcomm.ftcrobotcontroller V/UvcApiCaptureSession: destroy(hash=0x01ecaed6)
2020-02-20 15:14:22.313 6455-6872/com.qualcomm.ftcrobotcontroller D/UvcApiCaptureSession: destructor...
2020-02-20 15:14:22.313 6455-6872/com.qualcomm.ftcrobotcontroller D/UvcApiCaptureSession: ...destructor
2020-02-20 15:14:22.313 6455-6548/com.qualcomm.ftcrobotcontroller D/UsbResiliantWebcam|DelCaptureSession: ...doClose()
2020-02-20 15:14:22.313 6455-6548/com.qualcomm.ftcrobotcontroller D/VuforiaWebcam: ...stop()
2020-02-20 15:14:22.313 6455-6621/com.qualcomm.ftcrobotcontroller D/VuforiaWebcam: capture session reports closed: DelegatingCaptureSession(1)
2020-02-20 15:14:22.313 6455-6548/com.qualcomm.ftcrobotcontroller D/VuforiaWebcam: ...nativeCallbackStop()
2020-02-20 15:14:22.313 6455-6548/com.qualcomm.ftcrobotcontroller D/Uvc: [NativeVuforiaWebcam.h:347] ...NativeVuforiaWebcam::stop()
2020-02-20 15:14:22.314 6455-6621/com.qualcomm.ftcrobotcontroller V/CameraCallback: destroy(pointer=0xba67e1f0)
2020-02-20 15:14:22.314 6455-6621/com.qualcomm.ftcrobotcontroller V/UsbResiliantWebcam|DelCaptureSession: destroy(hash=0x09dc5a98)
2020-02-20 15:14:22.314 6455-6621/com.qualcomm.ftcrobotcontroller D/UsbResiliantWebcam|DelCaptureSession: destructor()...
2020-02-20 15:14:22.314 6455-6621/com.qualcomm.ftcrobotcontroller D/UsbResiliantWebcam|DelCaptureSession: ...destructor()
2020-02-20 15:14:22.333 6455-6466/com.qualcomm.ftcrobotcontroller I/art: Background sticky concurrent mark sweep GC freed 643139(16MB) AllocSpace objects, 0(0B) LOS objects, 33% free, 31MB/47MB, paused 1.471ms total 143.308ms
2020-02-20 15:14:22.339 6455-6868/com.qualcomm.ftcrobotcontroller I/RobotCore: Done running exec logcat -d -T '2-20 18:13:25.000' -f /storage/emulated/0/FIRST/matchlogs/Match-0-VuforiaTest.txt -n4 -v threadtime UsbRequestJNI:S UsbRequest:S art:W ThreadPool:W System:W ExtendedExtractor:W OMXClient:W MediaPlayer:W dalvikvm:W  *:V
2020-02-20 15:14:22.339 6455-6868/com.qualcomm.ftcrobotcontroller I/RobotCore: exiting match logcat for /storage/emulated/0/FIRST/matchlogs/Match-0-VuforiaTest.txt
2020-02-20 15:14:22.344 6455-6548/com.qualcomm.ftcrobotcontroller D/Uvc: [NativeVuforiaWebcam.cpp:241] Java_org_firstinspires_ftc_robotcore_internal_vuforia_externalprovider_VuforiaWebcam_nativePreVuforiaDeinit()...
2020-02-20 15:14:22.344 6455-6548/com.qualcomm.ftcrobotcontroller D/Uvc: [NativeVuforiaWebcam.h:246] NativeVuforiaWebcam::preVuforiaDeinit()...
2020-02-20 15:14:22.344 6455-6548/com.qualcomm.ftcrobotcontroller D/Uvc: [NativeVuforiaWebcam.h:246] ...NativeVuforiaWebcam::preVuforiaDeinit()
2020-02-20 15:14:22.344 6455-6548/com.qualcomm.ftcrobotcontroller D/Uvc: [NativeVuforiaWebcam.cpp:241] ...Java_org_firstinspires_ftc_robotcore_internal_vuforia_externalprovider_VuforiaWebcam_nativePreVuforiaDeinit()
2020-02-20 15:14:22.345 6455-6548/com.qualcomm.ftcrobotcontroller D/Vuforia: Vuforia.deinit()...
2020-02-20 15:14:22.442 6455-6548/com.qualcomm.ftcrobotcontroller D/Uvc: [NativeVuforiaWebcam.h:305] NativeVuforiaWebcam::close()...
2020-02-20 15:14:22.442 6455-6548/com.qualcomm.ftcrobotcontroller D/VuforiaWebcam: nativeCallbackClose()...
2020-02-20 15:14:22.443 6455-6548/com.qualcomm.ftcrobotcontroller D/VuforiaWebcam: closeCamera()...
2020-02-20 15:14:22.444 6455-6548/com.qualcomm.ftcrobotcontroller V/CameraImpl: destroy(hash=0x05a9a475)
2020-02-20 15:14:22.444 6455-6548/com.qualcomm.ftcrobotcontroller D/UsbResiliantWebcam: CameraImpl.destructor()...
2020-02-20 15:14:22.445 6455-6548/com.qualcomm.ftcrobotcontroller D/UsbResiliantWebcam: externalDestructor()...
2020-02-20 15:14:22.446 6455-6548/com.qualcomm.ftcrobotcontroller V/CameraImpl: destroy(hash=0x00e9efac)
2020-02-20 15:14:22.446 6455-6872/com.qualcomm.ftcrobotcontroller D/CameraManager: camera reports closed: CameraImpl(UsbResiliantWebcam(Webcam(61C44FD0)))
2020-02-20 15:14:22.446 6455-6548/com.qualcomm.ftcrobotcontroller D/UvcDeviceHandle: CameraImpl.destructor()...
2020-02-20 15:14:22.447 6455-6548/com.qualcomm.ftcrobotcontroller D/UvcDeviceHandle: externalDestructor()...
2020-02-20 15:14:22.449 6455-6548/com.qualcomm.ftcrobotcontroller D/UsbResiliantWebcam: changeDelegatedCamera(CameraImpl(UvcDeviceHandle(pointer=0xbc2efc00|UvcDevice(/dev/bus/usb/001/002)))->null)...
2020-02-20 15:14:22.451 6455-6548/com.qualcomm.ftcrobotcontroller D/CachingExposureControl: onCameraChanged(CameraImpl(UvcDeviceHandle(pointer=0xbc2efc00|UvcDevice(/dev/bus/usb/001/002)))->null)...
2020-02-20 15:14:22.451 6455-6548/com.qualcomm.ftcrobotcontroller D/CachingExposureControl: ...onCameraChanged(CameraImpl(UvcDeviceHandle(pointer=0xbc2efc00|UvcDevice(/dev/bus/usb/001/002)))->null)
2020-02-20 15:14:22.452 6455-6548/com.qualcomm.ftcrobotcontroller D/UsbResiliantWebcam: ...changeDelegatedCamera(CameraImpl(UvcDeviceHandle(pointer=0xbc2efc00|UvcDevice(/dev/bus/usb/001/002)))->null)
2020-02-20 15:14:22.452 6455-6548/com.qualcomm.ftcrobotcontroller D/UvcDeviceHandle: ...externalDestructor()
2020-02-20 15:14:22.453 6455-6548/com.qualcomm.ftcrobotcontroller V/UvcDeviceHandle: destroy(pointer=0xbc2efc00)
2020-02-20 15:14:22.454 6455-6548/com.qualcomm.ftcrobotcontroller D/UvcDeviceHandle: destructor...
2020-02-20 15:14:22.454 6455-6548/com.qualcomm.ftcrobotcontroller D/Uvc: [jni_devicehandle.cpp:87] Java_org_firstinspires_ftc_robotcore_internal_camera_libuvc_nativeobject_UvcDeviceHandle_nativeReleaseRefDeviceHandle()...
2020-02-20 15:14:22.454 6455-6548/com.qualcomm.ftcrobotcontroller V/Uvc: API: Java_org_firstinspires_ftc_robotcore_internal_camera_libuvc_nativeobject_UvcDeviceHandle_nativeReleaseRefDeviceHandle: enter...
2020-02-20 15:14:22.454 6455-6548/com.qualcomm.ftcrobotcontroller D/Uvc: [libuvc/libuvc_internal.h:877] uvc_device_handle::~uvc_device_handle()...
2020-02-20 15:14:22.454 6455-6548/com.qualcomm.ftcrobotcontroller D/Uvc: [libuvc/libuvc_internal.h:845] uvc_device_handle::deconstruct()...
2020-02-20 15:14:22.454 6455-6548/com.qualcomm.ftcrobotcontroller D/Uvc: [libuvc/libuvc_internal.h:754] uvc_device_handle::stop()...
2020-02-20 15:14:22.455 6455-6548/com.qualcomm.ftcrobotcontroller D/Uvc: [libuvc/libuvc_internal.h:754] ...uvc_device_handle::stop()
2020-02-20 15:14:22.455 6455-6548/com.qualcomm.ftcrobotcontroller D/Uvc: [libuvc/libuvc_internal.h:870] uvc_device_handle::close()...
2020-02-20 15:14:22.455 6455-6548/com.qualcomm.ftcrobotcontroller E/libusb: [982.359469] [00001994] libusb: error [do_close] Device handle closed while transfer was still being processed, but the device is still connected as far as we know
2020-02-20 15:14:22.455 6455-6548/com.qualcomm.ftcrobotcontroller E/libusb: [982.359628] [00001994] libusb: error [do_close] A cancellation hasn't even been scheduled on the transfer for which the device is closing
2020-02-20 15:14:22.455 6455-6548/com.qualcomm.ftcrobotcontroller D/Uvc: [libuvc/libuvc_internal.h:870] ...uvc_device_handle::close()
2020-02-20 15:14:22.455 6455-6548/com.qualcomm.ftcrobotcontroller D/Uvc: [libuvc/libuvc_internal.h:845] ...uvc_device_handle::deconstruct()
2020-02-20 15:14:22.455 6455-6548/com.qualcomm.ftcrobotcontroller D/Uvc: [device.cpp:433] uvc_free_device_info()...
2020-02-20 15:14:22.456 6455-6548/com.qualcomm.ftcrobotcontroller D/Uvc: [device.cpp:433] ...uvc_free_device_info()
2020-02-20 15:14:22.456 6455-6548/com.qualcomm.ftcrobotcontroller D/Uvc: [libuvc/libuvc_internal.h:877] ...uvc_device_handle::~uvc_device_handle()
2020-02-20 15:14:22.456 6455-6548/com.qualcomm.ftcrobotcontroller V/Uvc: API: Java_org_firstinspires_ftc_robotcore_internal_camera_libuvc_nativeobject_UvcDeviceHandle_nativeReleaseRefDeviceHandle: ...exit
2020-02-20 15:14:22.456 6455-6548/com.qualcomm.ftcrobotcontroller D/Uvc: [jni_devicehandle.cpp:87] ...Java_org_firstinspires_ftc_robotcore_internal_camera_libuvc_nativeobject_UvcDeviceHandle_nativeReleaseRefDeviceHandle()
2020-02-20 15:14:22.457 6455-6548/com.qualcomm.ftcrobotcontroller V/UvcDevice: destroy(pointer=0xb88fc248|/dev/bus/usb/001/002)
2020-02-20 15:14:22.457 6455-6548/com.qualcomm.ftcrobotcontroller D/UsbDeviceConnectionJNI: close
2020-02-20 15:14:22.458 6455-6548/com.qualcomm.ftcrobotcontroller D/Uvc: [jni_device.cpp:126] Java_org_firstinspires_ftc_robotcore_internal_camera_libuvc_nativeobject_UvcDevice_nativeReleaseRefDevice()...
2020-02-20 15:14:22.458 6455-6548/com.qualcomm.ftcrobotcontroller V/Uvc: API: Java_org_firstinspires_ftc_robotcore_internal_camera_libuvc_nativeobject_UvcDevice_nativeReleaseRefDevice: enter...
2020-02-20 15:14:22.458 6455-6548/com.qualcomm.ftcrobotcontroller D/Uvc: [device.cpp:882] uvc_unref_device()...
2020-02-20 15:14:22.459 6455-6548/com.qualcomm.ftcrobotcontroller D/Uvc: [device.cpp:882] ...uvc_unref_device()
2020-02-20 15:14:22.459 6455-6548/com.qualcomm.ftcrobotcontroller V/Uvc: API: Java_org_firstinspires_ftc_robotcore_internal_camera_libuvc_nativeobject_UvcDevice_nativeReleaseRefDevice: ...exit
2020-02-20 15:14:22.459 6455-6548/com.qualcomm.ftcrobotcontroller D/Uvc: [jni_device.cpp:126] ...Java_org_firstinspires_ftc_robotcore_internal_camera_libuvc_nativeobject_UvcDevice_nativeReleaseRefDevice()
2020-02-20 15:14:22.460 6455-6548/com.qualcomm.ftcrobotcontroller V/LibUsbDevice: destroy(pointer=0xe8819ec0)
2020-02-20 15:14:22.460 6455-6548/com.qualcomm.ftcrobotcontroller D/Uvc: [jni_libusb_device.cpp:64] Java_org_firstinspires_ftc_robotcore_internal_camera_libuvc_nativeobject_LibUsbDevice_nativeReleaseRefDevice()...
2020-02-20 15:14:22.460 6455-6548/com.qualcomm.ftcrobotcontroller D/Uvc: [jni_libusb_device.cpp:64] ...Java_org_firstinspires_ftc_robotcore_internal_camera_libuvc_nativeobject_LibUsbDevice_nativeReleaseRefDevice()
2020-02-20 15:14:22.460 6455-6548/com.qualcomm.ftcrobotcontroller D/UvcDeviceHandle: ...destructor
2020-02-20 15:14:22.461 6455-6548/com.qualcomm.ftcrobotcontroller D/UvcDeviceHandle: ...CameraImpl.destructor()
2020-02-20 15:14:22.461 6455-6548/com.qualcomm.ftcrobotcontroller D/UsbResiliantWebcam: ...externalDestructor()
2020-02-20 15:14:22.461 6455-6548/com.qualcomm.ftcrobotcontroller V/UsbResiliantWebcam: destroy(hash=0x078cddfe)
2020-02-20 15:14:22.462 6455-6548/com.qualcomm.ftcrobotcontroller D/UsbResiliantWebcam: destructor()...
2020-02-20 15:14:22.462 6455-6548/com.qualcomm.ftcrobotcontroller D/UsbResiliantWebcam: ...destructor()
2020-02-20 15:14:22.462 6455-6548/com.qualcomm.ftcrobotcontroller D/UsbResiliantWebcam: ...CameraImpl.destructor()
2020-02-20 15:14:22.463 6455-6548/com.qualcomm.ftcrobotcontroller D/VuforiaWebcam: ...closeCamera()
2020-02-20 15:14:22.463 6455-6548/com.qualcomm.ftcrobotcontroller D/VuforiaWebcam: ...nativeCallbackClose()
2020-02-20 15:14:22.463 6455-6548/com.qualcomm.ftcrobotcontroller D/Uvc: [NativeVuforiaWebcam.h:305] ...NativeVuforiaWebcam::close()
2020-02-20 15:14:22.463 6455-6548/com.qualcomm.ftcrobotcontroller D/Uvc: [NativeVuforiaWebcam.cpp:141] vuforiaext_destroyExternalCamera()...
2020-02-20 15:14:22.463 6455-6548/com.qualcomm.ftcrobotcontroller V/Uvc: API: vuforiaext_destroyExternalCamera: enter...
2020-02-20 15:14:22.463 6455-6548/com.qualcomm.ftcrobotcontroller D/UvcVuforiaWebcam: [NativeVuforiaWebcam.cpp:146] vuforiaext_destroyExternalCamera() provided null pointer: working around that bug
2020-02-20 15:14:22.463 6455-6548/com.qualcomm.ftcrobotcontroller D/Uvc: [VuforiaExternalProviderDelegator.h:72] VuforiaExternalProviderDelegator::~VuforiaExternalProviderDelegator()...
2020-02-20 15:14:22.463 6455-6548/com.qualcomm.ftcrobotcontroller D/UvcVuforiaWebcam: [VuforiaExternalProviderDelegator.h:74] NativeVuforiaWebcam cref remaining=1
2020-02-20 15:14:22.463 6455-6548/com.qualcomm.ftcrobotcontroller D/Uvc: [VuforiaExternalProviderDelegator.h:72] ...VuforiaExternalProviderDelegator::~VuforiaExternalProviderDelegator()
2020-02-20 15:14:22.463 6455-6548/com.qualcomm.ftcrobotcontroller D/UvcVuforiaWebcam: [NativeVuforiaWebcam.cpp:153] delegator cref remaining=0
2020-02-20 15:14:22.463 6455-6548/com.qualcomm.ftcrobotcontroller V/Uvc: API: vuforiaext_destroyExternalCamera: ...exit
2020-02-20 15:14:22.463 6455-6548/com.qualcomm.ftcrobotcontroller D/Uvc: [NativeVuforiaWebcam.cpp:141] ...vuforiaext_destroyExternalCamera()
2020-02-20 15:14:22.464 6455-6548/com.qualcomm.ftcrobotcontroller D/Vuforia: ...Vuforia.deinit()
2020-02-20 15:14:22.465 6455-6548/com.qualcomm.ftcrobotcontroller D/Uvc: [NativeVuforiaWebcam.cpp:258] Java_org_firstinspires_ftc_robotcore_internal_vuforia_externalprovider_VuforiaWebcam_nativePostVuforiaDeinit()...
2020-02-20 15:14:22.465 6455-6548/com.qualcomm.ftcrobotcontroller D/Uvc: [NativeVuforiaWebcam.cpp:258] ...Java_org_firstinspires_ftc_robotcore_internal_vuforia_externalprovider_VuforiaWebcam_nativePostVuforiaDeinit()
2020-02-20 15:14:22.465 6455-6548/com.qualcomm.ftcrobotcontroller V/NativeVuforiaWebcam: destroy(pointer=0xb89e8b00)
2020-02-20 15:14:22.466 6455-6548/com.qualcomm.ftcrobotcontroller D/Uvc: [NativeVuforiaWebcam.cpp:203] Java_org_firstinspires_ftc_robotcore_internal_vuforia_externalprovider_VuforiaWebcam_nativeReleaseVuforiaWebcam()...
2020-02-20 15:14:22.466 6455-6548/com.qualcomm.ftcrobotcontroller D/Uvc: [NativeVuforiaWebcam.h:259] NativeVuforiaWebcam::~NativeVuforiaWebcam()...
2020-02-20 15:14:22.466 6455-6548/com.qualcomm.ftcrobotcontroller D/Uvc: [NativeVuforiaWebcam.h:265] NativeVuforiaWebcam::free()...
2020-02-20 15:14:22.466 6455-6548/com.qualcomm.ftcrobotcontroller D/Uvc: [NativeVuforiaWebcam.h:347] NativeVuforiaWebcam::stop()...
2020-02-20 15:14:22.466 6455-6548/com.qualcomm.ftcrobotcontroller D/VuforiaWebcam: nativeCallbackStop()...
2020-02-20 15:14:22.466 6455-6548/com.qualcomm.ftcrobotcontroller D/VuforiaWebcam: ...nativeCallbackStop()
2020-02-20 15:14:22.466 6455-6548/com.qualcomm.ftcrobotcontroller D/Uvc: [NativeVuforiaWebcam.h:347] ...NativeVuforiaWebcam::stop()
2020-02-20 15:14:22.467 6455-6548/com.qualcomm.ftcrobotcontroller D/Uvc: [NativeVuforiaWebcam.h:305] NativeVuforiaWebcam::close()...
2020-02-20 15:14:22.467 6455-6548/com.qualcomm.ftcrobotcontroller D/VuforiaWebcam: nativeCallbackClose()...
2020-02-20 15:14:22.467 6455-6548/com.qualcomm.ftcrobotcontroller D/VuforiaWebcam: closeCamera()...
2020-02-20 15:14:22.467 6455-6548/com.qualcomm.ftcrobotcontroller D/VuforiaWebcam: ...closeCamera()
2020-02-20 15:14:22.468 6455-6548/com.qualcomm.ftcrobotcontroller D/VuforiaWebcam: ...nativeCallbackClose()
