2020-02-20 15:11:45.237 6455-6764/com.qualcomm.ftcrobotcontroller D/TeamCode@TravelledInches: -35.93809523809524
2020-02-20 15:11:45.260 6455-6764/com.qualcomm.ftcrobotcontroller D/TeamCode@DriveX: -0.08715574274765864
2020-02-20 15:11:45.260 6455-6764/com.qualcomm.ftcrobotcontroller D/TeamCode@DriveY: -0.9961946980917455
2020-02-20 15:11:45.260 6455-6764/com.qualcomm.ftcrobotcontroller D/TeamCode@DriveR: 0.04267874745696402
2020-02-20 15:11:45.260 6455-6764/com.qualcomm.ftcrobotcontroller D/TeamCode@Ramp: 1.0
2020-02-20 15:11:45.261 6455-6764/com.qualcomm.ftcrobotcontroller D/TeamCode@Heading: -90.625
2020-02-20 15:11:45.261 6455-6764/com.qualcomm.ftcrobotcontroller D/TeamCode@TravelledInches: -37.028571428571425
2020-02-20 15:11:45.280 6455-6764/com.qualcomm.ftcrobotcontroller D/TeamCode@DriveX: -0.08715574274765864
2020-02-20 15:11:45.280 6455-6764/com.qualcomm.ftcrobotcontroller D/TeamCode@DriveY: -0.9961946980917455
2020-02-20 15:11:45.281 6455-6764/com.qualcomm.ftcrobotcontroller D/TeamCode@DriveR: 0.03926990816987237
2020-02-20 15:11:45.281 6455-6764/com.qualcomm.ftcrobotcontroller D/TeamCode@Ramp: 1.0
2020-02-20 15:11:45.281 6455-6764/com.qualcomm.ftcrobotcontroller D/TeamCode@Heading: -90.625
2020-02-20 15:11:45.281 6455-6764/com.qualcomm.ftcrobotcontroller D/TeamCode@TravelledInches: -38.55238095238095
2020-02-20 15:11:45.295 6455-6764/com.qualcomm.ftcrobotcontroller D/TeamCode@DriveX: -0.08715574274765864
2020-02-20 15:11:45.295 6455-6764/com.qualcomm.ftcrobotcontroller D/TeamCode@DriveY: -0.9961946980917455
2020-02-20 15:11:45.295 6455-6764/com.qualcomm.ftcrobotcontroller D/TeamCode@DriveR: 0.03926990816987237
2020-02-20 15:11:45.295 6455-6764/com.qualcomm.ftcrobotcontroller D/TeamCode@Ramp: 1.0
2020-02-20 15:11:45.295 6455-6764/com.qualcomm.ftcrobotcontroller D/TeamCode@Heading: -90.625
2020-02-20 15:11:45.295 6455-6764/com.qualcomm.ftcrobotcontroller D/TeamCode@TravelledInches: -39.88095238095238
2020-02-20 15:11:45.315 6455-6764/com.qualcomm.ftcrobotcontroller D/TeamCode@DriveX: -0.08715574274765864
2020-02-20 15:11:45.315 6455-6764/com.qualcomm.ftcrobotcontroller D/TeamCode@DriveY: -0.9961946980917455
2020-02-20 15:11:45.315 6455-6764/com.qualcomm.ftcrobotcontroller D/TeamCode@DriveR: 0.02375442177396097
2020-02-20 15:11:45.315 6455-6764/com.qualcomm.ftcrobotcontroller D/TeamCode@Ramp: 1.0
2020-02-20 15:11:45.315 6455-6764/com.qualcomm.ftcrobotcontroller D/TeamCode@Heading: -90.53125
2020-02-20 15:11:45.316 6455-6764/com.qualcomm.ftcrobotcontroller D/TeamCode@TravelledInches: -41.0
2020-02-20 15:11:45.338 6455-6764/com.qualcomm.ftcrobotcontroller D/TeamCode@DriveX: -0.08715574274765864
2020-02-20 15:11:45.338 6455-6764/com.qualcomm.ftcrobotcontroller D/TeamCode@DriveY: -0.9961946980917455
2020-02-20 15:11:45.338 6455-6764/com.qualcomm.ftcrobotcontroller D/TeamCode@DriveR: 0.033379421944391474
2020-02-20 15:11:45.339 6455-6764/com.qualcomm.ftcrobotcontroller D/TeamCode@Ramp: 1.0
2020-02-20 15:11:45.339 6455-6764/com.qualcomm.ftcrobotcontroller D/TeamCode@Heading: -90.53125
2020-02-20 15:11:45.339 6455-6764/com.qualcomm.ftcrobotcontroller D/TeamCode@TravelledInches: -42.15714285714286
2020-02-20 15:11:45.353 6455-6764/com.qualcomm.ftcrobotcontroller D/TeamCode@DriveX: -0.08715574274765864
2020-02-20 15:11:45.353 6455-6764/com.qualcomm.ftcrobotcontroller D/TeamCode@DriveY: -0.9961946980917455
2020-02-20 15:11:45.353 6455-6764/com.qualcomm.ftcrobotcontroller D/TeamCode@DriveR: 0.033379421944391474
2020-02-20 15:11:45.354 6455-6764/com.qualcomm.ftcrobotcontroller D/TeamCode@Ramp: 1.0
2020-02-20 15:11:45.354 6455-6764/com.qualcomm.ftcrobotcontroller D/TeamCode@Heading: -90.53125
2020-02-20 15:11:45.354 6455-6764/com.qualcomm.ftcrobotcontroller D/TeamCode@TravelledInches: -43.73809523809524
2020-02-20 15:11:45.368 6455-6764/com.qualcomm.ftcrobotcontroller D/TeamCode@DriveX: -0.08715574274765864
2020-02-20 15:11:45.368 6455-6764/com.qualcomm.ftcrobotcontroller D/TeamCode@DriveY: -0.9961946980917455
2020-02-20 15:11:45.368 6455-6764/com.qualcomm.ftcrobotcontroller D/TeamCode@DriveR: 0.033379421944391474
2020-02-20 15:11:45.368 6455-6764/com.qualcomm.ftcrobotcontroller D/TeamCode@Ramp: 1.0
2020-02-20 15:11:45.369 6455-6764/com.qualcomm.ftcrobotcontroller D/TeamCode@Heading: -90.53125
2020-02-20 15:11:45.369 6455-6764/com.qualcomm.ftcrobotcontroller D/TeamCode@TravelledInches: -44.75714285714286
2020-02-20 15:11:45.389 6455-6764/com.qualcomm.ftcrobotcontroller D/TeamCode@DriveX: -0.08715574274765864
2020-02-20 15:11:45.389 6455-6764/com.qualcomm.ftcrobotcontroller D/TeamCode@DriveY: -0.9961946980917455
2020-02-20 15:11:45.389 6455-6764/com.qualcomm.ftcrobotcontroller D/TeamCode@DriveR: 0.02777979156248255
2020-02-20 15:11:45.389 6455-6764/com.qualcomm.ftcrobotcontroller D/TeamCode@Ramp: 1.0
2020-02-20 15:11:45.389 6455-6764/com.qualcomm.ftcrobotcontroller D/TeamCode@Heading: -90.5
2020-02-20 15:11:45.390 6455-6764/com.qualcomm.ftcrobotcontroller D/TeamCode@TravelledInches: -45.77142857142857
2020-02-20 15:11:45.412 6455-6764/com.qualcomm.ftcrobotcontroller D/TeamCode@DriveX: -0.08715574274765864
2020-02-20 15:11:45.412 6455-6764/com.qualcomm.ftcrobotcontroller D/TeamCode@DriveY: -0.9961946980917455
2020-02-20 15:11:45.412 6455-6764/com.qualcomm.ftcrobotcontroller D/TeamCode@DriveR: 0.03141592653589758
2020-02-20 15:11:45.412 6455-6764/com.qualcomm.ftcrobotcontroller D/TeamCode@Ramp: 1.0
2020-02-20 15:11:45.412 6455-6764/com.qualcomm.ftcrobotcontroller D/TeamCode@Heading: -90.5
2020-02-20 15:11:45.412 6455-6764/com.qualcomm.ftcrobotcontroller D/TeamCode@TravelledInches: -47.15238095238095
2020-02-20 15:11:45.430 6455-6764/com.qualcomm.ftcrobotcontroller D/TeamCode@DriveX: -0.08715574274765864
2020-02-20 15:11:45.430 6455-6764/com.qualcomm.ftcrobotcontroller D/TeamCode@DriveY: -0.9961946980917455
2020-02-20 15:11:45.430 6455-6764/com.qualcomm.ftcrobotcontroller D/TeamCode@DriveR: 0.05807181390752671
2020-02-20 15:11:45.430 6455-6764/com.qualcomm.ftcrobotcontroller D/TeamCode@Ramp: 1.0
2020-02-20 15:11:45.430 6455-6764/com.qualcomm.ftcrobotcontroller D/TeamCode@Heading: -90.6875
2020-02-20 15:11:45.431 6455-6764/com.qualcomm.ftcrobotcontroller D/TeamCode@TravelledInches: -48.666666666666664
2020-02-20 15:11:45.450 6455-6764/com.qualcomm.ftcrobotcontroller D/TeamCode@DriveX: -0.08715574274765864
2020-02-20 15:11:45.451 6455-6764/com.qualcomm.ftcrobotcontroller D/TeamCode@DriveY: -0.9961946980917455
2020-02-20 15:11:45.451 6455-6764/com.qualcomm.ftcrobotcontroller D/TeamCode@DriveR: 0.04319689898686017
2020-02-20 15:11:45.451 6455-6764/com.qualcomm.ftcrobotcontroller D/TeamCode@Ramp: 1.0
2020-02-20 15:11:45.451 6455-6764/com.qualcomm.ftcrobotcontroller D/TeamCode@Heading: -90.6875
2020-02-20 15:11:45.452 6455-6764/com.qualcomm.ftcrobotcontroller D/TeamCode@TravelledInches: -49.92857142857143
2020-02-20 15:11:45.472 6455-6764/com.qualcomm.ftcrobotcontroller D/TeamCode@DriveX: -0.08715574274765864
2020-02-20 15:11:45.473 6455-6764/com.qualcomm.ftcrobotcontroller D/TeamCode@DriveY: -0.9961946980917455
2020-02-20 15:11:45.473 6455-6764/com.qualcomm.ftcrobotcontroller D/TeamCode@DriveR: 0.033815749055897855
2020-02-20 15:11:45.473 6455-6764/com.qualcomm.ftcrobotcontroller D/TeamCode@Ramp: 1.0
2020-02-20 15:11:45.473 6455-6764/com.qualcomm.ftcrobotcontroller D/TeamCode@Heading: -90.625
2020-02-20 15:11:45.473 6455-6764/com.qualcomm.ftcrobotcontroller D/TeamCode@TravelledInches: -51.25238095238095
2020-02-20 15:11:45.493 6455-6764/com.qualcomm.ftcrobotcontroller D/TeamCode@DriveX: -0.08715574274765864
2020-02-20 15:11:45.493 6455-6764/com.qualcomm.ftcrobotcontroller D/TeamCode@DriveY: -0.9961946980917455
2020-02-20 15:11:45.494 6455-6764/com.qualcomm.ftcrobotcontroller D/TeamCode@DriveR: 0.03926990816987237
2020-02-20 15:11:45.494 6455-6764/com.qualcomm.ftcrobotcontroller D/TeamCode@Ramp: 1.0
2020-02-20 15:11:45.494 6455-6764/com.qualcomm.ftcrobotcontroller D/TeamCode@Heading: -90.625
2020-02-20 15:11:45.494 6455-6764/com.qualcomm.ftcrobotcontroller D/TeamCode@TravelledInches: -52.74285714285714
2020-02-20 15:11:45.529 6455-6764/com.qualcomm.ftcrobotcontroller D/TeamCode@DriveX: -0.08715574274765864
2020-02-20 15:11:45.529 6455-6764/com.qualcomm.ftcrobotcontroller D/TeamCode@DriveY: -0.9961946980917455
2020-02-20 15:11:45.529 6455-6764/com.qualcomm.ftcrobotcontroller D/TeamCode@DriveR: 0.03014846240925716
2020-02-20 15:11:45.529 6455-6764/com.qualcomm.ftcrobotcontroller D/TeamCode@Ramp: 1.0
2020-02-20 15:11:45.529 6455-6764/com.qualcomm.ftcrobotcontroller D/TeamCode@Heading: -90.5625
2020-02-20 15:11:45.529 6455-6764/com.qualcomm.ftcrobotcontroller D/TeamCode@TravelledInches: -54.147619047619045
2020-02-20 15:11:45.554 6455-6764/com.qualcomm.ftcrobotcontroller D/TeamCode@DriveX: -0.08715574274765864
2020-02-20 15:11:45.554 6455-6764/com.qualcomm.ftcrobotcontroller D/TeamCode@DriveY: -0.9961946980917455
2020-02-20 15:11:45.554 6455-6764/com.qualcomm.ftcrobotcontroller D/TeamCode@DriveR: 0.03186437975281273
2020-02-20 15:11:45.554 6455-6764/com.qualcomm.ftcrobotcontroller D/TeamCode@Ramp: 1.0
2020-02-20 15:11:45.554 6455-6764/com.qualcomm.ftcrobotcontroller D/TeamCode@Heading: -90.53125
2020-02-20 15:11:45.554 6455-6764/com.qualcomm.ftcrobotcontroller D/TeamCode@TravelledInches: -56.542857142857144
2020-02-20 15:11:45.577 6455-6764/com.qualcomm.ftcrobotcontroller D/TeamCode@DriveX: -0.08715574274765864
2020-02-20 15:11:45.577 6455-6764/com.qualcomm.ftcrobotcontroller D/TeamCode@DriveY: -0.9961946980917455
2020-02-20 15:11:45.577 6455-6764/com.qualcomm.ftcrobotcontroller D/TeamCode@DriveR: 0.037440667011006575
2020-02-20 15:11:45.577 6455-6764/com.qualcomm.ftcrobotcontroller D/TeamCode@Ramp: 1.0
2020-02-20 15:11:45.577 6455-6764/com.qualcomm.ftcrobotcontroller D/TeamCode@Heading: -90.5625
2020-02-20 15:11:45.577 6455-6764/com.qualcomm.ftcrobotcontroller D/TeamCode@TravelledInches: -58.304761904761904
2020-02-20 15:11:45.600 6455-6764/com.qualcomm.ftcrobotcontroller D/TeamCode@DriveX: -0.08715574274765864
2020-02-20 15:11:45.600 6455-6764/com.qualcomm.ftcrobotcontroller D/TeamCode@DriveY: -0.9961946980917455
2020-02-20 15:11:45.601 6455-6764/com.qualcomm.ftcrobotcontroller D/TeamCode@DriveR: 0.035342917352885375
2020-02-20 15:11:45.601 6455-6764/com.qualcomm.ftcrobotcontroller D/TeamCode@Ramp: 1.0
2020-02-20 15:11:45.601 6455-6764/com.qualcomm.ftcrobotcontroller D/TeamCode@Heading: -90.5625
2020-02-20 15:11:45.601 6455-6764/com.qualcomm.ftcrobotcontroller D/TeamCode@TravelledInches: -59.852380952380955
2020-02-20 15:11:45.616 6455-6764/com.qualcomm.ftcrobotcontroller D/TeamCode@DriveX: -0.08715574274765864
2020-02-20 15:11:45.616 6455-6764/com.qualcomm.ftcrobotcontroller D/TeamCode@DriveY: -0.9961946980917455
2020-02-20 15:11:45.616 6455-6764/com.qualcomm.ftcrobotcontroller D/TeamCode@DriveR: 0.035342917352885375
2020-02-20 15:11:45.616 6455-6764/com.qualcomm.ftcrobotcontroller D/TeamCode@Ramp: 1.0
2020-02-20 15:11:45.616 6455-6764/com.qualcomm.ftcrobotcontroller D/TeamCode@Heading: -90.5625
2020-02-20 15:11:45.616 6455-6764/com.qualcomm.ftcrobotcontroller D/TeamCode@TravelledInches: -61.41428571428571
2020-02-20 15:11:45.632 6455-6764/com.qualcomm.ftcrobotcontroller D/TeamCode@DriveX: -0.08715574274765864
2020-02-20 15:11:45.632 6455-6764/com.qualcomm.ftcrobotcontroller D/TeamCode@DriveY: -0.9961946980917455
2020-02-20 15:11:45.633 6455-6764/com.qualcomm.ftcrobotcontroller D/TeamCode@DriveR: 0.035342917352885375
2020-02-20 15:11:45.633 6455-6764/com.qualcomm.ftcrobotcontroller D/TeamCode@Ramp: 1.0
2020-02-20 15:11:45.633 6455-6764/com.qualcomm.ftcrobotcontroller D/TeamCode@Heading: -90.5625
2020-02-20 15:11:45.633 6455-6764/com.qualcomm.ftcrobotcontroller D/TeamCode@TravelledInches: -62.58571428571428
2020-02-20 15:11:45.647 6455-6764/com.qualcomm.ftcrobotcontroller D/TeamCode@DriveX: -0.08715574274765864
2020-02-20 15:11:45.647 6455-6764/com.qualcomm.ftcrobotcontroller D/TeamCode@DriveY: -0.9961946980917455
2020-02-20 15:11:45.647 6455-6764/com.qualcomm.ftcrobotcontroller D/TeamCode@DriveR: 0.035342917352885375
2020-02-20 15:11:45.647 6455-6764/com.qualcomm.ftcrobotcontroller D/TeamCode@Ramp: 1.0
2020-02-20 15:11:45.647 6455-6764/com.qualcomm.ftcrobotcontroller D/TeamCode@Heading: -90.5625
2020-02-20 15:11:45.648 6455-6764/com.qualcomm.ftcrobotcontroller D/TeamCode@TravelledInches: -63.58571428571428
2020-02-20 15:11:45.663 6455-6764/com.qualcomm.ftcrobotcontroller D/TeamCode@DriveX: -0.08715574274765864
2020-02-20 15:11:45.663 6455-6764/com.qualcomm.ftcrobotcontroller D/TeamCode@DriveY: -0.9961946980917455
2020-02-20 15:11:45.663 6455-6764/com.qualcomm.ftcrobotcontroller D/TeamCode@DriveR: 0.035342917352885375
2020-02-20 15:11:45.663 6455-6764/com.qualcomm.ftcrobotcontroller D/TeamCode@Ramp: 1.0
2020-02-20 15:11:45.664 6455-6764/com.qualcomm.ftcrobotcontroller D/TeamCode@Heading: -90.5625
2020-02-20 15:11:45.664 6455-6764/com.qualcomm.ftcrobotcontroller D/TeamCode@TravelledInches: -64.65238095238095
2020-02-20 15:11:45.680 6455-6764/com.qualcomm.ftcrobotcontroller D/TeamCode@DriveX: -0.08715574274765864
2020-02-20 15:11:45.680 6455-6764/com.qualcomm.ftcrobotcontroller D/TeamCode@DriveY: -0.9961946980917455
2020-02-20 15:11:45.681 6455-6764/com.qualcomm.ftcrobotcontroller D/TeamCode@DriveR: 0.035342917352885375
2020-02-20 15:11:45.681 6455-6764/com.qualcomm.ftcrobotcontroller D/TeamCode@Ramp: 1.0
2020-02-20 15:11:45.681 6455-6764/com.qualcomm.ftcrobotcontroller D/TeamCode@Heading: -90.5625
2020-02-20 15:11:45.681 6455-6764/com.qualcomm.ftcrobotcontroller D/TeamCode@TravelledInches: -65.90476190476191
2020-02-20 15:11:45.698 6455-6764/com.qualcomm.ftcrobotcontroller D/TeamCode@DriveX: -0.08715574274765864
2020-02-20 15:11:45.698 6455-6764/com.qualcomm.ftcrobotcontroller D/TeamCode@DriveY: -0.9961946980917455
2020-02-20 15:11:45.698 6455-6764/com.qualcomm.ftcrobotcontroller D/TeamCode@DriveR: 0.029743286970976446
2020-02-20 15:11:45.698 6455-6764/com.qualcomm.ftcrobotcontroller D/TeamCode@Ramp: 1.0
2020-02-20 15:11:45.698 6455-6764/com.qualcomm.ftcrobotcontroller D/TeamCode@Heading: -90.53125
2020-02-20 15:11:45.698 6455-6764/com.qualcomm.ftcrobotcontroller D/TeamCode@TravelledInches: -66.9095238095238
2020-02-20 15:11:45.727 6455-6764/com.qualcomm.ftcrobotcontroller D/TeamCode@DriveX: -0.08715574274765864
2020-02-20 15:11:45.727 6455-6764/com.qualcomm.ftcrobotcontroller D/TeamCode@DriveY: -0.9961946980917455
2020-02-20 15:11:45.727 6455-6764/com.qualcomm.ftcrobotcontroller D/TeamCode@DriveR: 0.033379421944391474
2020-02-20 15:11:45.728 6455-6764/com.qualcomm.ftcrobotcontroller D/TeamCode@Ramp: 1.0
2020-02-20 15:11:45.728 6455-6764/com.qualcomm.ftcrobotcontroller D/TeamCode@Heading: -90.53125
2020-02-20 15:11:45.728 6455-6764/com.qualcomm.ftcrobotcontroller D/TeamCode@TravelledInches: -68.11428571428571
2020-02-20 15:11:45.743 6455-6764/com.qualcomm.ftcrobotcontroller D/TeamCode@DriveX: -0.08715574274765864
2020-02-20 15:11:45.743 6455-6764/com.qualcomm.ftcrobotcontroller D/TeamCode@DriveY: -0.9961946980917455
2020-02-20 15:11:45.743 6455-6764/com.qualcomm.ftcrobotcontroller D/TeamCode@DriveR: 0.033379421944391474
2020-02-20 15:11:45.743 6455-6764/com.qualcomm.ftcrobotcontroller D/TeamCode@Ramp: 1.0
2020-02-20 15:11:45.743 6455-6764/com.qualcomm.ftcrobotcontroller D/TeamCode@Heading: -90.53125
2020-02-20 15:11:45.744 6455-6764/com.qualcomm.ftcrobotcontroller D/TeamCode@TravelledInches: -70.17142857142858
2020-02-20 15:11:45.762 6455-6764/com.qualcomm.ftcrobotcontroller D/TeamCode@DriveX: -0.08715574274765864
2020-02-20 15:11:45.762 6455-6764/com.qualcomm.ftcrobotcontroller D/TeamCode@DriveY: -0.9961946980917455
2020-02-20 15:11:45.762 6455-6764/com.qualcomm.ftcrobotcontroller D/TeamCode@DriveR: 0.03923875856060733
2020-02-20 15:11:45.763 6455-6764/com.qualcomm.ftcrobotcontroller D/TeamCode@Ramp: 1.0
2020-02-20 15:11:45.763 6455-6764/com.qualcomm.ftcrobotcontroller D/TeamCode@Heading: -90.5625
2020-02-20 15:11:45.763 6455-6764/com.qualcomm.ftcrobotcontroller D/TeamCode@TravelledInches: -71.2
2020-02-20 15:11:45.779 6455-6764/com.qualcomm.ftcrobotcontroller D/TeamCode@DriveX: -0.08715574274765864
2020-02-20 15:11:45.779 6455-6764/com.qualcomm.ftcrobotcontroller D/TeamCode@DriveY: -0.9961946980917455
2020-02-20 15:11:45.779 6455-6764/com.qualcomm.ftcrobotcontroller D/TeamCode@DriveR: 0.030652342387404215
2020-02-20 15:11:45.779 6455-6764/com.qualcomm.ftcrobotcontroller D/TeamCode@Ramp: 1.0
2020-02-20 15:11:45.779 6455-6764/com.qualcomm.ftcrobotcontroller D/TeamCode@Heading: -90.53125
2020-02-20 15:11:45.779 6455-6764/com.qualcomm.ftcrobotcontroller D/TeamCode@TravelledInches: -72.58571428571429
2020-02-20 15:11:45.798 6455-6764/com.qualcomm.ftcrobotcontroller D/TeamCode@DriveX: -0.08715574274765864
2020-02-20 15:11:45.798 6455-6764/com.qualcomm.ftcrobotcontroller D/TeamCode@DriveY: -0.9961946980917455
2020-02-20 15:11:45.799 6455-6764/com.qualcomm.ftcrobotcontroller D/TeamCode@DriveR: 0.03875175663997702
2020-02-20 15:11:45.800 6455-6764/com.qualcomm.ftcrobotcontroller D/TeamCode@Ramp: 1.0
2020-02-20 15:11:45.800 6455-6764/com.qualcomm.ftcrobotcontroller D/TeamCode@Heading: -90.5625
2020-02-20 15:11:45.800 6455-6764/com.qualcomm.ftcrobotcontroller D/TeamCode@TravelledInches: -73.73809523809524
2020-02-20 15:11:45.817 6455-6764/com.qualcomm.ftcrobotcontroller D/TeamCode@DriveX: -0.08715574274765864
2020-02-20 15:11:45.817 6455-6764/com.qualcomm.ftcrobotcontroller D/TeamCode@DriveY: -0.9961946980917455
2020-02-20 15:11:45.818 6455-6764/com.qualcomm.ftcrobotcontroller D/TeamCode@DriveR: 0.035342917352885375
2020-02-20 15:11:45.818 6455-6764/com.qualcomm.ftcrobotcontroller D/TeamCode@Ramp: 1.0
2020-02-20 15:11:45.818 6455-6764/com.qualcomm.ftcrobotcontroller D/TeamCode@Heading: -90.5625
2020-02-20 15:11:45.818 6455-6764/com.qualcomm.ftcrobotcontroller D/TeamCode@TravelledInches: -75.18095238095238
2020-02-20 15:11:45.833 6455-6764/com.qualcomm.ftcrobotcontroller D/TeamCode@DriveX: -0.08715574274765864
2020-02-20 15:11:45.833 6455-6764/com.qualcomm.ftcrobotcontroller D/TeamCode@DriveY: -0.9961946980917455
2020-02-20 15:11:45.834 6455-6764/com.qualcomm.ftcrobotcontroller D/TeamCode@DriveR: 0.035342917352885375
2020-02-20 15:11:45.834 6455-6764/com.qualcomm.ftcrobotcontroller D/TeamCode@Ramp: 1.0
2020-02-20 15:11:45.834 6455-6764/com.qualcomm.ftcrobotcontroller D/TeamCode@Heading: -90.5625
2020-02-20 15:11:45.834 6455-6764/com.qualcomm.ftcrobotcontroller D/TeamCode@TravelledInches: -76.48571428571428
2020-02-20 15:11:45.848 6455-6764/com.qualcomm.ftcrobotcontroller D/TeamCode@DriveX: -0.08715574274765864
2020-02-20 15:11:45.848 6455-6764/com.qualcomm.ftcrobotcontroller D/TeamCode@DriveY: -0.9961946980917455
2020-02-20 15:11:45.848 6455-6764/com.qualcomm.ftcrobotcontroller D/TeamCode@DriveR: 0.035342917352885375
2020-02-20 15:11:45.849 6455-6764/com.qualcomm.ftcrobotcontroller D/TeamCode@Ramp: 1.0
2020-02-20 15:11:45.849 6455-6764/com.qualcomm.ftcrobotcontroller D/TeamCode@Heading: -90.5625
2020-02-20 15:11:45.849 6455-6764/com.qualcomm.ftcrobotcontroller D/TeamCode@TravelledInches: -77.5047619047619
2020-02-20 15:11:45.866 6455-6764/com.qualcomm.ftcrobotcontroller D/TeamCode@DriveX: -0.08715574274765864
2020-02-20 15:11:45.866 6455-6764/com.qualcomm.ftcrobotcontroller D/TeamCode@DriveY: -0.9961946980917455
2020-02-20 15:11:45.866 6455-6764/com.qualcomm.ftcrobotcontroller D/TeamCode@DriveR: 0.035342917352885375
2020-02-20 15:11:45.866 6455-6764/com.qualcomm.ftcrobotcontroller D/TeamCode@Ramp: 1.0
2020-02-20 15:11:45.866 6455-6764/com.qualcomm.ftcrobotcontroller D/TeamCode@Heading: -90.5625
2020-02-20 15:11:45.866 6455-6764/com.qualcomm.ftcrobotcontroller D/TeamCode@TravelledInches: -78.67619047619047
2020-02-20 15:11:45.893 6455-6764/com.qualcomm.ftcrobotcontroller D/TeamCode@DriveX: -0.08715574274765864
2020-02-20 15:11:45.894 6455-6764/com.qualcomm.ftcrobotcontroller D/TeamCode@DriveY: -0.9961946980917455
2020-02-20 15:11:45.894 6455-6764/com.qualcomm.ftcrobotcontroller D/TeamCode@DriveR: 0.04608758674405427
2020-02-20 15:11:45.894 6455-6764/com.qualcomm.ftcrobotcontroller D/TeamCode@Ramp: 1.0
2020-02-20 15:11:45.894 6455-6764/com.qualcomm.ftcrobotcontroller D/TeamCode@Heading: -90.625
2020-02-20 15:11:45.894 6455-6764/com.qualcomm.ftcrobotcontroller D/TeamCode@TravelledInches: -79.87619047619047
2020-02-20 15:11:45.915 6455-6764/com.qualcomm.ftcrobotcontroller D/TeamCode@DriveX: -0.08715574274765864
2020-02-20 15:11:45.917 6455-6764/com.qualcomm.ftcrobotcontroller D/TeamCode@DriveY: -0.9961946980917455
2020-02-20 15:11:45.918 6455-6764/com.qualcomm.ftcrobotcontroller D/TeamCode@DriveR: 0.031302795923123856
2020-02-20 15:11:45.918 6455-6764/com.qualcomm.ftcrobotcontroller D/TeamCode@Ramp: 1.0
2020-02-20 15:11:45.918 6455-6764/com.qualcomm.ftcrobotcontroller D/TeamCode@Heading: -90.5625
2020-02-20 15:11:45.918 6455-6764/com.qualcomm.ftcrobotcontroller D/TeamCode@TravelledInches: -81.67619047619047
2020-02-20 15:11:45.944 6455-6764/com.qualcomm.ftcrobotcontroller D/TeamCode@MoveWithOneOdometry: FINISH
2020-02-20 15:11:45.945 6455-6764/com.qualcomm.ftcrobotcontroller D/TeamCode@AutoRunner: Command: MOVE
2020-02-20 15:11:45.946 6455-6764/com.qualcomm.ftcrobotcontroller D/TeamCode@Command: Missing JSON key: use vuforia
2020-02-20 15:11:45.947 6455-6764/com.qualcomm.ftcrobotcontroller D/TeamCode@Command: Missing JSON key: use odometry
2020-02-20 15:11:45.947 6455-6764/com.qualcomm.ftcrobotcontroller D/TeamCode@Command: Missing JSON key: ramp up
2020-02-20 15:11:45.947 6455-6764/com.qualcomm.ftcrobotcontroller D/TeamCode@Command: Missing JSON key: use target angle
2020-02-20 15:11:45.948 6455-6764/com.qualcomm.ftcrobotcontroller D/TeamCode@Command: Missing JSON key: move clicks error
2020-02-20 15:11:45.948 6455-6764/com.qualcomm.ftcrobotcontroller D/TeamCode@Command: Missing JSON key: base power
2020-02-20 15:11:45.948 6455-6764/com.qualcomm.ftcrobotcontroller D/TeamCode@Command: Missing JSON key: clicks stone l
2020-02-20 15:11:45.966 6455-6764/com.qualcomm.ftcrobotcontroller D/TeamCode@RelativeMove: START
2020-02-20 15:11:46.001 6455-6764/com.qualcomm.ftcrobotcontroller D/TeamCode@TargetClicks: 500.0
2020-02-20 15:11:46.001 6455-6764/com.qualcomm.ftcrobotcontroller D/TeamCode@DrivePowerX: 1.0
2020-02-20 15:11:46.001 6455-6764/com.qualcomm.ftcrobotcontroller D/TeamCode@DrivePowerY: 6.123233995736766E-17
2020-02-20 15:11:46.024 6455-6764/com.qualcomm.ftcrobotcontroller D/TeamCode@ActualXPower: 1.0
2020-02-20 15:11:46.024 6455-6764/com.qualcomm.ftcrobotcontroller D/TeamCode@ActualYPower: 6.123233995736766E-17
2020-02-20 15:11:46.024 6455-6764/com.qualcomm.ftcrobotcontroller D/TeamCode@RampFactor: 1.0
2020-02-20 15:11:46.024 6455-6764/com.qualcomm.ftcrobotcontroller D/TeamCode@pidRPower: 0.07253694645563324
2020-02-20 15:11:46.025 6455-6764/com.qualcomm.ftcrobotcontroller D/TeamCode@ActualHeadingAngle: -90.8125
2020-02-20 15:11:46.051 6455-6764/com.qualcomm.ftcrobotcontroller D/TeamCode@ActualXPower: 1.0
2020-02-20 15:11:46.051 6455-6764/com.qualcomm.ftcrobotcontroller D/TeamCode@ActualYPower: 6.123233995736766E-17
2020-02-20 15:11:46.051 6455-6764/com.qualcomm.ftcrobotcontroller D/TeamCode@RampFactor: 1.0
2020-02-20 15:11:46.051 6455-6764/com.qualcomm.ftcrobotcontroller D/TeamCode@pidRPower: 0.11340543650550045
2020-02-20 15:11:46.051 6455-6764/com.qualcomm.ftcrobotcontroller D/TeamCode@ActualHeadingAngle: -91.34375
2020-02-20 15:11:46.076 6455-6764/com.qualcomm.ftcrobotcontroller D/TeamCode@ActualXPower: 1.0
2020-02-20 15:11:46.077 6455-6764/com.qualcomm.ftcrobotcontroller D/TeamCode@ActualYPower: 6.123233995736766E-17
2020-02-20 15:11:46.077 6455-6764/com.qualcomm.ftcrobotcontroller D/TeamCode@RampFactor: 1.0
2020-02-20 15:11:46.077 6455-6764/com.qualcomm.ftcrobotcontroller D/TeamCode@pidRPower: 0.33141078221444586
2020-02-20 15:11:46.078 6455-6764/com.qualcomm.ftcrobotcontroller D/TeamCode@ActualHeadingAngle: -93.28125
2020-02-20 15:11:46.100 6455-6764/com.qualcomm.ftcrobotcontroller D/TeamCode@ActualXPower: 1.0
2020-02-20 15:11:46.101 6455-6764/com.qualcomm.ftcrobotcontroller D/TeamCode@ActualYPower: 6.123233995736766E-17
2020-02-20 15:11:46.101 6455-6764/com.qualcomm.ftcrobotcontroller D/TeamCode@RampFactor: 1.0
2020-02-20 15:11:46.101 6455-6764/com.qualcomm.ftcrobotcontroller D/TeamCode@pidRPower: 0.3097962543199677
2020-02-20 15:11:46.101 6455-6764/com.qualcomm.ftcrobotcontroller D/TeamCode@ActualHeadingAngle: -94.0625
2020-02-20 15:11:46.123 6455-6764/com.qualcomm.ftcrobotcontroller D/TeamCode@ActualXPower: 1.0
2020-02-20 15:11:46.123 6455-6764/com.qualcomm.ftcrobotcontroller D/TeamCode@ActualYPower: 6.123233995736766E-17
2020-02-20 15:11:46.123 6455-6764/com.qualcomm.ftcrobotcontroller D/TeamCode@RampFactor: 1.0
2020-02-20 15:11:46.123 6455-6764/com.qualcomm.ftcrobotcontroller D/TeamCode@pidRPower: 0.3376168661887706
2020-02-20 15:11:46.123 6455-6764/com.qualcomm.ftcrobotcontroller D/TeamCode@ActualHeadingAngle: -94.65625
2020-02-20 15:11:46.148 6455-6764/com.qualcomm.ftcrobotcontroller D/TeamCode@ActualXPower: 1.0
2020-02-20 15:11:46.149 6455-6764/com.qualcomm.ftcrobotcontroller D/TeamCode@ActualYPower: 6.123233995736766E-17
2020-02-20 15:11:46.149 6455-6764/com.qualcomm.ftcrobotcontroller D/TeamCode@RampFactor: 1.0
2020-02-20 15:11:46.149 6455-6764/com.qualcomm.ftcrobotcontroller D/TeamCode@pidRPower: 0.3137410340924233
2020-02-20 15:11:46.149 6455-6764/com.qualcomm.ftcrobotcontroller D/TeamCode@ActualHeadingAngle: -94.8125
2020-02-20 15:11:46.176 6455-6764/com.qualcomm.ftcrobotcontroller D/TeamCode@ActualXPower: 1.0
2020-02-20 15:11:46.176 6455-6764/com.qualcomm.ftcrobotcontroller D/TeamCode@ActualYPower: 6.123233995736766E-17
2020-02-20 15:11:46.176 6455-6764/com.qualcomm.ftcrobotcontroller D/TeamCode@RampFactor: 1.0
2020-02-20 15:11:46.176 6455-6764/com.qualcomm.ftcrobotcontroller D/TeamCode@pidRPower: 0.3369764105350623
2020-02-20 15:11:46.176 6455-6764/com.qualcomm.ftcrobotcontroller D/TeamCode@ActualHeadingAngle: -95.09375
2020-02-20 15:11:46.203 6455-6764/com.qualcomm.ftcrobotcontroller D/TeamCode@ActualXPower: 1.0
2020-02-20 15:11:46.203 6455-6764/com.qualcomm.ftcrobotcontroller D/TeamCode@ActualYPower: 6.123233995736766E-17
2020-02-20 15:11:46.204 6455-6764/com.qualcomm.ftcrobotcontroller D/TeamCode@RampFactor: 1.0
2020-02-20 15:11:46.204 6455-6764/com.qualcomm.ftcrobotcontroller D/TeamCode@pidRPower: 0.28349837285724794
2020-02-20 15:11:46.204 6455-6764/com.qualcomm.ftcrobotcontroller D/TeamCode@ActualHeadingAngle: -94.8125
2020-02-20 15:11:46.226 6455-6764/com.qualcomm.ftcrobotcontroller D/TeamCode@ActualXPower: 1.0
2020-02-20 15:11:46.227 6455-6764/com.qualcomm.ftcrobotcontroller D/TeamCode@ActualYPower: 6.123233995736766E-17
2020-02-20 15:11:46.227 6455-6764/com.qualcomm.ftcrobotcontroller D/TeamCode@RampFactor: 1.0
2020-02-20 15:11:46.227 6455-6764/com.qualcomm.ftcrobotcontroller D/TeamCode@pidRPower: 0.17106093990140153
2020-02-20 15:11:46.227 6455-6764/com.qualcomm.ftcrobotcontroller D/TeamCode@ActualHeadingAngle: -93.84375
2020-02-20 15:11:46.251 6455-6764/com.qualcomm.ftcrobotcontroller D/TeamCode@ActualXPower: 1.0
2020-02-20 15:11:46.251 6455-6764/com.qualcomm.ftcrobotcontroller D/TeamCode@ActualYPower: 6.123233995736766E-17
2020-02-20 15:11:46.251 6455-6764/com.qualcomm.ftcrobotcontroller D/TeamCode@RampFactor: 1.0
2020-02-20 15:11:46.252 6455-6764/com.qualcomm.ftcrobotcontroller D/TeamCode@pidRPower: 0.24150993524471592
2020-02-20 15:11:46.252 6455-6764/com.qualcomm.ftcrobotcontroller D/TeamCode@ActualHeadingAngle: -93.84375
2020-02-20 15:11:46.279 6455-6764/com.qualcomm.ftcrobotcontroller D/TeamCode@ActualXPower: 1.0
2020-02-20 15:11:46.280 6455-6764/com.qualcomm.ftcrobotcontroller D/TeamCode@ActualYPower: 6.123233995736766E-17
2020-02-20 15:11:46.280 6455-6764/com.qualcomm.ftcrobotcontroller D/TeamCode@RampFactor: 1.0
2020-02-20 15:11:46.280 6455-6764/com.qualcomm.ftcrobotcontroller D/TeamCode@pidRPower: 0.1737328757058409
2020-02-20 15:11:46.281 6455-6764/com.qualcomm.ftcrobotcontroller D/TeamCode@ActualHeadingAngle: -93.34375
2020-02-20 15:11:46.306 6455-6764/com.qualcomm.ftcrobotcontroller D/TeamCode@ActualXPower: 1.0
2020-02-20 15:11:46.306 6455-6764/com.qualcomm.ftcrobotcontroller D/TeamCode@ActualYPower: 6.123233995736766E-17
2020-02-20 15:11:46.306 6455-6764/com.qualcomm.ftcrobotcontroller D/TeamCode@RampFactor: 1.0
2020-02-20 15:11:46.306 6455-6764/com.qualcomm.ftcrobotcontroller D/TeamCode@pidRPower: 0.10245542053578774
2020-02-20 15:11:46.306 6455-6764/com.qualcomm.ftcrobotcontroller D/TeamCode@ActualHeadingAngle: -92.46875
2020-02-20 15:11:46.332 6455-6764/com.qualcomm.ftcrobotcontroller D/TeamCode@ActualXPower: 1.0
2020-02-20 15:11:46.332 6455-6764/com.qualcomm.ftcrobotcontroller D/TeamCode@ActualYPower: 6.123233995736766E-17
2020-02-20 15:11:46.332 6455-6764/com.qualcomm.ftcrobotcontroller D/TeamCode@RampFactor: 1.0
2020-02-20 15:11:46.333 6455-6764/com.qualcomm.ftcrobotcontroller D/TeamCode@pidRPower: 0.021095050072717975
2020-02-20 15:11:46.333 6455-6764/com.qualcomm.ftcrobotcontroller D/TeamCode@ActualHeadingAngle: -91.4375
2020-02-20 15:11:46.362 6455-6764/com.qualcomm.ftcrobotcontroller D/TeamCode@ActualXPower: 1.0
2020-02-20 15:11:46.362 6455-6764/com.qualcomm.ftcrobotcontroller D/TeamCode@ActualYPower: 6.123233995736766E-17
2020-02-20 15:11:46.362 6455-6764/com.qualcomm.ftcrobotcontroller D/TeamCode@RampFactor: 1.0
2020-02-20 15:11:46.362 6455-6764/com.qualcomm.ftcrobotcontroller D/TeamCode@pidRPower: -0.05440160366640393
2020-02-20 15:11:46.362 6455-6764/com.qualcomm.ftcrobotcontroller D/TeamCode@ActualHeadingAngle: -90.28125
2020-02-20 15:11:46.376 6455-6530/com.qualcomm.ftcrobotcontroller V/Robocol: received command: CMD_INIT_OP_MODE(25223) $Stop$Robot$
2020-02-20 15:11:46.387 6455-6529/com.qualcomm.ftcrobotcontroller I/RobotCore: ******************** STOP - OPMODE /storage/emulated/0/FIRST/matchlogs/Match-0-RedStoneSideAutoOp.txt ********************
2020-02-20 15:11:46.390 6455-6529/com.qualcomm.ftcrobotcontroller I/RobotCore: Pruning old logs deleting Match-0-RedStoneSideAutoOp.txt
2020-02-20 15:11:46.391 6455-6764/com.qualcomm.ftcrobotcontroller D/TeamCode@Watcher: Deployed servo
2020-02-20 15:11:46.393 6455-6813/com.qualcomm.ftcrobotcontroller I/RobotCore: saving match logcat to /storage/emulated/0/FIRST/matchlogs/Match-0-RedStoneSideAutoOp.txt
2020-02-20 15:11:46.393 6455-6813/com.qualcomm.ftcrobotcontroller I/RobotCore: logging command line: exec logcat -d -T '2-20 18:11:26.000' -f /storage/emulated/0/FIRST/matchlogs/Match-0-RedStoneSideAutoOp.txt -n4 -v threadtime UsbRequestJNI:S UsbRequest:S art:W ThreadPool:W System:W ExtendedExtractor:W OMXClient:W MediaPlayer:W dalvikvm:W  *:V
2020-02-20 15:11:46.394 6455-6548/com.qualcomm.ftcrobotcontroller V/ThreadPool: waiting for service user linear op mode
2020-02-20 15:11:46.394 6455-6764/com.qualcomm.ftcrobotcontroller D/TeamCode@ActualXPower: 1.0
2020-02-20 15:11:46.394 6455-6764/com.qualcomm.ftcrobotcontroller D/TeamCode@ActualYPower: 6.123233995736766E-17
2020-02-20 15:11:46.394 6455-6764/com.qualcomm.ftcrobotcontroller D/TeamCode@RampFactor: 1.0
2020-02-20 15:11:46.395 6455-6764/com.qualcomm.ftcrobotcontroller D/TeamCode@pidRPower: -0.1862562434409897
2020-02-20 15:11:46.395 6455-6764/com.qualcomm.ftcrobotcontroller D/TeamCode@ActualHeadingAngle: -88.40625
2020-02-20 15:11:46.401 6455-6806/com.qualcomm.ftcrobotcontroller D/TeamCode@Action: Completed
2020-02-20 15:11:46.407 6455-6764/com.qualcomm.ftcrobotcontroller D/TeamCode@RelativeMove: FINISH
2020-02-20 15:11:46.407 6455-6764/com.qualcomm.ftcrobotcontroller D/TeamCode@AutoRunner: STOPPING...
2020-02-20 15:11:46.408 6455-6764/com.qualcomm.ftcrobotcontroller V/RobotCore: thread: ...terminating 'LinearOpMode main'
2020-02-20 15:11:46.408 6455-6548/com.qualcomm.ftcrobotcontroller V/ThreadPool: service user linear op mode terminated in awaitTermination()
2020-02-20 15:11:46.409 6455-6548/com.qualcomm.ftcrobotcontroller V/ThreadPool: executive service user linear op mode(0x09641aab) is terminated
2020-02-20 15:11:46.410 6455-6764/com.qualcomm.ftcrobotcontroller V/ThreadPool: container(0x09641aab: LinearOpMode) removed id=285 TID=6764 count=1
2020-02-20 15:11:46.414 6455-6765/com.qualcomm.ftcrobotcontroller D/TeamCode@OptimizedIMU: Stopped thread
2020-02-20 15:11:46.414 6455-6765/com.qualcomm.ftcrobotcontroller D/TeamCode@Action: Completed
2020-02-20 15:11:46.419 6455-6548/com.qualcomm.ftcrobotcontroller D/Uvc: [NativeVuforiaWebcam.h:347] NativeVuforiaWebcam::stop()...
2020-02-20 15:11:46.420 6455-6548/com.qualcomm.ftcrobotcontroller D/VuforiaWebcam: nativeCallbackStop()...
2020-02-20 15:11:46.420 6455-6548/com.qualcomm.ftcrobotcontroller D/VuforiaWebcam: stop()...
2020-02-20 15:11:46.420 6455-6548/com.qualcomm.ftcrobotcontroller D/UsbResiliantWebcam|DelCaptureSession: stopCapture()...
2020-02-20 15:11:46.420 6455-6548/com.qualcomm.ftcrobotcontroller D/UsbResiliantWebcam|DelCaptureSequence: undoStreaming()...
2020-02-20 15:11:46.420 6455-6548/com.qualcomm.ftcrobotcontroller D/UvcApiCaptureSession: stopCapture()...
2020-02-20 15:11:46.420 6455-6548/com.qualcomm.ftcrobotcontroller D/Uvc: [jni_streamhandle.cpp:184] Java_org_firstinspires_ftc_robotcore_internal_camera_libuvc_nativeobject_UvcStreamHandle_nativeStopStreaming()...
2020-02-20 15:11:46.420 6455-6548/com.qualcomm.ftcrobotcontroller V/Uvc: API: Java_org_firstinspires_ftc_robotcore_internal_camera_libuvc_nativeobject_UvcStreamHandle_nativeStopStreaming: enter...
2020-02-20 15:11:46.420 6455-6548/com.qualcomm.ftcrobotcontroller D/Uvc: [stream.cpp:1465] uvc_stream_stop()...
2020-02-20 15:11:46.420 6455-6548/com.qualcomm.ftcrobotcontroller D/UvcStream: [stream.cpp:1493] cancelling extant transfers
2020-02-20 15:11:46.433 6455-6535/com.qualcomm.ftcrobotcontroller V/Robocol: sending CMD_STREAM_CHANGE(12674), attempt: 0
2020-02-20 15:11:46.451 6455-6548/com.qualcomm.ftcrobotcontroller D/Uvc: [stream.cpp:1422] (waitForAllTransfers(waiting for cancelled transfers))...
2020-02-20 15:11:46.452 6455-6804/com.qualcomm.ftcrobotcontroller D/TeamCode@Action: Completed
2020-02-20 15:11:46.453 6455-6793/com.qualcomm.ftcrobotcontroller D/UvcStream: [stream.cpp:1280] user callback thread stopped
2020-02-20 15:11:46.457 6455-6548/com.qualcomm.ftcrobotcontroller D/UvcStream: [stream.cpp:1436] no extant active transfers: continuing
2020-02-20 15:11:46.457 6455-6548/com.qualcomm.ftcrobotcontroller D/Uvc: [stream.cpp:1422] ...()
2020-02-20 15:11:46.457 6455-6548/com.qualcomm.ftcrobotcontroller D/Uvc: [stream.cpp:1140] uvc_stream_handle::stopIsochronousStreaming()...
2020-02-20 15:11:46.457 6455-6548/com.qualcomm.ftcrobotcontroller D/Uvc: [libuvc/libuvc_internal.h:828] uvc_device_handle::setInterfaceAltSetting(setInterfaceAltSetting(intf=1 alt=0))...
2020-02-20 15:11:46.457 6455-6548/com.qualcomm.ftcrobotcontroller D/UvcDevice: setInterfaceAltSetting(1,0)
2020-02-20 15:11:46.465 6455-6548/com.qualcomm.ftcrobotcontroller D/UvcDevice: setInterfaceAltSetting(1,0) succeeded
2020-02-20 15:11:46.465 6455-6548/com.qualcomm.ftcrobotcontroller D/Uvc: [libuvc/libuvc_internal.h:828] ...uvc_device_handle::setInterfaceAltSetting() rc=0
2020-02-20 15:11:46.465 6455-6548/com.qualcomm.ftcrobotcontroller D/Uvc: [stream.cpp:1140] ...uvc_stream_handle::stopIsochronousStreaming() rc=0
2020-02-20 15:11:46.465 6455-6548/com.qualcomm.ftcrobotcontroller D/UvcStream: [stream.cpp:1509] awakening user thread
2020-02-20 15:11:46.466 6455-6548/com.qualcomm.ftcrobotcontroller D/UvcStream: [stream.cpp:1518] waiting for user callback thread to finish
2020-02-20 15:11:46.466 6455-6548/com.qualcomm.ftcrobotcontroller D/Uvc: [stream.cpp:1465] ...uvc_stream_stop() rc=0
2020-02-20 15:11:46.466 6455-6548/com.qualcomm.ftcrobotcontroller V/Uvc: API: Java_org_firstinspires_ftc_robotcore_internal_camera_libuvc_nativeobject_UvcStreamHandle_nativeStopStreaming: ...exit
2020-02-20 15:11:46.466 6455-6548/com.qualcomm.ftcrobotcontroller D/Uvc: [jni_streamhandle.cpp:184] ...Java_org_firstinspires_ftc_robotcore_internal_camera_libuvc_nativeobject_UvcStreamHandle_nativeStopStreaming()
2020-02-20 15:11:46.466 6455-6548/com.qualcomm.ftcrobotcontroller V/UvcFrameCallback: destroy(hash=0x07213d76)
2020-02-20 15:11:46.466 6455-6548/com.qualcomm.ftcrobotcontroller V/UvcFrameCallbackData: destroy(pointer=0xcb240ce8)
2020-02-20 15:11:46.467 6455-6548/com.qualcomm.ftcrobotcontroller V/Uvc: API: Java_org_firstinspires_ftc_robotcore_internal_camera_libuvc_nativeobject_UvcFrameCallback_nativeReleaseCallbackState: enter...
2020-02-20 15:11:46.467 6455-6548/com.qualcomm.ftcrobotcontroller V/Uvc: API: Java_org_firstinspires_ftc_robotcore_internal_camera_libuvc_nativeobject_UvcFrameCallback_nativeReleaseCallbackState: ...exit
2020-02-20 15:11:46.467 6455-6548/com.qualcomm.ftcrobotcontroller V/UvcStreamHandle: destroy(pointer=0xcd9175c0)
2020-02-20 15:11:46.467 6455-6548/com.qualcomm.ftcrobotcontroller D/Uvc: [jni_streamhandle.cpp:184] Java_org_firstinspires_ftc_robotcore_internal_camera_libuvc_nativeobject_UvcStreamHandle_nativeStopStreaming()...
2020-02-20 15:11:46.467 6455-6548/com.qualcomm.ftcrobotcontroller V/Uvc: API: Java_org_firstinspires_ftc_robotcore_internal_camera_libuvc_nativeobject_UvcStreamHandle_nativeStopStreaming: enter...
2020-02-20 15:11:46.467 6455-6548/com.qualcomm.ftcrobotcontroller D/Uvc: [stream.cpp:1465] uvc_stream_stop()...
2020-02-20 15:11:46.467 6455-6548/com.qualcomm.ftcrobotcontroller D/Uvc: [stream.cpp:1465] ...uvc_stream_stop() rc=0
2020-02-20 15:11:46.467 6455-6548/com.qualcomm.ftcrobotcontroller V/Uvc: API: Java_org_firstinspires_ftc_robotcore_internal_camera_libuvc_nativeobject_UvcStreamHandle_nativeStopStreaming: ...exit
2020-02-20 15:11:46.467 6455-6548/com.qualcomm.ftcrobotcontroller D/Uvc: [jni_streamhandle.cpp:184] ...Java_org_firstinspires_ftc_robotcore_internal_camera_libuvc_nativeobject_UvcStreamHandle_nativeStopStreaming()
2020-02-20 15:11:46.467 6455-6548/com.qualcomm.ftcrobotcontroller D/Uvc: [jni_streamhandle.cpp:200] Java_org_firstinspires_ftc_robotcore_internal_camera_libuvc_nativeobject_UvcStreamHandle_nativeCloseStreamHandle()...
2020-02-20 15:11:46.467 6455-6548/com.qualcomm.ftcrobotcontroller V/Uvc: API: Java_org_firstinspires_ftc_robotcore_internal_camera_libuvc_nativeobject_UvcStreamHandle_nativeCloseStreamHandle: enter...
2020-02-20 15:11:46.467 6455-6548/com.qualcomm.ftcrobotcontroller D/Uvc: [stream.cpp:1535] uvc_stream_close()...
2020-02-20 15:11:46.467 6455-6548/com.qualcomm.ftcrobotcontroller D/Uvc: [streamhandle.cpp:45] uvc_stream_handle::~uvc_stream_handle()...
2020-02-20 15:11:46.467 6455-6548/com.qualcomm.ftcrobotcontroller D/Uvc: [streamhandle.cpp:66] uvc_stream_handle::releaseInterface()...
2020-02-20 15:11:46.467 6455-6548/com.qualcomm.ftcrobotcontroller D/Uvc: [libuvc/libuvc_internal.h:796] uvc_device_handle::releaseInterface()...
2020-02-20 15:11:46.467 6455-6548/com.qualcomm.ftcrobotcontroller D/UvcDevice: releaseInterface(1)
2020-02-20 15:11:46.468 6455-6548/com.qualcomm.ftcrobotcontroller D/UvcDevice: releaseInterface(1) succeeded
2020-02-20 15:11:46.469 6455-6548/com.qualcomm.ftcrobotcontroller D/Uvc: [libuvc/libuvc_internal.h:796] ...uvc_device_handle::releaseInterface() rc=0
2020-02-20 15:11:46.469 6455-6548/com.qualcomm.ftcrobotcontroller D/Uvc: [streamhandle.cpp:66] ...uvc_stream_handle::releaseInterface()
2020-02-20 15:11:46.470 6455-6548/com.qualcomm.ftcrobotcontroller D/Uvc: [streamhandle.cpp:45] ...uvc_stream_handle::~uvc_stream_handle()
2020-02-20 15:11:46.470 6455-6548/com.qualcomm.ftcrobotcontroller D/Uvc: [stream.cpp:1535] ...uvc_stream_close()
2020-02-20 15:11:46.470 6455-6548/com.qualcomm.ftcrobotcontroller V/Uvc: API: Java_org_firstinspires_ftc_robotcore_internal_camera_libuvc_nativeobject_UvcStreamHandle_nativeCloseStreamHandle: ...exit
2020-02-20 15:11:46.470 6455-6548/com.qualcomm.ftcrobotcontroller D/Uvc: [jni_streamhandle.cpp:200] ...Java_org_firstinspires_ftc_robotcore_internal_camera_libuvc_nativeobject_UvcStreamHandle_nativeCloseStreamHandle()
2020-02-20 15:11:46.470 6455-6621/com.qualcomm.ftcrobotcontroller D/VuforiaWebcam: capture sequence DelegatingCaptureSequenceId(1) reports completed: lastFrame=692
2020-02-20 15:11:46.470 6455-6548/com.qualcomm.ftcrobotcontroller V/UvcApiCameraCaptureSequence: destroy(hash=0x05ec6038)
2020-02-20 15:11:46.471 6455-6548/com.qualcomm.ftcrobotcontroller D/UvcApiCaptureSession: ...stopCapture()
2020-02-20 15:11:46.471 6455-6548/com.qualcomm.ftcrobotcontroller D/UvcApiCaptureSession: doClose()...
2020-02-20 15:11:46.471 6455-6548/com.qualcomm.ftcrobotcontroller D/UvcApiCaptureSession: ...doClose()
2020-02-20 15:11:46.471 6455-6548/com.qualcomm.ftcrobotcontroller D/UsbResiliantWebcam|DelCaptureSequence: ...undoStreaming()
2020-02-20 15:11:46.471 6455-6792/com.qualcomm.ftcrobotcontroller D/UsbResiliantWebcam|DelCaptureSession: camera session is closed: Webcam(61C44FD0)
2020-02-20 15:11:46.472 6455-6548/com.qualcomm.ftcrobotcontroller V/UsbResiliantWebcam|DelCaptureSequence: destroy(hash=0x0d2fc0aa)
2020-02-20 15:11:46.472 6455-6548/com.qualcomm.ftcrobotcontroller D/UsbResiliantWebcam|DelCaptureSession: ...stopCapture()
2020-02-20 15:11:46.472 6455-6621/com.qualcomm.ftcrobotcontroller D/VuforiaWebcam: capture sequence DelegatingCaptureSequenceId(1) reports completed: lastFrame=692
2020-02-20 15:11:46.472 6455-6548/com.qualcomm.ftcrobotcontroller D/UsbResiliantWebcam|DelCaptureSession: doClose()...
2020-02-20 15:11:46.472 6455-6548/com.qualcomm.ftcrobotcontroller D/UsbResiliantWebcam|DelCaptureSession: ...doClose()
2020-02-20 15:11:46.472 6455-6792/com.qualcomm.ftcrobotcontroller V/UvcApiCaptureSession: destroy(hash=0x0785049b)
2020-02-20 15:11:46.472 6455-6792/com.qualcomm.ftcrobotcontroller D/UvcApiCaptureSession: destructor...
2020-02-20 15:11:46.472 6455-6548/com.qualcomm.ftcrobotcontroller D/VuforiaWebcam: ...stop()
2020-02-20 15:11:46.472 6455-6548/com.qualcomm.ftcrobotcontroller D/VuforiaWebcam: ...nativeCallbackStop()
2020-02-20 15:11:46.472 6455-6792/com.qualcomm.ftcrobotcontroller D/UvcApiCaptureSession: ...destructor
2020-02-20 15:11:46.472 6455-6548/com.qualcomm.ftcrobotcontroller D/Uvc: [NativeVuforiaWebcam.h:347] ...NativeVuforiaWebcam::stop()
2020-02-20 15:11:46.473 6455-6621/com.qualcomm.ftcrobotcontroller D/VuforiaWebcam: capture session reports closed: DelegatingCaptureSession(1)
2020-02-20 15:11:46.474 6455-6621/com.qualcomm.ftcrobotcontroller V/CameraCallback: destroy(pointer=0xbeaa4328)
2020-02-20 15:11:46.474 6455-6621/com.qualcomm.ftcrobotcontroller V/UsbResiliantWebcam|DelCaptureSession: destroy(hash=0x0d04b795)
2020-02-20 15:11:46.474 6455-6621/com.qualcomm.ftcrobotcontroller D/UsbResiliantWebcam|DelCaptureSession: destructor()...
2020-02-20 15:11:46.474 6455-6621/com.qualcomm.ftcrobotcontroller D/UsbResiliantWebcam|DelCaptureSession: ...destructor()
2020-02-20 15:11:46.504 6455-6548/com.qualcomm.ftcrobotcontroller D/Uvc: [NativeVuforiaWebcam.cpp:241] Java_org_firstinspires_ftc_robotcore_internal_vuforia_externalprovider_VuforiaWebcam_nativePreVuforiaDeinit()...
2020-02-20 15:11:46.504 6455-6548/com.qualcomm.ftcrobotcontroller D/Uvc: [NativeVuforiaWebcam.h:246] NativeVuforiaWebcam::preVuforiaDeinit()...
2020-02-20 15:11:46.504 6455-6548/com.qualcomm.ftcrobotcontroller D/Uvc: [NativeVuforiaWebcam.h:246] ...NativeVuforiaWebcam::preVuforiaDeinit()
2020-02-20 15:11:46.504 6455-6548/com.qualcomm.ftcrobotcontroller D/Uvc: [NativeVuforiaWebcam.cpp:241] ...Java_org_firstinspires_ftc_robotcore_internal_vuforia_externalprovider_VuforiaWebcam_nativePreVuforiaDeinit()
2020-02-20 15:11:46.505 6455-6548/com.qualcomm.ftcrobotcontroller D/Vuforia: Vuforia.deinit()...
2020-02-20 15:11:46.592 6455-6813/com.qualcomm.ftcrobotcontroller I/RobotCore: Done running exec logcat -d -T '2-20 18:11:26.000' -f /storage/emulated/0/FIRST/matchlogs/Match-0-RedStoneSideAutoOp.txt -n4 -v threadtime UsbRequestJNI:S UsbRequest:S art:W ThreadPool:W System:W ExtendedExtractor:W OMXClient:W MediaPlayer:W dalvikvm:W  *:V
2020-02-20 15:11:46.592 6455-6813/com.qualcomm.ftcrobotcontroller I/RobotCore: exiting match logcat for /storage/emulated/0/FIRST/matchlogs/Match-0-RedStoneSideAutoOp.txt
2020-02-20 15:11:46.875 6455-6548/com.qualcomm.ftcrobotcontroller D/Uvc: [NativeVuforiaWebcam.h:305] NativeVuforiaWebcam::close()...
2020-02-20 15:11:46.876 6455-6548/com.qualcomm.ftcrobotcontroller D/VuforiaWebcam: nativeCallbackClose()...
2020-02-20 15:11:46.876 6455-6548/com.qualcomm.ftcrobotcontroller D/VuforiaWebcam: closeCamera()...
2020-02-20 15:11:46.878 6455-6548/com.qualcomm.ftcrobotcontroller V/CameraImpl: destroy(hash=0x0434b89e)
2020-02-20 15:11:46.878 6455-6548/com.qualcomm.ftcrobotcontroller D/UsbResiliantWebcam: CameraImpl.destructor()...
2020-02-20 15:11:46.879 6455-6548/com.qualcomm.ftcrobotcontroller D/UsbResiliantWebcam: externalDestructor()...
2020-02-20 15:11:46.881 6455-6548/com.qualcomm.ftcrobotcontroller V/CameraImpl: destroy(hash=0x08eb86d9)
2020-02-20 15:11:46.881 6455-6792/com.qualcomm.ftcrobotcontroller D/CameraManager: camera reports closed: CameraImpl(UsbResiliantWebcam(Webcam(61C44FD0)))
2020-02-20 15:11:46.881 6455-6548/com.qualcomm.ftcrobotcontroller D/UvcDeviceHandle: CameraImpl.destructor()...
2020-02-20 15:11:46.881 6455-6548/com.qualcomm.ftcrobotcontroller D/UvcDeviceHandle: externalDestructor()...
2020-02-20 15:11:46.883 6455-6548/com.qualcomm.ftcrobotcontroller D/UsbResiliantWebcam: changeDelegatedCamera(CameraImpl(UvcDeviceHandle(pointer=0xbc2ef8f0|UvcDevice(/dev/bus/usb/001/002)))->null)...
2020-02-20 15:11:46.885 6455-6548/com.qualcomm.ftcrobotcontroller D/CachingExposureControl: onCameraChanged(CameraImpl(UvcDeviceHandle(pointer=0xbc2ef8f0|UvcDevice(/dev/bus/usb/001/002)))->null)...
2020-02-20 15:11:46.885 6455-6548/com.qualcomm.ftcrobotcontroller D/CachingExposureControl: ...onCameraChanged(CameraImpl(UvcDeviceHandle(pointer=0xbc2ef8f0|UvcDevice(/dev/bus/usb/001/002)))->null)
2020-02-20 15:11:46.885 6455-6548/com.qualcomm.ftcrobotcontroller D/UsbResiliantWebcam: ...changeDelegatedCamera(CameraImpl(UvcDeviceHandle(pointer=0xbc2ef8f0|UvcDevice(/dev/bus/usb/001/002)))->null)
2020-02-20 15:11:46.886 6455-6548/com.qualcomm.ftcrobotcontroller D/UvcDeviceHandle: ...externalDestructor()
2020-02-20 15:11:46.886 6455-6548/com.qualcomm.ftcrobotcontroller V/UvcDeviceHandle: destroy(pointer=0xbc2ef8f0)
2020-02-20 15:11:46.886 6455-6548/com.qualcomm.ftcrobotcontroller D/UvcDeviceHandle: destructor...
2020-02-20 15:11:46.886 6455-6548/com.qualcomm.ftcrobotcontroller D/Uvc: [jni_devicehandle.cpp:87] Java_org_firstinspires_ftc_robotcore_internal_camera_libuvc_nativeobject_UvcDeviceHandle_nativeReleaseRefDeviceHandle()...
2020-02-20 15:11:46.886 6455-6548/com.qualcomm.ftcrobotcontroller V/Uvc: API: Java_org_firstinspires_ftc_robotcore_internal_camera_libuvc_nativeobject_UvcDeviceHandle_nativeReleaseRefDeviceHandle: enter...
2020-02-20 15:11:46.886 6455-6548/com.qualcomm.ftcrobotcontroller D/Uvc: [libuvc/libuvc_internal.h:877] uvc_device_handle::~uvc_device_handle()...
2020-02-20 15:11:46.887 6455-6548/com.qualcomm.ftcrobotcontroller D/Uvc: [libuvc/libuvc_internal.h:845] uvc_device_handle::deconstruct()...
2020-02-20 15:11:46.887 6455-6548/com.qualcomm.ftcrobotcontroller D/Uvc: [libuvc/libuvc_internal.h:754] uvc_device_handle::stop()...
2020-02-20 15:11:46.887 6455-6548/com.qualcomm.ftcrobotcontroller D/Uvc: [libuvc/libuvc_internal.h:754] ...uvc_device_handle::stop()
2020-02-20 15:11:46.887 6455-6548/com.qualcomm.ftcrobotcontroller D/Uvc: [libuvc/libuvc_internal.h:870] uvc_device_handle::close()...
2020-02-20 15:11:46.887 6455-6548/com.qualcomm.ftcrobotcontroller E/libusb: [826.791487] [00001994] libusb: error [do_close] Device handle closed while transfer was still being processed, but the device is still connected as far as we know
2020-02-20 15:11:46.887 6455-6548/com.qualcomm.ftcrobotcontroller E/libusb: [826.791617] [00001994] libusb: error [do_close] A cancellation hasn't even been scheduled on the transfer for which the device is closing
2020-02-20 15:11:46.887 6455-6548/com.qualcomm.ftcrobotcontroller D/Uvc: [libuvc/libuvc_internal.h:870] ...uvc_device_handle::close()
2020-02-20 15:11:46.887 6455-6548/com.qualcomm.ftcrobotcontroller D/Uvc: [libuvc/libuvc_internal.h:845] ...uvc_device_handle::deconstruct()
2020-02-20 15:11:46.887 6455-6548/com.qualcomm.ftcrobotcontroller D/Uvc: [device.cpp:433] uvc_free_device_info()...
2020-02-20 15:11:46.887 6455-6548/com.qualcomm.ftcrobotcontroller D/Uvc: [device.cpp:433] ...uvc_free_device_info()
2020-02-20 15:11:46.887 6455-6548/com.qualcomm.ftcrobotcontroller D/Uvc: [libuvc/libuvc_internal.h:877] ...uvc_device_handle::~uvc_device_handle()
2020-02-20 15:11:46.887 6455-6548/com.qualcomm.ftcrobotcontroller V/Uvc: API: Java_org_firstinspires_ftc_robotcore_internal_camera_libuvc_nativeobject_UvcDeviceHandle_nativeReleaseRefDeviceHandle: ...exit
2020-02-20 15:11:46.887 6455-6548/com.qualcomm.ftcrobotcontroller D/Uvc: [jni_devicehandle.cpp:87] ...Java_org_firstinspires_ftc_robotcore_internal_camera_libuvc_nativeobject_UvcDeviceHandle_nativeReleaseRefDeviceHandle()
2020-02-20 15:11:46.888 6455-6548/com.qualcomm.ftcrobotcontroller V/UvcDevice: destroy(pointer=0xcb2075b0|/dev/bus/usb/001/002)
2020-02-20 15:11:46.888 6455-6548/com.qualcomm.ftcrobotcontroller D/UsbDeviceConnectionJNI: close
2020-02-20 15:11:46.889 6455-6548/com.qualcomm.ftcrobotcontroller D/Uvc: [jni_device.cpp:126] Java_org_firstinspires_ftc_robotcore_internal_camera_libuvc_nativeobject_UvcDevice_nativeReleaseRefDevice()...
2020-02-20 15:11:46.889 6455-6548/com.qualcomm.ftcrobotcontroller V/Uvc: API: Java_org_firstinspires_ftc_robotcore_internal_camera_libuvc_nativeobject_UvcDevice_nativeReleaseRefDevice: enter...
2020-02-20 15:11:46.889 6455-6548/com.qualcomm.ftcrobotcontroller D/Uvc: [device.cpp:882] uvc_unref_device()...
2020-02-20 15:11:46.889 6455-6548/com.qualcomm.ftcrobotcontroller D/Uvc: [device.cpp:882] ...uvc_unref_device()
