2020-02-20 15:14:50.877 6455-6884/com.qualcomm.ftcrobotcontroller D/CameraCalibrationManager: CameraCalibration(VendorProductCalibrationIdentity(vid=0x046d,pid=0x081b) 864x480)=null
2020-02-20 15:14:50.878 6455-6884/com.qualcomm.ftcrobotcontroller D/CameraCalibrationManager: CameraCalibration(VendorProductCalibrationIdentity(vid=0x046d,pid=0x081b) 1280x720 f=1430.614,1430.614)
2020-02-20 15:14:50.879 6455-6884/com.qualcomm.ftcrobotcontroller D/CameraCalibrationManager: CameraCalibration(VendorProductCalibrationIdentity(vid=0x046d,pid=0x081b) 320x240 f=410.996,410.996)
2020-02-20 15:14:50.880 6455-6884/com.qualcomm.ftcrobotcontroller D/CameraCalibrationManager: CameraCalibration(VendorProductCalibrationIdentity(vid=0x046d,pid=0x081b) 160x120 f=205.498,205.498)
2020-02-20 15:14:50.881 6455-6884/com.qualcomm.ftcrobotcontroller D/CameraCalibrationManager: CameraCalibration(VendorProductCalibrationIdentity(vid=0x046d,pid=0x081b) 800x600 f=1027.491,1027.491)
2020-02-20 15:14:50.882 6455-6884/com.qualcomm.ftcrobotcontroller D/CameraCalibrationManager: CameraCalibration(VendorProductCalibrationIdentity(vid=0x046d,pid=0x081b) 1024x576 f=1144.491,1144.491)
2020-02-20 15:14:50.882 6455-6884/com.qualcomm.ftcrobotcontroller D/CameraCalibrationManager: CameraCalibration(VendorProductCalibrationIdentity(vid=0x046d,pid=0x081b) 176x144)=null
2020-02-20 15:14:50.883 6455-6884/com.qualcomm.ftcrobotcontroller D/CameraCalibrationManager: CameraCalibration(VendorProductCalibrationIdentity(vid=0x046d,pid=0x081b) 752x416)=null
2020-02-20 15:14:50.884 6455-6884/com.qualcomm.ftcrobotcontroller D/CameraCalibrationManager: CameraCalibration(VendorProductCalibrationIdentity(vid=0x046d,pid=0x081b) 1280x960 f=1643.986,1643.986)
2020-02-20 15:14:50.884 6455-6884/com.qualcomm.ftcrobotcontroller D/VuforiaWebcam: ...openCamera()
2020-02-20 15:14:50.884 6455-6884/com.qualcomm.ftcrobotcontroller D/VuforiaWebcam: ...nativeCallbackOpen()
2020-02-20 15:14:50.884 6455-6884/com.qualcomm.ftcrobotcontroller D/Uvc: [NativeVuforiaWebcam.h:289] ...NativeVuforiaWebcam::open()
2020-02-20 15:14:50.885 6455-6884/com.qualcomm.ftcrobotcontroller D/CachingExposureControl: isModeSupported(Auto)...
2020-02-20 15:14:50.886 6455-6884/com.qualcomm.ftcrobotcontroller D/CachingExposureControl: ...isModeSupported(Auto): false
2020-02-20 15:14:50.886 6455-6884/com.qualcomm.ftcrobotcontroller D/CachingExposureControl: isModeSupported(AperturePriority)...
2020-02-20 15:14:50.886 6455-6884/com.qualcomm.ftcrobotcontroller D/CachingExposureControl: ...isModeSupported(AperturePriority): true
2020-02-20 15:14:50.886 6455-6884/com.qualcomm.ftcrobotcontroller D/CachingExposureControl: isModeSupported(ContinuousAuto)...
2020-02-20 15:14:50.887 6455-6884/com.qualcomm.ftcrobotcontroller D/CachingExposureControl: ...isModeSupported(ContinuousAuto): false
2020-02-20 15:14:50.887 6455-6884/com.qualcomm.ftcrobotcontroller D/CachingExposureControl: isModeSupported(Manual)...
2020-02-20 15:14:50.887 6455-6884/com.qualcomm.ftcrobotcontroller D/CachingExposureControl: ...isModeSupported(Manual): true
2020-02-20 15:14:50.887 6455-6884/com.qualcomm.ftcrobotcontroller D/CachingExposureControl: isModeSupported(ShutterPriority)...
2020-02-20 15:14:50.887 6455-6884/com.qualcomm.ftcrobotcontroller D/CachingExposureControl: ...isModeSupported(ShutterPriority): false
2020-02-20 15:14:50.888 6455-6884/com.qualcomm.ftcrobotcontroller D/Uvc: [NativeVuforiaWebcam.h:515] NativeVuforiaWebcam::supportsExposureValue()...
2020-02-20 15:14:50.888 6455-6884/com.qualcomm.ftcrobotcontroller D/Uvc: [NativeVuforiaWebcam.h:515] ...NativeVuforiaWebcam::supportsExposureValue()
2020-02-20 15:14:50.888 6455-6884/com.qualcomm.ftcrobotcontroller D/Uvc: [NativeVuforiaWebcam.h:579] NativeVuforiaWebcam::supportsFocusValue()...
2020-02-20 15:14:50.888 6455-6884/com.qualcomm.ftcrobotcontroller D/Uvc: [NativeVuforiaWebcam.h:579] ...NativeVuforiaWebcam::supportsFocusValue()
2020-02-20 15:14:50.891 6455-6884/com.qualcomm.ftcrobotcontroller I/AR: ObjectTracker: This device doesn't support model targets extended tracking, extended tracking will be turned off
2020-02-20 15:14:50.898 6455-6884/com.qualcomm.ftcrobotcontroller D/Uvc: [NativeVuforiaWebcam.h:322] NativeVuforiaWebcam::start()...
2020-02-20 15:14:50.898 6455-6884/com.qualcomm.ftcrobotcontroller D/VuforiaWebcam: nativeCallbackStart()...
2020-02-20 15:14:50.899 6455-6884/com.qualcomm.ftcrobotcontroller V/CameraCallback: construct(pointer=0xba67e258)
2020-02-20 15:14:50.899 6455-6884/com.qualcomm.ftcrobotcontroller D/VuforiaWebcam: start(CameraMode(format=YUYV:1 w=640 h=480 fps=30))...
2020-02-20 15:14:50.900 6455-6884/com.qualcomm.ftcrobotcontroller D/UsbResiliantWebcam: createCaptureSession()...
2020-02-20 15:14:50.900 6455-6884/com.qualcomm.ftcrobotcontroller V/DelCaptureSession: construct(0x09d578a4)
2020-02-20 15:14:50.901 6455-6621/com.qualcomm.ftcrobotcontroller D/VuforiaWebcam: capture session DelegatingCaptureSession(1) reports configured
2020-02-20 15:14:50.901 6455-6884/com.qualcomm.ftcrobotcontroller D/UsbResiliantWebcam|DelCaptureSession: onCameraChange(null->CameraImpl(UvcDeviceHandle(pointer=0xba43d650|UvcDevice(/dev/bus/usb/001/002))))...
2020-02-20 15:14:50.901 6455-6884/com.qualcomm.ftcrobotcontroller D/UsbResiliantWebcam|DelCaptureSession: ...onCameraChange(null->CameraImpl(UvcDeviceHandle(pointer=0xba43d650|UvcDevice(/dev/bus/usb/001/002))))
2020-02-20 15:14:50.903 6455-6884/com.qualcomm.ftcrobotcontroller D/CachingExposureControl: onCameraChanged(CameraImpl(UvcDeviceHandle(pointer=0xba43d650|UvcDevice(/dev/bus/usb/001/002)))->CameraImpl(UvcDeviceHandle(pointer=0xba43d650|UvcDevice(/dev/bus/usb/001/002))))...
2020-02-20 15:14:50.903 6455-6884/com.qualcomm.ftcrobotcontroller D/CachingExposureControl: ...onCameraChanged(CameraImpl(UvcDeviceHandle(pointer=0xba43d650|UvcDevice(/dev/bus/usb/001/002)))->CameraImpl(UvcDeviceHandle(pointer=0xba43d650|UvcDevice(/dev/bus/usb/001/002))))
2020-02-20 15:14:50.903 6455-6884/com.qualcomm.ftcrobotcontroller D/UsbResiliantWebcam: ...createCaptureSession()
2020-02-20 15:14:50.904 6455-6884/com.qualcomm.ftcrobotcontroller D/ContinuationSynchronizer: awaiting(camera start)...
2020-02-20 15:14:50.904 6455-6621/com.qualcomm.ftcrobotcontroller D/UsbResiliantWebcam|DelCaptureSession: startCapture()...
2020-02-20 15:14:50.904 6455-6621/com.qualcomm.ftcrobotcontroller V/DelCaptureSequence: construct(0x0d7e860d)
2020-02-20 15:14:50.905 6455-6621/com.qualcomm.ftcrobotcontroller D/UsbResiliantWebcam|DelCaptureSequence: onCameraChange(null->CameraImpl(UvcDeviceHandle(pointer=0xba43d650|UvcDevice(/dev/bus/usb/001/002))))...
2020-02-20 15:14:50.905 6455-6621/com.qualcomm.ftcrobotcontroller D/UsbResiliantWebcam|DelCaptureSequence: pauseStreaming(Stopped)...
2020-02-20 15:14:50.905 6455-6621/com.qualcomm.ftcrobotcontroller D/UsbResiliantWebcam|DelCaptureSequence: ...pauseStreaming(Stopped)
2020-02-20 15:14:50.905 6455-6621/com.qualcomm.ftcrobotcontroller D/UsbResiliantWebcam|DelCaptureSequence: resumeStreaming(Stopped)...
2020-02-20 15:14:50.905 6455-6621/com.qualcomm.ftcrobotcontroller D/UsbResiliantWebcam|DelCaptureSequence: ...resumeStreaming(Stopped)
2020-02-20 15:14:50.906 6455-6621/com.qualcomm.ftcrobotcontroller D/UsbResiliantWebcam|DelCaptureSequence: ...onCameraChange(null->CameraImpl(UvcDeviceHandle(pointer=0xba43d650|UvcDevice(/dev/bus/usb/001/002))))
2020-02-20 15:14:50.906 6455-6621/com.qualcomm.ftcrobotcontroller D/UsbResiliantWebcam|DelCaptureSequence: startStreaming(Stopped)...
2020-02-20 15:14:50.906 6455-6621/com.qualcomm.ftcrobotcontroller D/UsbResiliantWebcam|DelCaptureSequence: doStreaming()...
2020-02-20 15:14:50.906 6455-6621/com.qualcomm.ftcrobotcontroller V/UvcApiCaptureSession: construct(0x06c539c2)
2020-02-20 15:14:50.907 6455-6910/com.qualcomm.ftcrobotcontroller D/UsbResiliantWebcam|DelCaptureSession: camera session is configured: Webcam(61C44FD0)
2020-02-20 15:14:50.907 6455-6621/com.qualcomm.ftcrobotcontroller V/UvcApiCameraCaptureSequence: construct(0x079ee3d3)
2020-02-20 15:14:50.908 6455-6621/com.qualcomm.ftcrobotcontroller D/UvcDeviceHandle: getStreamControl(640x480 30)...
2020-02-20 15:14:50.908 6455-6621/com.qualcomm.ftcrobotcontroller V/UvcStreamCtrl: construct(0x00437b10)
2020-02-20 15:14:50.908 6455-6621/com.qualcomm.ftcrobotcontroller D/Uvc: [jni_devicehandle.cpp:115] Java_org_firstinspires_ftc_robotcore_internal_camera_libuvc_nativeobject_UvcDeviceHandle_nativeGetStreamControlFormatSize()...
2020-02-20 15:14:50.908 6455-6621/com.qualcomm.ftcrobotcontroller V/Uvc: API: Java_org_firstinspires_ftc_robotcore_internal_camera_libuvc_nativeobject_UvcDeviceHandle_nativeGetStreamControlFormatSize: enter...
2020-02-20 15:14:50.908 6455-6621/com.qualcomm.ftcrobotcontroller D/Uvc: [stream.cpp:373] uvc_get_stream_ctrl_format_size()...
2020-02-20 15:14:50.908 6455-6621/com.qualcomm.ftcrobotcontroller D/Uvc: [libuvc/libuvc_internal.h:773] uvc_device_handle::claimInterface(idx=1)...
2020-02-20 15:14:50.909 6455-6621/com.qualcomm.ftcrobotcontroller D/UvcDevice: claimInterface(1)
2020-02-20 15:14:50.909 6455-6621/com.qualcomm.ftcrobotcontroller D/UvcDevice: claimInterface(1) succeeded
2020-02-20 15:14:50.909 6455-6621/com.qualcomm.ftcrobotcontroller D/Uvc: [libuvc/libuvc_internal.h:786] claimInterface(1) succeeded
2020-02-20 15:14:50.909 6455-6621/com.qualcomm.ftcrobotcontroller D/Uvc: [libuvc/libuvc_internal.h:773] ...uvc_device_handle::claimInterface() rc=0
2020-02-20 15:14:50.909 6455-6621/com.qualcomm.ftcrobotcontroller D/UvcStream: [stream.cpp:412] 640x480 30fps
2020-02-20 15:14:50.909 6455-6621/com.qualcomm.ftcrobotcontroller D/Uvc: [stream.cpp:162] uvc_query_stream_ctrl()...
2020-02-20 15:14:50.913 6455-6621/com.qualcomm.ftcrobotcontroller D/Uvc: [stream.cpp:162] ...uvc_query_stream_ctrl() rc=0
2020-02-20 15:14:50.913 6455-6621/com.qualcomm.ftcrobotcontroller D/Uvc: [libuvc/libuvc_internal.h:796] uvc_device_handle::releaseInterface()...
2020-02-20 15:14:50.914 6455-6621/com.qualcomm.ftcrobotcontroller D/UvcDevice: releaseInterface(1)
2020-02-20 15:14:50.914 6455-6621/com.qualcomm.ftcrobotcontroller D/UvcDevice: releaseInterface(1) succeeded
2020-02-20 15:14:50.914 6455-6621/com.qualcomm.ftcrobotcontroller D/Uvc: [libuvc/libuvc_internal.h:796] ...uvc_device_handle::releaseInterface() rc=0
2020-02-20 15:14:50.915 6455-6621/com.qualcomm.ftcrobotcontroller D/Uvc: [stream.cpp:482] uvc_probe_stream_ctrl()...
2020-02-20 15:14:50.915 6455-6621/com.qualcomm.ftcrobotcontroller D/Uvc: [libuvc/libuvc_internal.h:773] uvc_device_handle::claimInterface(idx=1)...
2020-02-20 15:14:50.916 6455-6621/com.qualcomm.ftcrobotcontroller D/UvcDevice: claimInterface(1)
2020-02-20 15:14:50.916 6455-6621/com.qualcomm.ftcrobotcontroller D/UvcDevice: claimInterface(1) succeeded
2020-02-20 15:14:50.916 6455-6621/com.qualcomm.ftcrobotcontroller D/Uvc: [libuvc/libuvc_internal.h:786] claimInterface(1) succeeded
2020-02-20 15:14:50.916 6455-6621/com.qualcomm.ftcrobotcontroller D/Uvc: [libuvc/libuvc_internal.h:773] ...uvc_device_handle::claimInterface() rc=0
2020-02-20 15:14:50.916 6455-6621/com.qualcomm.ftcrobotcontroller D/Uvc: [stream.cpp:162] uvc_query_stream_ctrl()...
2020-02-20 15:14:50.923 6455-6621/com.qualcomm.ftcrobotcontroller D/Uvc: [stream.cpp:162] ...uvc_query_stream_ctrl() rc=0
2020-02-20 15:14:50.923 6455-6621/com.qualcomm.ftcrobotcontroller D/Uvc: [stream.cpp:162] uvc_query_stream_ctrl()...
2020-02-20 15:14:50.926 6455-6621/com.qualcomm.ftcrobotcontroller D/Uvc: [stream.cpp:162] ...uvc_query_stream_ctrl() rc=0
2020-02-20 15:14:50.926 6455-6621/com.qualcomm.ftcrobotcontroller D/Uvc: [stream.cpp:482] ...uvc_probe_stream_ctrl() rc=0
2020-02-20 15:14:50.926 6455-6621/com.qualcomm.ftcrobotcontroller D/Uvc: [stream.cpp:373] ...uvc_get_stream_ctrl_format_size() rc=0
2020-02-20 15:14:50.926 6455-6621/com.qualcomm.ftcrobotcontroller V/Uvc: API: Java_org_firstinspires_ftc_robotcore_internal_camera_libuvc_nativeobject_UvcDeviceHandle_nativeGetStreamControlFormatSize: ...exit
2020-02-20 15:14:50.926 6455-6621/com.qualcomm.ftcrobotcontroller D/Uvc: [jni_devicehandle.cpp:115] ...Java_org_firstinspires_ftc_robotcore_internal_camera_libuvc_nativeobject_UvcDeviceHandle_nativeGetStreamControlFormatSize()
2020-02-20 15:14:50.927 6455-6621/com.qualcomm.ftcrobotcontroller D/UvcDeviceHandle: ...getStreamControl(640x480 30)
2020-02-20 15:14:50.927 6455-6621/com.qualcomm.ftcrobotcontroller D/Uvc: [jni_streamcontrol.cpp:101] Java_org_firstinspires_ftc_robotcore_internal_camera_libuvc_nativeobject_UvcStreamCtrl_nativeOpen()...
2020-02-20 15:14:50.927 6455-6621/com.qualcomm.ftcrobotcontroller V/Uvc: API: Java_org_firstinspires_ftc_robotcore_internal_camera_libuvc_nativeobject_UvcStreamCtrl_nativeOpen: enter...
2020-02-20 15:14:50.927 6455-6621/com.qualcomm.ftcrobotcontroller D/Uvc: [devicehandle.cpp:46] uvc_device_handle::openStreamControl()...
2020-02-20 15:14:50.927 6455-6621/com.qualcomm.ftcrobotcontroller D/Uvc: [streamhandle.cpp:58] uvc_stream_handle::claimInterface()...
2020-02-20 15:14:50.927 6455-6621/com.qualcomm.ftcrobotcontroller D/Uvc: [libuvc/libuvc_internal.h:773] uvc_device_handle::claimInterface(idx=1)...
2020-02-20 15:14:50.927 6455-6621/com.qualcomm.ftcrobotcontroller D/UvcDevice: claimInterface(1)
2020-02-20 15:14:50.927 6455-6621/com.qualcomm.ftcrobotcontroller D/UvcDevice: claimInterface(1) succeeded
2020-02-20 15:14:50.927 6455-6621/com.qualcomm.ftcrobotcontroller D/Uvc: [libuvc/libuvc_internal.h:786] claimInterface(1) succeeded
2020-02-20 15:14:50.927 6455-6621/com.qualcomm.ftcrobotcontroller D/Uvc: [libuvc/libuvc_internal.h:773] ...uvc_device_handle::claimInterface() rc=0
2020-02-20 15:14:50.927 6455-6621/com.qualcomm.ftcrobotcontroller D/Uvc: [streamhandle.cpp:58] ...uvc_stream_handle::claimInterface() rc=0
2020-02-20 15:14:50.927 6455-6621/com.qualcomm.ftcrobotcontroller D/Uvc: [stream.cpp:162] uvc_query_stream_ctrl()...
2020-02-20 15:14:50.936 6455-6621/com.qualcomm.ftcrobotcontroller D/Uvc: [stream.cpp:162] ...uvc_query_stream_ctrl() rc=0
2020-02-20 15:14:50.936 6455-6621/com.qualcomm.ftcrobotcontroller D/Uvc: [devicehandle.cpp:46] ...uvc_device_handle::openStreamControl() rc=0
2020-02-20 15:14:50.936 6455-6621/com.qualcomm.ftcrobotcontroller V/Uvc: API: Java_org_firstinspires_ftc_robotcore_internal_camera_libuvc_nativeobject_UvcStreamCtrl_nativeOpen: ...exit
2020-02-20 15:14:50.936 6455-6621/com.qualcomm.ftcrobotcontroller D/Uvc: [jni_streamcontrol.cpp:101] ...Java_org_firstinspires_ftc_robotcore_internal_camera_libuvc_nativeobject_UvcStreamCtrl_nativeOpen()
2020-02-20 15:14:50.937 6455-6621/com.qualcomm.ftcrobotcontroller V/UvcStreamHandle: construct(pointer=0xcd9174e0)
2020-02-20 15:14:50.937 6455-6621/com.qualcomm.ftcrobotcontroller D/Uvc: [jni_streamhandle.cpp:184] Java_org_firstinspires_ftc_robotcore_internal_camera_libuvc_nativeobject_UvcStreamHandle_nativeStopStreaming()...
2020-02-20 15:14:50.937 6455-6621/com.qualcomm.ftcrobotcontroller V/Uvc: API: Java_org_firstinspires_ftc_robotcore_internal_camera_libuvc_nativeobject_UvcStreamHandle_nativeStopStreaming: enter...
2020-02-20 15:14:50.937 6455-6621/com.qualcomm.ftcrobotcontroller D/Uvc: [stream.cpp:1465] uvc_stream_stop()...
2020-02-20 15:14:50.937 6455-6621/com.qualcomm.ftcrobotcontroller D/Uvc: [stream.cpp:1465] ...uvc_stream_stop() rc=0
2020-02-20 15:14:50.937 6455-6621/com.qualcomm.ftcrobotcontroller V/Uvc: API: Java_org_firstinspires_ftc_robotcore_internal_camera_libuvc_nativeobject_UvcStreamHandle_nativeStopStreaming: ...exit
2020-02-20 15:14:50.937 6455-6621/com.qualcomm.ftcrobotcontroller D/Uvc: [jni_streamhandle.cpp:184] ...Java_org_firstinspires_ftc_robotcore_internal_camera_libuvc_nativeobject_UvcStreamHandle_nativeStopStreaming()
2020-02-20 15:14:50.937 6455-6621/com.qualcomm.ftcrobotcontroller V/UvcFrameCallback: construct(0x0a9a7609)
2020-02-20 15:14:50.938 6455-6621/com.qualcomm.ftcrobotcontroller V/UvcFrameCallbackData: construct(pointer=0xcb22a5e8)
2020-02-20 15:14:50.938 6455-6621/com.qualcomm.ftcrobotcontroller V/Uvc: API: Java_org_firstinspires_ftc_robotcore_internal_camera_libuvc_nativeobject_UvcStreamHandle_nativeStartStreaming: enter...
2020-02-20 15:14:50.938 6455-6621/com.qualcomm.ftcrobotcontroller D/Uvc: [stream.cpp:929] uvc_stream_start_bandwidth()...
2020-02-20 15:14:50.938 6455-6621/com.qualcomm.ftcrobotcontroller D/Uvc: [stream.cpp:1124] uvc_stream_handle::startIsochronousStreaming()...
2020-02-20 15:14:50.938 6455-6621/com.qualcomm.ftcrobotcontroller D/Uvc: [libuvc/libuvc_internal.h:828] uvc_device_handle::setInterfaceAltSetting(setInterfaceAltSetting(intf=1 alt=11))...
2020-02-20 15:14:50.938 6455-6621/com.qualcomm.ftcrobotcontroller D/UvcDevice: setInterfaceAltSetting(1,11)
2020-02-20 15:14:50.945 6455-6621/com.qualcomm.ftcrobotcontroller D/UvcDevice: setInterfaceAltSetting(1,11) succeeded
2020-02-20 15:14:50.945 6455-6621/com.qualcomm.ftcrobotcontroller D/Uvc: [libuvc/libuvc_internal.h:828] ...uvc_device_handle::setInterfaceAltSetting() rc=0
2020-02-20 15:14:50.945 6455-6621/com.qualcomm.ftcrobotcontroller D/Uvc: [stream.cpp:1124] ...uvc_stream_handle::startIsochronousStreaming() rc=0
2020-02-20 15:14:50.947 6455-6621/com.qualcomm.ftcrobotcontroller D/Uvc: [stream.cpp:1152] uvc_stream_handle::startUserCallbackThread()...
2020-02-20 15:14:50.947 6455-6911/com.qualcomm.ftcrobotcontroller D/UvcStream: [stream.cpp:1216] User Callback thread started
2020-02-20 15:14:50.947 6455-6621/com.qualcomm.ftcrobotcontroller D/Uvc: [stream.cpp:1152] ...uvc_stream_handle::startUserCallbackThread() rc=0
2020-02-20 15:14:50.947 6455-6621/com.qualcomm.ftcrobotcontroller D/Uvc: [stream.cpp:1172] uvc_stream_handle::submitTransfers()...
2020-02-20 15:14:50.959 6455-6621/com.qualcomm.ftcrobotcontroller D/Uvc: [stream.cpp:1172] ...uvc_stream_handle::submitTransfers() rc=0
2020-02-20 15:14:50.959 6455-6543/com.qualcomm.ftcrobotcontroller D/UvcStream: [stream.cpp:688] this is the UVC processTransfer() stream processing thread
2020-02-20 15:14:50.959 6455-6621/com.qualcomm.ftcrobotcontroller D/Uvc: [stream.cpp:929] ...uvc_stream_start_bandwidth() rc=0
2020-02-20 15:14:50.959 6455-6621/com.qualcomm.ftcrobotcontroller D/UvcStreamHandle: [jni_streamhandle.cpp:150] successfully started streaming
2020-02-20 15:14:50.959 6455-6621/com.qualcomm.ftcrobotcontroller V/Uvc: API: Java_org_firstinspires_ftc_robotcore_internal_camera_libuvc_nativeobject_UvcStreamHandle_nativeStartStreaming: ...exit
2020-02-20 15:14:50.960 6455-6621/com.qualcomm.ftcrobotcontroller V/UvcStreamCtrl: destroy(pointer=0xcb30a000)
2020-02-20 15:14:50.960 6455-6621/com.qualcomm.ftcrobotcontroller D/UsbResiliantWebcam|DelCaptureSequence: ...doStreaming()
2020-02-20 15:14:50.960 6455-6621/com.qualcomm.ftcrobotcontroller D/UsbResiliantWebcam|DelCaptureSequence: ...startStreaming(Stopped)
2020-02-20 15:14:50.961 6455-6621/com.qualcomm.ftcrobotcontroller D/UsbResiliantWebcam|DelCaptureSession: ...startCapture()
2020-02-20 15:14:50.961 6455-6621/com.qualcomm.ftcrobotcontroller D/ContinuationSynchronizer: finish("onConfigured": DelegatingCaptureSession(1))...
2020-02-20 15:14:50.962 6455-6884/com.qualcomm.ftcrobotcontroller D/ContinuationSynchronizer: ...awaiting(camera start)
2020-02-20 15:14:50.962 6455-6884/com.qualcomm.ftcrobotcontroller D/VuforiaWebcam: ...start(CameraMode(format=YUYV:1 w=640 h=480 fps=30))
2020-02-20 15:14:50.962 6455-6884/com.qualcomm.ftcrobotcontroller D/VuforiaWebcam: ...nativeCallbackStart()
2020-02-20 15:14:50.962 6455-6884/com.qualcomm.ftcrobotcontroller D/Uvc: [NativeVuforiaWebcam.h:322] ...NativeVuforiaWebcam::start()
2020-02-20 15:14:50.963 6455-6621/com.qualcomm.ftcrobotcontroller D/ContinuationSynchronizer: ...finish("onConfigured": DelegatingCaptureSession(1))
2020-02-20 15:14:50.965 6455-6884/com.qualcomm.ftcrobotcontroller D/Uvc: [NativeVuforiaWebcam.h:568] NativeVuforiaWebcam::setFocusMode()...
2020-02-20 15:14:50.965 6455-6884/com.qualcomm.ftcrobotcontroller D/Uvc: [NativeVuforiaWebcam.h:568] ...NativeVuforiaWebcam::setFocusMode()
2020-02-20 15:14:50.971 6455-6884/com.qualcomm.ftcrobotcontroller I/AR: ObjectTracker: Successfully created dataset
2020-02-20 15:14:50.971 6455-6884/com.qualcomm.ftcrobotcontroller D/Vuforia: loading data set 'Skystone'...
2020-02-20 15:14:50.993 6455-6535/com.qualcomm.ftcrobotcontroller V/Robocol: sending CMD_STREAM_CHANGE(15228), attempt: 0
2020-02-20 15:14:51.452 6455-6911/com.qualcomm.ftcrobotcontroller D/CameraCalibrationManager: CameraCalibration(VendorProductCalibrationIdentity(vid=0x046d,pid=0x081b) 640x480 f=821.993,821.993)
2020-02-20 15:14:51.453 6455-6911/com.qualcomm.ftcrobotcontroller D/CameraCalibrationManager: getCameraCalibration(): CameraCalibration(VendorProductCalibrationIdentity(vid=0x046d,pid=0x081b) 640x480 f=821.993,821.993)
2020-02-20 15:14:52.597 6455-6884/com.qualcomm.ftcrobotcontroller D/Vuforia: ... done loading data set 'Skystone'
2020-02-20 15:14:52.605 6455-6884/com.qualcomm.ftcrobotcontroller D/TeamCode@Command: Missing JSON key: phone d x
2020-02-20 15:14:52.606 6455-6884/com.qualcomm.ftcrobotcontroller D/TeamCode@Command: Missing JSON key: phone d y
2020-02-20 15:14:52.606 6455-6884/com.qualcomm.ftcrobotcontroller D/TeamCode@Command: Missing JSON key: phone d r
2020-02-20 15:14:52.606 6455-6884/com.qualcomm.ftcrobotcontroller D/TeamCode@Command: Missing JSON key: phone r r
2020-02-20 15:14:52.608 6455-6884/com.qualcomm.ftcrobotcontroller D/TeamCode@Command: Missing JSON key: min area
2020-02-20 15:14:52.610 6455-6884/com.qualcomm.ftcrobotcontroller D/TeamCode@AutoRunner: Ready to run
2020-02-20 15:14:52.612 6455-6916/com.qualcomm.ftcrobotcontroller D/TeamCode@Command: Missing JSON key: list size
2020-02-20 15:14:55.221 6455-6530/com.qualcomm.ftcrobotcontroller V/Robocol: received command: CMD_RUN_OP_MODE(28764) RedStoneSideAutoOp
2020-02-20 15:14:55.236 6455-6884/com.qualcomm.ftcrobotcontroller D/TeamCode@AutoRunner: Command: MOVE
2020-02-20 15:14:55.237 6455-6884/com.qualcomm.ftcrobotcontroller D/TeamCode@Command: Missing JSON key: deploy arm
2020-02-20 15:14:55.237 6455-6884/com.qualcomm.ftcrobotcontroller D/TeamCode@Command: Missing JSON key: use vuforia
2020-02-20 15:14:55.241 6455-6884/com.qualcomm.ftcrobotcontroller D/TeamCode@Command: Missing JSON key: ramp up
2020-02-20 15:14:55.241 6455-6884/com.qualcomm.ftcrobotcontroller D/TeamCode@Command: Missing JSON key: ramp down
2020-02-20 15:14:55.242 6455-6884/com.qualcomm.ftcrobotcontroller D/TeamCode@Command: Missing JSON key: use target angle
2020-02-20 15:14:55.242 6455-6884/com.qualcomm.ftcrobotcontroller D/TeamCode@Command: Missing JSON key: base power
2020-02-20 15:14:55.242 6455-6884/com.qualcomm.ftcrobotcontroller D/TeamCode@Command: Missing JSON key: inches stone l
2020-02-20 15:14:55.242 6455-6884/com.qualcomm.ftcrobotcontroller D/TeamCode@MoveWithOneOdometry: START
2020-02-20 15:14:55.243 6455-6884/com.qualcomm.ftcrobotcontroller D/TeamCode@TargetDistance: 9.0
2020-02-20 15:14:55.243 6455-6884/com.qualcomm.ftcrobotcontroller D/TeamCode@DrivePowerX: 0.0
2020-02-20 15:14:55.243 6455-6884/com.qualcomm.ftcrobotcontroller D/TeamCode@DrivePowerY: 1.0
2020-02-20 15:14:55.272 6455-6535/com.qualcomm.ftcrobotcontroller V/Robocol: sending CMD_NOTIFY_RUN_OP_MODE(15284), attempt: 0
2020-02-20 15:14:55.277 6455-6884/com.qualcomm.ftcrobotcontroller D/TeamCode@DriveX: 0.0
2020-02-20 15:14:55.277 6455-6884/com.qualcomm.ftcrobotcontroller D/TeamCode@DriveY: 1.0
2020-02-20 15:14:55.277 6455-6884/com.qualcomm.ftcrobotcontroller D/TeamCode@DriveR: 0.009755177823936426
2020-02-20 15:14:55.277 6455-6884/com.qualcomm.ftcrobotcontroller D/TeamCode@Ramp: 1.0
2020-02-20 15:14:55.277 6455-6884/com.qualcomm.ftcrobotcontroller D/TeamCode@Heading: -0.03125
2020-02-20 15:14:55.277 6455-6884/com.qualcomm.ftcrobotcontroller D/TeamCode@TravelledInches: 0.0
2020-02-20 15:14:55.284 6455-6916/com.qualcomm.ftcrobotcontroller D/TeamCode@OpenCV: Wrote image /storage/emulated/0/Pictures/02-20-2020_18:14:55.245_DISPLAY.png
2020-02-20 15:14:55.284 6455-6916/com.qualcomm.ftcrobotcontroller D/TeamCode@Action: Completed
2020-02-20 15:14:55.300 6455-6884/com.qualcomm.ftcrobotcontroller D/TeamCode@DriveX: 0.0
2020-02-20 15:14:55.300 6455-6884/com.qualcomm.ftcrobotcontroller D/TeamCode@DriveY: 1.0
2020-02-20 15:14:55.300 6455-6884/com.qualcomm.ftcrobotcontroller D/TeamCode@DriveR: 0.001963495408493621
2020-02-20 15:14:55.300 6455-6884/com.qualcomm.ftcrobotcontroller D/TeamCode@Ramp: 1.0
2020-02-20 15:14:55.300 6455-6884/com.qualcomm.ftcrobotcontroller D/TeamCode@Heading: -0.03125
2020-02-20 15:14:55.301 6455-6884/com.qualcomm.ftcrobotcontroller D/TeamCode@TravelledInches: 0.05714285714285714
2020-02-20 15:14:55.315 6455-6884/com.qualcomm.ftcrobotcontroller D/TeamCode@DriveX: 0.0
2020-02-20 15:14:55.315 6455-6884/com.qualcomm.ftcrobotcontroller D/TeamCode@DriveY: 1.0
2020-02-20 15:14:55.315 6455-6884/com.qualcomm.ftcrobotcontroller D/TeamCode@DriveR: 0.001963495408493621
2020-02-20 15:14:55.315 6455-6884/com.qualcomm.ftcrobotcontroller D/TeamCode@Ramp: 1.0
2020-02-20 15:14:55.315 6455-6884/com.qualcomm.ftcrobotcontroller D/TeamCode@Heading: -0.03125
2020-02-20 15:14:55.315 6455-6884/com.qualcomm.ftcrobotcontroller D/TeamCode@TravelledInches: 0.18571428571428572
2020-02-20 15:14:55.331 6455-6884/com.qualcomm.ftcrobotcontroller D/TeamCode@DriveX: 0.0
2020-02-20 15:14:55.331 6455-6884/com.qualcomm.ftcrobotcontroller D/TeamCode@DriveY: 1.0
2020-02-20 15:14:55.331 6455-6884/com.qualcomm.ftcrobotcontroller D/TeamCode@DriveR: 0.001963495408493621
2020-02-20 15:14:55.331 6455-6884/com.qualcomm.ftcrobotcontroller D/TeamCode@Ramp: 1.0
2020-02-20 15:14:55.331 6455-6884/com.qualcomm.ftcrobotcontroller D/TeamCode@Heading: -0.03125
2020-02-20 15:14:55.331 6455-6884/com.qualcomm.ftcrobotcontroller D/TeamCode@TravelledInches: 0.2904761904761905
2020-02-20 15:14:55.360 6455-6884/com.qualcomm.ftcrobotcontroller D/TeamCode@DriveX: 0.0
2020-02-20 15:14:55.360 6455-6884/com.qualcomm.ftcrobotcontroller D/TeamCode@DriveY: 1.0
2020-02-20 15:14:55.360 6455-6884/com.qualcomm.ftcrobotcontroller D/TeamCode@DriveR: -0.02603436752902342
2020-02-20 15:14:55.360 6455-6884/com.qualcomm.ftcrobotcontroller D/TeamCode@Ramp: 1.0
2020-02-20 15:14:55.360 6455-6884/com.qualcomm.ftcrobotcontroller D/TeamCode@Heading: 0.125
2020-02-20 15:14:55.361 6455-6884/com.qualcomm.ftcrobotcontroller D/TeamCode@TravelledInches: 0.49047619047619045
2020-02-20 15:14:55.383 6455-6884/com.qualcomm.ftcrobotcontroller D/TeamCode@DriveX: 0.0
2020-02-20 15:14:55.383 6455-6884/com.qualcomm.ftcrobotcontroller D/TeamCode@DriveY: 1.0
2020-02-20 15:14:55.383 6455-6884/com.qualcomm.ftcrobotcontroller D/TeamCode@DriveR: -0.03763722670390622
2020-02-20 15:14:55.383 6455-6884/com.qualcomm.ftcrobotcontroller D/TeamCode@Ramp: 1.0
2020-02-20 15:14:55.383 6455-6884/com.qualcomm.ftcrobotcontroller D/TeamCode@Heading: 0.375
2020-02-20 15:14:55.383 6455-6884/com.qualcomm.ftcrobotcontroller D/TeamCode@TravelledInches: 1.0238095238095237
2020-02-20 15:14:55.403 6455-6884/com.qualcomm.ftcrobotcontroller D/TeamCode@DriveX: 0.0
2020-02-20 15:14:55.403 6455-6884/com.qualcomm.ftcrobotcontroller D/TeamCode@DriveY: 1.0
2020-02-20 15:14:55.403 6455-6884/com.qualcomm.ftcrobotcontroller D/TeamCode@DriveR: -0.028122638295424066
2020-02-20 15:14:55.403 6455-6884/com.qualcomm.ftcrobotcontroller D/TeamCode@Ramp: 1.0
2020-02-20 15:14:55.403 6455-6884/com.qualcomm.ftcrobotcontroller D/TeamCode@Heading: 0.40625
2020-02-20 15:14:55.403 6455-6884/com.qualcomm.ftcrobotcontroller D/TeamCode@TravelledInches: 1.3761904761904762
2020-02-20 15:14:55.424 6455-6884/com.qualcomm.ftcrobotcontroller D/TeamCode@DriveX: 0.0
2020-02-20 15:14:55.425 6455-6884/com.qualcomm.ftcrobotcontroller D/TeamCode@DriveY: 1.0
2020-02-20 15:14:55.425 6455-6884/com.qualcomm.ftcrobotcontroller D/TeamCode@DriveR: -0.08025411487411174
2020-02-20 15:14:55.425 6455-6884/com.qualcomm.ftcrobotcontroller D/TeamCode@Ramp: 1.0
2020-02-20 15:14:55.425 6455-6884/com.qualcomm.ftcrobotcontroller D/TeamCode@Heading: 0.78125
2020-02-20 15:14:55.425 6455-6884/com.qualcomm.ftcrobotcontroller D/TeamCode@TravelledInches: 1.861904761904762
2020-02-20 15:14:55.443 6455-6884/com.qualcomm.ftcrobotcontroller D/TeamCode@DriveX: 0.0
2020-02-20 15:14:55.443 6455-6884/com.qualcomm.ftcrobotcontroller D/TeamCode@DriveY: 1.0
2020-02-20 15:14:55.443 6455-6884/com.qualcomm.ftcrobotcontroller D/TeamCode@DriveR: -0.0757432725839677
2020-02-20 15:14:55.443 6455-6884/com.qualcomm.ftcrobotcontroller D/TeamCode@Ramp: 1.0
2020-02-20 15:14:55.443 6455-6884/com.qualcomm.ftcrobotcontroller D/TeamCode@Heading: 0.96875
2020-02-20 15:14:55.443 6455-6884/com.qualcomm.ftcrobotcontroller D/TeamCode@TravelledInches: 2.442857142857143
2020-02-20 15:14:55.469 6455-6884/com.qualcomm.ftcrobotcontroller D/TeamCode@DriveX: 0.0
2020-02-20 15:14:55.469 6455-6884/com.qualcomm.ftcrobotcontroller D/TeamCode@DriveY: 1.0
2020-02-20 15:14:55.469 6455-6884/com.qualcomm.ftcrobotcontroller D/TeamCode@DriveR: -0.060868357663302244
2020-02-20 15:14:55.469 6455-6884/com.qualcomm.ftcrobotcontroller D/TeamCode@Ramp: 1.0
2020-02-20 15:14:55.469 6455-6884/com.qualcomm.ftcrobotcontroller D/TeamCode@Heading: 0.96875
2020-02-20 15:14:55.469 6455-6884/com.qualcomm.ftcrobotcontroller D/TeamCode@TravelledInches: 2.9857142857142858
2020-02-20 15:14:55.492 6455-6884/com.qualcomm.ftcrobotcontroller D/TeamCode@DriveX: 0.0
2020-02-20 15:14:55.493 6455-6884/com.qualcomm.ftcrobotcontroller D/TeamCode@DriveY: 1.0
2020-02-20 15:14:55.493 6455-6884/com.qualcomm.ftcrobotcontroller D/TeamCode@DriveR: -0.11890043877926047
2020-02-20 15:14:55.493 6455-6884/com.qualcomm.ftcrobotcontroller D/TeamCode@Ramp: 1.0
2020-02-20 15:14:55.493 6455-6884/com.qualcomm.ftcrobotcontroller D/TeamCode@Heading: 1.40625
2020-02-20 15:14:55.493 6455-6884/com.qualcomm.ftcrobotcontroller D/TeamCode@TravelledInches: 3.8714285714285714
2020-02-20 15:14:55.500 6455-6466/com.qualcomm.ftcrobotcontroller I/art: Background partial concurrent mark sweep GC freed 61233(1913KB) AllocSpace objects, 34(32MB) LOS objects, 37% free, 27MB/43MB, paused 2.049ms total 133.749ms
2020-02-20 15:14:55.511 6455-6884/com.qualcomm.ftcrobotcontroller D/TeamCode@DriveX: 0.0
2020-02-20 15:14:55.511 6455-6884/com.qualcomm.ftcrobotcontroller D/TeamCode@DriveY: 1.0
2020-02-20 15:14:55.511 6455-6884/com.qualcomm.ftcrobotcontroller D/TeamCode@DriveR: -0.15468000469622212
2020-02-20 15:14:55.511 6455-6884/com.qualcomm.ftcrobotcontroller D/TeamCode@Ramp: 1.0
2020-02-20 15:14:55.511 6455-6884/com.qualcomm.ftcrobotcontroller D/TeamCode@Heading: 1.90625
2020-02-20 15:14:55.511 6455-6884/com.qualcomm.ftcrobotcontroller D/TeamCode@TravelledInches: 4.819047619047619
2020-02-20 15:14:55.533 6455-6884/com.qualcomm.ftcrobotcontroller D/TeamCode@DriveX: 0.0
2020-02-20 15:14:55.533 6455-6884/com.qualcomm.ftcrobotcontroller D/TeamCode@DriveY: 1.0
2020-02-20 15:14:55.533 6455-6884/com.qualcomm.ftcrobotcontroller D/TeamCode@DriveR: -0.11977321991811087
2020-02-20 15:14:55.533 6455-6884/com.qualcomm.ftcrobotcontroller D/TeamCode@Ramp: 1.0
2020-02-20 15:14:55.533 6455-6884/com.qualcomm.ftcrobotcontroller D/TeamCode@Heading: 1.90625
2020-02-20 15:14:55.533 6455-6884/com.qualcomm.ftcrobotcontroller D/TeamCode@TravelledInches: 5.623809523809523
2020-02-20 15:14:55.553 6455-6884/com.qualcomm.ftcrobotcontroller D/TeamCode@DriveX: 0.0
2020-02-20 15:14:55.554 6455-6884/com.qualcomm.ftcrobotcontroller D/TeamCode@DriveY: 1.0
2020-02-20 15:14:55.554 6455-6884/com.qualcomm.ftcrobotcontroller D/TeamCode@DriveR: -0.16994084724661762
2020-02-20 15:14:55.554 6455-6884/com.qualcomm.ftcrobotcontroller D/TeamCode@Ramp: 1.0
2020-02-20 15:14:55.554 6455-6884/com.qualcomm.ftcrobotcontroller D/TeamCode@Heading: 2.25
2020-02-20 15:14:55.554 6455-6884/com.qualcomm.ftcrobotcontroller D/TeamCode@TravelledInches: 6.538095238095238
2020-02-20 15:14:55.573 6455-6884/com.qualcomm.ftcrobotcontroller D/TeamCode@DriveX: 0.0
2020-02-20 15:14:55.573 6455-6884/com.qualcomm.ftcrobotcontroller D/TeamCode@DriveY: 1.0
2020-02-20 15:14:55.574 6455-6884/com.qualcomm.ftcrobotcontroller D/TeamCode@DriveR: -0.18358684410086515
2020-02-20 15:14:55.574 6455-6884/com.qualcomm.ftcrobotcontroller D/TeamCode@Ramp: 1.0
2020-02-20 15:14:55.574 6455-6884/com.qualcomm.ftcrobotcontroller D/TeamCode@Heading: 2.53125
2020-02-20 15:14:55.575 6455-6884/com.qualcomm.ftcrobotcontroller D/TeamCode@TravelledInches: 7.4523809523809526
2020-02-20 15:14:55.595 6455-6884/com.qualcomm.ftcrobotcontroller D/TeamCode@DriveX: 0.0
2020-02-20 15:14:55.596 6455-6884/com.qualcomm.ftcrobotcontroller D/TeamCode@DriveY: 1.0
2020-02-20 15:14:55.596 6455-6884/com.qualcomm.ftcrobotcontroller D/TeamCode@DriveR: -0.17237115237567238
2020-02-20 15:14:55.596 6455-6884/com.qualcomm.ftcrobotcontroller D/TeamCode@Ramp: 1.0
2020-02-20 15:14:55.596 6455-6884/com.qualcomm.ftcrobotcontroller D/TeamCode@Heading: 2.625
2020-02-20 15:14:55.596 6455-6884/com.qualcomm.ftcrobotcontroller D/TeamCode@TravelledInches: 8.476190476190476
2020-02-20 15:14:55.614 6455-6884/com.qualcomm.ftcrobotcontroller D/TeamCode@DriveX: 0.0
2020-02-20 15:14:55.614 6455-6884/com.qualcomm.ftcrobotcontroller D/TeamCode@DriveY: 1.0
2020-02-20 15:14:55.614 6455-6884/com.qualcomm.ftcrobotcontroller D/TeamCode@DriveR: -0.16024303934798367
2020-02-20 15:14:55.614 6455-6884/com.qualcomm.ftcrobotcontroller D/TeamCode@Ramp: 1.0
2020-02-20 15:14:55.614 6455-6884/com.qualcomm.ftcrobotcontroller D/TeamCode@Heading: 2.59375
2020-02-20 15:14:55.614 6455-6884/com.qualcomm.ftcrobotcontroller D/TeamCode@TravelledInches: 9.438095238095238
2020-02-20 15:14:55.630 6455-6884/com.qualcomm.ftcrobotcontroller D/TeamCode@MoveWithOneOdometry: FINISH
2020-02-20 15:14:55.631 6455-6884/com.qualcomm.ftcrobotcontroller D/TeamCode@AutoRunner: Command: TURN
2020-02-20 15:14:55.634 6455-6884/com.qualcomm.ftcrobotcontroller D/TeamCode@Command: Missing JSON key: deploy arm
2020-02-20 15:14:55.635 6455-6884/com.qualcomm.ftcrobotcontroller D/TeamCode@Command: Missing JSON key: deploy clicks
2020-02-20 15:14:55.635 6455-6884/com.qualcomm.ftcrobotcontroller D/TeamCode@Action: START
2020-02-20 15:14:55.635 6455-6884/com.qualcomm.ftcrobotcontroller D/TeamCode@AngleToTurn: -90.0
2020-02-20 15:14:55.647 6455-6884/com.qualcomm.ftcrobotcontroller D/TeamCode@TurnPower: 0.1
2020-02-20 15:14:55.647 6455-6884/com.qualcomm.ftcrobotcontroller D/TeamCode@PIDPower: 0.0
2020-02-20 15:14:55.647 6455-6884/com.qualcomm.ftcrobotcontroller D/TeamCode@CurrentAngle: 2.4375
2020-02-20 15:14:55.666 6455-6884/com.qualcomm.ftcrobotcontroller D/TeamCode@TurnPower: -1.0
2020-02-20 15:14:55.666 6455-6884/com.qualcomm.ftcrobotcontroller D/TeamCode@PIDPower: -6.021804042264969
2020-02-20 15:14:55.666 6455-6884/com.qualcomm.ftcrobotcontroller D/TeamCode@CurrentAngle: 2.0
2020-02-20 15:14:55.677 6455-6884/com.qualcomm.ftcrobotcontroller D/TeamCode@TurnPower: -1.0
2020-02-20 15:14:55.677 6455-6884/com.qualcomm.ftcrobotcontroller D/TeamCode@PIDPower: -1.8203124865889422
2020-02-20 15:14:55.677 6455-6884/com.qualcomm.ftcrobotcontroller D/TeamCode@CurrentAngle: 1.71875
2020-02-20 15:14:55.687 6455-6884/com.qualcomm.ftcrobotcontroller D/TeamCode@TurnPower: -1.0
2020-02-20 15:14:55.687 6455-6884/com.qualcomm.ftcrobotcontroller D/TeamCode@PIDPower: -1.834375
2020-02-20 15:14:55.689 6455-6884/com.qualcomm.ftcrobotcontroller D/TeamCode@CurrentAngle: 1.71875
2020-02-20 15:14:55.700 6455-6884/com.qualcomm.ftcrobotcontroller D/TeamCode@TurnPower: -1.0
2020-02-20 15:14:55.700 6455-6884/com.qualcomm.ftcrobotcontroller D/TeamCode@PIDPower: -1.7859134953966915
2020-02-20 15:14:55.700 6455-6884/com.qualcomm.ftcrobotcontroller D/TeamCode@CurrentAngle: 1.21875
2020-02-20 15:14:55.711 6455-6884/com.qualcomm.ftcrobotcontroller D/TeamCode@TurnPower: -1.0
2020-02-20 15:14:55.711 6455-6884/com.qualcomm.ftcrobotcontroller D/TeamCode@PIDPower: -1.824375
2020-02-20 15:14:55.711 6455-6884/com.qualcomm.ftcrobotcontroller D/TeamCode@CurrentAngle: 1.21875
2020-02-20 15:14:55.721 6455-6884/com.qualcomm.ftcrobotcontroller D/TeamCode@TurnPower: -1.0
2020-02-20 15:14:55.721 6455-6884/com.qualcomm.ftcrobotcontroller D/TeamCode@PIDPower: -1.7831249672174143
2020-02-20 15:14:55.722 6455-6884/com.qualcomm.ftcrobotcontroller D/TeamCode@CurrentAngle: 0.875
2020-02-20 15:14:55.732 6455-6884/com.qualcomm.ftcrobotcontroller D/TeamCode@TurnPower: -1.0
2020-02-20 15:14:55.732 6455-6884/com.qualcomm.ftcrobotcontroller D/TeamCode@PIDPower: -1.8175000000000001
2020-02-20 15:14:55.732 6455-6884/com.qualcomm.ftcrobotcontroller D/TeamCode@CurrentAngle: 0.875
2020-02-20 15:14:55.743 6455-6884/com.qualcomm.ftcrobotcontroller D/TeamCode@TurnPower: -1.0
2020-02-20 15:14:55.743 6455-6884/com.qualcomm.ftcrobotcontroller D/TeamCode@PIDPower: -1.8175000000000001
2020-02-20 15:14:55.743 6455-6884/com.qualcomm.ftcrobotcontroller D/TeamCode@CurrentAngle: 0.875
2020-02-20 15:14:55.753 6455-6884/com.qualcomm.ftcrobotcontroller D/TeamCode@TurnPower: -1.0
2020-02-20 15:14:55.753 6455-6884/com.qualcomm.ftcrobotcontroller D/TeamCode@PIDPower: -1.7612499552964738
2020-02-20 15:14:55.753 6455-6884/com.qualcomm.ftcrobotcontroller D/TeamCode@CurrentAngle: 0.40625
2020-02-20 15:14:55.764 6455-6884/com.qualcomm.ftcrobotcontroller D/TeamCode@TurnPower: -1.0
2020-02-20 15:14:55.764 6455-6884/com.qualcomm.ftcrobotcontroller D/TeamCode@PIDPower: -1.808125
2020-02-20 15:14:55.764 6455-6884/com.qualcomm.ftcrobotcontroller D/TeamCode@CurrentAngle: 0.40625
2020-02-20 15:14:55.775 6455-6884/com.qualcomm.ftcrobotcontroller D/TeamCode@TurnPower: -1.0
2020-02-20 15:14:55.775 6455-6884/com.qualcomm.ftcrobotcontroller D/TeamCode@PIDPower: -1.808125
2020-02-20 15:14:55.775 6455-6884/com.qualcomm.ftcrobotcontroller D/TeamCode@CurrentAngle: 0.40625
2020-02-20 15:14:55.785 6455-6884/com.qualcomm.ftcrobotcontroller D/TeamCode@TurnPower: -1.0
2020-02-20 15:14:55.786 6455-6884/com.qualcomm.ftcrobotcontroller D/TeamCode@PIDPower: -1.6431248688696565
2020-02-20 15:14:55.786 6455-6884/com.qualcomm.ftcrobotcontroller D/TeamCode@CurrentAngle: -0.96875
2020-02-20 15:14:55.796 6455-6884/com.qualcomm.ftcrobotcontroller D/TeamCode@TurnPower: -1.0
2020-02-20 15:14:55.796 6455-6884/com.qualcomm.ftcrobotcontroller D/TeamCode@PIDPower: -1.7806250000000001
2020-02-20 15:14:55.796 6455-6884/com.qualcomm.ftcrobotcontroller D/TeamCode@CurrentAngle: -0.96875
2020-02-20 15:14:55.807 6455-6884/com.qualcomm.ftcrobotcontroller D/TeamCode@TurnPower: -1.0
2020-02-20 15:14:55.807 6455-6884/com.qualcomm.ftcrobotcontroller D/TeamCode@PIDPower: -1.7806250000000001
2020-02-20 15:14:55.807 6455-6884/com.qualcomm.ftcrobotcontroller D/TeamCode@CurrentAngle: -0.96875
2020-02-20 15:14:55.818 6455-6884/com.qualcomm.ftcrobotcontroller D/TeamCode@TurnPower: -1.0
2020-02-20 15:14:55.818 6455-6884/com.qualcomm.ftcrobotcontroller D/TeamCode@PIDPower: -1.4860261606484892
2020-02-20 15:14:55.818 6455-6884/com.qualcomm.ftcrobotcontroller D/TeamCode@CurrentAngle: -3.625
2020-02-20 15:14:55.829 6455-6884/com.qualcomm.ftcrobotcontroller D/TeamCode@TurnPower: -1.0
2020-02-20 15:14:55.829 6455-6884/com.qualcomm.ftcrobotcontroller D/TeamCode@PIDPower: -1.7275
2020-02-20 15:14:55.829 6455-6884/com.qualcomm.ftcrobotcontroller D/TeamCode@CurrentAngle: -3.625
2020-02-20 15:14:55.839 6455-6884/com.qualcomm.ftcrobotcontroller D/TeamCode@TurnPower: -1.0
2020-02-20 15:14:55.840 6455-6884/com.qualcomm.ftcrobotcontroller D/TeamCode@PIDPower: -1.3224996781346114
2020-02-20 15:14:55.840 6455-6884/com.qualcomm.ftcrobotcontroller D/TeamCode@CurrentAngle: -7.0
2020-02-20 15:14:55.850 6455-6884/com.qualcomm.ftcrobotcontroller D/TeamCode@TurnPower: -1.0
2020-02-20 15:14:55.851 6455-6884/com.qualcomm.ftcrobotcontroller D/TeamCode@PIDPower: -1.6600000000000001
2020-02-20 15:14:55.851 6455-6884/com.qualcomm.ftcrobotcontroller D/TeamCode@CurrentAngle: -7.0
2020-02-20 15:14:55.861 6455-6884/com.qualcomm.ftcrobotcontroller D/TeamCode@TurnPower: -1.0
2020-02-20 15:14:55.861 6455-6884/com.qualcomm.ftcrobotcontroller D/TeamCode@PIDPower: -1.2856861805886688
2020-02-20 15:14:55.861 6455-6884/com.qualcomm.ftcrobotcontroller D/TeamCode@CurrentAngle: -10.375
2020-02-20 15:14:55.872 6455-6884/com.qualcomm.ftcrobotcontroller D/TeamCode@TurnPower: -1.0
2020-02-20 15:14:55.872 6455-6884/com.qualcomm.ftcrobotcontroller D/TeamCode@PIDPower: -1.5925
2020-02-20 15:14:55.872 6455-6884/com.qualcomm.ftcrobotcontroller D/TeamCode@CurrentAngle: -10.375
2020-02-20 15:14:55.882 6455-6884/com.qualcomm.ftcrobotcontroller D/TeamCode@TurnPower: -1.0
2020-02-20 15:14:55.883 6455-6884/com.qualcomm.ftcrobotcontroller D/TeamCode@PIDPower: -1.3224997854230742
2020-02-20 15:14:55.883 6455-6884/com.qualcomm.ftcrobotcontroller D/TeamCode@CurrentAngle: -12.625
2020-02-20 15:14:55.893 6455-6884/com.qualcomm.ftcrobotcontroller D/TeamCode@TurnPower: -1.0
2020-02-20 15:14:55.893 6455-6884/com.qualcomm.ftcrobotcontroller D/TeamCode@PIDPower: -1.5475
2020-02-20 15:14:55.893 6455-6884/com.qualcomm.ftcrobotcontroller D/TeamCode@CurrentAngle: -12.625
2020-02-20 15:14:55.904 6455-6884/com.qualcomm.ftcrobotcontroller D/TeamCode@TurnPower: -1.0
2020-02-20 15:14:55.904 6455-6884/com.qualcomm.ftcrobotcontroller D/TeamCode@PIDPower: -1.5475
2020-02-20 15:14:55.904 6455-6884/com.qualcomm.ftcrobotcontroller D/TeamCode@CurrentAngle: -12.625
2020-02-20 15:14:55.915 6455-6884/com.qualcomm.ftcrobotcontroller D/TeamCode@TurnPower: -1.0
2020-02-20 15:14:55.915 6455-6884/com.qualcomm.ftcrobotcontroller D/TeamCode@PIDPower: -1.010280807703145
2020-02-20 15:14:55.915 6455-6884/com.qualcomm.ftcrobotcontroller D/TeamCode@CurrentAngle: -17.46875
2020-02-20 15:14:55.925 6455-6884/com.qualcomm.ftcrobotcontroller D/TeamCode@TurnPower: -1.0
2020-02-20 15:14:55.925 6455-6884/com.qualcomm.ftcrobotcontroller D/TeamCode@PIDPower: -1.450625
2020-02-20 15:14:55.926 6455-6884/com.qualcomm.ftcrobotcontroller D/TeamCode@CurrentAngle: -17.46875
2020-02-20 15:14:55.958 6455-6884/com.qualcomm.ftcrobotcontroller D/TeamCode@TurnPower: -0.9723351196410768
2020-02-20 15:14:55.958 6455-6884/com.qualcomm.ftcrobotcontroller D/TeamCode@PIDPower: -0.9723351196410768
2020-02-20 15:14:55.958 6455-6884/com.qualcomm.ftcrobotcontroller D/TeamCode@CurrentAngle: -21.78125
2020-02-20 15:14:55.983 6455-6884/com.qualcomm.ftcrobotcontroller D/TeamCode@TurnPower: -1.0
2020-02-20 15:14:55.983 6455-6884/com.qualcomm.ftcrobotcontroller D/TeamCode@PIDPower: -1.1380113321099328
2020-02-20 15:14:55.983 6455-6884/com.qualcomm.ftcrobotcontroller D/TeamCode@CurrentAngle: -26.28125
2020-02-20 15:14:55.994 6455-6884/com.qualcomm.ftcrobotcontroller D/TeamCode@TurnPower: -1.0
2020-02-20 15:14:55.994 6455-6884/com.qualcomm.ftcrobotcontroller D/TeamCode@PIDPower: -1.0474991345356055
2020-02-20 15:14:55.994 6455-6884/com.qualcomm.ftcrobotcontroller D/TeamCode@CurrentAngle: -30.0625
2020-02-20 15:14:56.004 6455-6884/com.qualcomm.ftcrobotcontroller D/TeamCode@TurnPower: -1.0
2020-02-20 15:14:56.004 6455-6884/com.qualcomm.ftcrobotcontroller D/TeamCode@PIDPower: -1.19875
2020-02-20 15:14:56.004 6455-6884/com.qualcomm.ftcrobotcontroller D/TeamCode@CurrentAngle: -30.0625
2020-02-20 15:14:56.020 6455-6884/com.qualcomm.ftcrobotcontroller D/TeamCode@TurnPower: -0.5402349473319173
2020-02-20 15:14:56.021 6455-6884/com.qualcomm.ftcrobotcontroller D/TeamCode@PIDPower: -0.5402349473319173
2020-02-20 15:14:56.021 6455-6884/com.qualcomm.ftcrobotcontroller D/TeamCode@CurrentAngle: -36.0
2020-02-20 15:14:56.041 6455-6884/com.qualcomm.ftcrobotcontroller D/TeamCode@TurnPower: -1.0
2020-02-20 15:14:56.041 6455-6884/com.qualcomm.ftcrobotcontroller D/TeamCode@PIDPower: -1.08
2020-02-20 15:14:56.041 6455-6884/com.qualcomm.ftcrobotcontroller D/TeamCode@CurrentAngle: -36.0
2020-02-20 15:14:56.059 6455-6884/com.qualcomm.ftcrobotcontroller D/TeamCode@TurnPower: -0.6425034272294874
2020-02-20 15:14:56.059 6455-6884/com.qualcomm.ftcrobotcontroller D/TeamCode@PIDPower: -0.6425034272294874
2020-02-20 15:14:56.059 6455-6884/com.qualcomm.ftcrobotcontroller D/TeamCode@CurrentAngle: -42.25
2020-02-20 15:14:56.075 6455-6884/com.qualcomm.ftcrobotcontroller D/TeamCode@TurnPower: -0.47381239412229736
2020-02-20 15:14:56.075 6455-6884/com.qualcomm.ftcrobotcontroller D/TeamCode@PIDPower: -0.47381239412229736
2020-02-20 15:14:56.075 6455-6884/com.qualcomm.ftcrobotcontroller D/TeamCode@CurrentAngle: -48.875
2020-02-20 15:14:56.097 6455-6884/com.qualcomm.ftcrobotcontroller D/TeamCode@TurnPower: -0.8225
2020-02-20 15:14:56.097 6455-6884/com.qualcomm.ftcrobotcontroller D/TeamCode@PIDPower: -0.8225
2020-02-20 15:14:56.097 6455-6884/com.qualcomm.ftcrobotcontroller D/TeamCode@CurrentAngle: -48.875
2020-02-20 15:14:56.122 6455-6884/com.qualcomm.ftcrobotcontroller D/TeamCode@TurnPower: -0.4138587188630544
2020-02-20 15:14:56.122 6455-6884/com.qualcomm.ftcrobotcontroller D/TeamCode@PIDPower: -0.4138587188630544
2020-02-20 15:14:56.122 6455-6884/com.qualcomm.ftcrobotcontroller D/TeamCode@CurrentAngle: -55.3125
2020-02-20 15:14:56.140 6455-6884/com.qualcomm.ftcrobotcontroller D/TeamCode@TurnPower: -0.3712487697530924
2020-02-20 15:14:56.140 6455-6884/com.qualcomm.ftcrobotcontroller D/TeamCode@PIDPower: -0.3712487697530924
2020-02-20 15:14:56.140 6455-6884/com.qualcomm.ftcrobotcontroller D/TeamCode@CurrentAngle: -60.6875
2020-02-20 15:14:56.156 6455-6884/com.qualcomm.ftcrobotcontroller D/TeamCode@TurnPower: -0.20375196693952158
2020-02-20 15:14:56.156 6455-6884/com.qualcomm.ftcrobotcontroller D/TeamCode@PIDPower: -0.20375196693952158
2020-02-20 15:14:56.156 6455-6884/com.qualcomm.ftcrobotcontroller D/TeamCode@CurrentAngle: -65.75
2020-02-20 15:14:56.181 6455-6884/com.qualcomm.ftcrobotcontroller D/TeamCode@TurnPower: -0.485
2020-02-20 15:14:56.182 6455-6884/com.qualcomm.ftcrobotcontroller D/TeamCode@PIDPower: -0.485
2020-02-20 15:14:56.182 6455-6884/com.qualcomm.ftcrobotcontroller D/TeamCode@CurrentAngle: -65.75
2020-02-20 15:14:56.203 6455-6884/com.qualcomm.ftcrobotcontroller D/TeamCode@TurnPower: -0.1362486696167161
2020-02-20 15:14:56.203 6455-6884/com.qualcomm.ftcrobotcontroller D/TeamCode@PIDPower: -0.1362486696167161
2020-02-20 15:14:56.203 6455-6884/com.qualcomm.ftcrobotcontroller D/TeamCode@CurrentAngle: -71.5625
2020-02-20 15:14:56.222 6455-6884/com.qualcomm.ftcrobotcontroller D/TeamCode@TurnPower: -0.1
2020-02-20 15:14:56.222 6455-6884/com.qualcomm.ftcrobotcontroller D/TeamCode@PIDPower: -0.025114443240314255
2020-02-20 15:14:56.223 6455-6884/com.qualcomm.ftcrobotcontroller D/TeamCode@CurrentAngle: -76.8125
2020-02-20 15:14:56.237 6455-6884/com.qualcomm.ftcrobotcontroller D/TeamCode@TurnPower: 0.1
2020-02-20 15:14:56.238 6455-6884/com.qualcomm.ftcrobotcontroller D/TeamCode@PIDPower: 0.019966527380414573
2020-02-20 15:14:56.238 6455-6884/com.qualcomm.ftcrobotcontroller D/TeamCode@CurrentAngle: -80.71875
2020-02-20 15:14:56.261 6455-6884/com.qualcomm.ftcrobotcontroller D/TeamCode@TurnPower: -0.185625
2020-02-20 15:14:56.261 6455-6884/com.qualcomm.ftcrobotcontroller D/TeamCode@PIDPower: -0.185625
2020-02-20 15:14:56.261 6455-6884/com.qualcomm.ftcrobotcontroller D/TeamCode@CurrentAngle: -80.71875
2020-02-20 15:14:56.278 6455-6884/com.qualcomm.ftcrobotcontroller D/TeamCode@TurnPower: 0.1
2020-02-20 15:14:56.279 6455-6884/com.qualcomm.ftcrobotcontroller D/TeamCode@PIDPower: 0.038532595963470126
2020-02-20 15:14:56.279 6455-6884/com.qualcomm.ftcrobotcontroller D/TeamCode@CurrentAngle: -84.25
2020-02-20 15:14:56.293 6455-6884/com.qualcomm.ftcrobotcontroller D/TeamCode@TurnPower: 0.15416528252404038
2020-02-20 15:14:56.293 6455-6884/com.qualcomm.ftcrobotcontroller D/TeamCode@PIDPower: 0.15416528252404038
2020-02-20 15:14:56.294 6455-6884/com.qualcomm.ftcrobotcontroller D/TeamCode@CurrentAngle: -87.8125
2020-02-20 15:14:56.319 6455-6884/com.qualcomm.ftcrobotcontroller D/TeamCode@TurnPower: -0.1
2020-02-20 15:14:56.319 6455-6884/com.qualcomm.ftcrobotcontroller D/TeamCode@PIDPower: -0.043750000000000004
2020-02-20 15:14:56.319 6455-6884/com.qualcomm.ftcrobotcontroller D/TeamCode@CurrentAngle: -87.8125
2020-02-20 15:14:56.337 6455-6884/com.qualcomm.ftcrobotcontroller D/TeamCode@TurnPower: 0.10062463283678881
2020-02-20 15:14:56.337 6455-6884/com.qualcomm.ftcrobotcontroller D/TeamCode@PIDPower: 0.10062463283678881
2020-02-20 15:14:56.337 6455-6884/com.qualcomm.ftcrobotcontroller D/TeamCode@CurrentAngle: -90.21875
2020-02-20 15:14:56.354 6455-6884/com.qualcomm.ftcrobotcontroller D/TeamCode@Action: FINISH
2020-02-20 15:14:56.354 6455-6884/com.qualcomm.ftcrobotcontroller D/TeamCode@AutoRunner: Command: MOVE
2020-02-20 15:14:56.355 6455-6884/com.qualcomm.ftcrobotcontroller D/TeamCode@Command: Missing JSON key: use odometry
2020-02-20 15:14:56.356 6455-6884/com.qualcomm.ftcrobotcontroller D/TeamCode@Command: Missing JSON key: move angle
2020-02-20 15:14:56.356 6455-6884/com.qualcomm.ftcrobotcontroller D/TeamCode@Command: Missing JSON key: clicks
2020-02-20 15:14:56.356 6455-6884/com.qualcomm.ftcrobotcontroller D/TeamCode@Command: Missing JSON key: ramp up
2020-02-20 15:14:56.356 6455-6884/com.qualcomm.ftcrobotcontroller D/TeamCode@Command: Missing JSON key: ramp down
2020-02-20 15:14:56.356 6455-6884/com.qualcomm.ftcrobotcontroller D/TeamCode@Command: Missing JSON key: use target angle
2020-02-20 15:14:56.356 6455-6884/com.qualcomm.ftcrobotcontroller D/TeamCode@Command: Missing JSON key: move clicks error
2020-02-20 15:14:56.357 6455-6884/com.qualcomm.ftcrobotcontroller D/TeamCode@Command: Missing JSON key: clicks stone l
2020-02-20 15:14:56.357 6455-6884/com.qualcomm.ftcrobotcontroller D/TeamCode@Command: Missing JSON key: move angle
2020-02-20 15:14:56.357 6455-6884/com.qualcomm.ftcrobotcontroller D/TeamCode@Command: Missing JSON key: clicks
2020-02-20 15:14:56.357 6455-6884/com.qualcomm.ftcrobotcontroller D/TeamCode@Command: Missing JSON key: ramp up
2020-02-20 15:14:56.357 6455-6884/com.qualcomm.ftcrobotcontroller D/TeamCode@Command: Missing JSON key: ramp down
2020-02-20 15:14:56.358 6455-6884/com.qualcomm.ftcrobotcontroller D/TeamCode@Command: Missing JSON key: use target angle
2020-02-20 15:14:56.358 6455-6884/com.qualcomm.ftcrobotcontroller D/TeamCode@Command: Missing JSON key: move clicks error
